<!doctype html public "-//w3c//dtd html 4.0 transitional//en">
<html><head>
<title>Static Call Graph - [.\Objects\AT_H7M7_JTC_1.axf]</title></head>
<body><HR>
<H1>Static Call Graph for image .\Objects\AT_H7M7_JTC_1.axf</H1><HR>
<BR><P>#&#060CALLGRAPH&#062# ARM Linker, 6180002: Last Updated: Sat Oct  8 21:05:59 2022
<BR><P>
<H3>Maximum Stack Usage =       7160 bytes + Unknown(Functions without stacksize, Cycles, Untraceable Function Pointers)</H3><H3>
Call chain for Maximum Stack Depth:</H3>
__rt_entry_main &rArr; main &rArr; TG_TrajGen &rArr; Kin_IKCalcFromQuat &rArr; Kin_IKRaw &rArr; __hardfp_sin &rArr; __ieee754_rem_pio2 &rArr; fabs
<P>
<H3>
Functions with no stack information
</H3><UL>
 <LI><a href="#[d6]">__user_initial_stackheap</a>
</UL>
</UL>
<P>
<H3>
Mutually Recursive functions
</H3> <LI><a href="#[1]">NMI_Handler</a>&nbsp;&nbsp;&nbsp;&rArr;&nbsp;&nbsp;&nbsp;<a href="#[1]">NMI_Handler</a><BR>
 <LI><a href="#[2]">HardFault_Handler</a>&nbsp;&nbsp;&nbsp;&rArr;&nbsp;&nbsp;&nbsp;<a href="#[2]">HardFault_Handler</a><BR>
 <LI><a href="#[3]">MemManage_Handler</a>&nbsp;&nbsp;&nbsp;&rArr;&nbsp;&nbsp;&nbsp;<a href="#[3]">MemManage_Handler</a><BR>
 <LI><a href="#[4]">BusFault_Handler</a>&nbsp;&nbsp;&nbsp;&rArr;&nbsp;&nbsp;&nbsp;<a href="#[4]">BusFault_Handler</a><BR>
 <LI><a href="#[5]">UsageFault_Handler</a>&nbsp;&nbsp;&nbsp;&rArr;&nbsp;&nbsp;&nbsp;<a href="#[5]">UsageFault_Handler</a><BR>
 <LI><a href="#[6]">SVC_Handler</a>&nbsp;&nbsp;&nbsp;&rArr;&nbsp;&nbsp;&nbsp;<a href="#[6]">SVC_Handler</a><BR>
 <LI><a href="#[7]">DebugMon_Handler</a>&nbsp;&nbsp;&nbsp;&rArr;&nbsp;&nbsp;&nbsp;<a href="#[7]">DebugMon_Handler</a><BR>
 <LI><a href="#[8]">PendSV_Handler</a>&nbsp;&nbsp;&nbsp;&rArr;&nbsp;&nbsp;&nbsp;<a href="#[8]">PendSV_Handler</a><BR>
 <LI><a href="#[84]">ADC3_IRQHandler</a>&nbsp;&nbsp;&nbsp;&rArr;&nbsp;&nbsp;&nbsp;<a href="#[84]">ADC3_IRQHandler</a><BR>
</UL>
<P>
<H3>
Function Pointers
</H3><UL>
 <LI><a href="#[84]">ADC3_IRQHandler</a> from startup_stm32h745xx.o(.text) referenced from startup_stm32h745xx.o(RESET)
 <LI><a href="#[1c]">ADC_IRQHandler</a> from startup_stm32h745xx.o(.text) referenced from startup_stm32h745xx.o(RESET)
 <LI><a href="#[86]">BDMA_Channel0_IRQHandler</a> from startup_stm32h745xx.o(.text) referenced from startup_stm32h745xx.o(RESET)
 <LI><a href="#[87]">BDMA_Channel1_IRQHandler</a> from startup_stm32h745xx.o(.text) referenced from startup_stm32h745xx.o(RESET)
 <LI><a href="#[88]">BDMA_Channel2_IRQHandler</a> from startup_stm32h745xx.o(.text) referenced from startup_stm32h745xx.o(RESET)
 <LI><a href="#[89]">BDMA_Channel3_IRQHandler</a> from startup_stm32h745xx.o(.text) referenced from startup_stm32h745xx.o(RESET)
 <LI><a href="#[8a]">BDMA_Channel4_IRQHandler</a> from startup_stm32h745xx.o(.text) referenced from startup_stm32h745xx.o(RESET)
 <LI><a href="#[8b]">BDMA_Channel5_IRQHandler</a> from startup_stm32h745xx.o(.text) referenced from startup_stm32h745xx.o(RESET)
 <LI><a href="#[8c]">BDMA_Channel6_IRQHandler</a> from startup_stm32h745xx.o(.text) referenced from startup_stm32h745xx.o(RESET)
 <LI><a href="#[8d]">BDMA_Channel7_IRQHandler</a> from startup_stm32h745xx.o(.text) referenced from startup_stm32h745xx.o(RESET)
 <LI><a href="#[4]">BusFault_Handler</a> from startup_stm32h745xx.o(.text) referenced from startup_stm32h745xx.o(RESET)
 <LI><a href="#[64]">CEC_IRQHandler</a> from startup_stm32h745xx.o(.text) referenced from startup_stm32h745xx.o(RESET)
 <LI><a href="#[4a]">CM4_SEV_IRQHandler</a> from startup_stm32h745xx.o(.text) referenced from startup_stm32h745xx.o(RESET)
 <LI><a href="#[49]">CM7_SEV_IRQHandler</a> from startup_stm32h745xx.o(.text) referenced from startup_stm32h745xx.o(RESET)
 <LI><a href="#[8e]">COMP1_IRQHandler</a> from startup_stm32h745xx.o(.text) referenced from startup_stm32h745xx.o(RESET)
 <LI><a href="#[95]">CRS_IRQHandler</a> from startup_stm32h745xx.o(.text) referenced from startup_stm32h745xx.o(RESET)
 <LI><a href="#[a2]">Can_SendFrameChangeFsm</a> from can.o(.text.Can_SendFrameChangeFsm) referenced 2 times from can.o(.text.Can_Conf)
 <LI><a href="#[a6]">Can_SendFrameChangeMode</a> from can.o(.text.Can_SendFrameChangeMode) referenced 2 times from can.o(.text.Can_Conf)
 <LI><a href="#[9e]">Can_SendFrameMove</a> from can.o(.text.Can_SendFrameMove) referenced 2 times from can.o(.text.Can_Conf)
 <LI><a href="#[9f]">Can_SendFrameReadFriction</a> from can.o(.text.Can_SendFrameReadFriction) referenced 2 times from can.o(.text.Can_Conf)
 <LI><a href="#[a0]">Can_SendFrameResetAllDevices</a> from can.o(.text.Can_SendFrameResetAllDevices) referenced 2 times from can.o(.text.Can_Conf)
 <LI><a href="#[a9]">Can_SendFrameResetGripper</a> from can.o(.text.Can_SendFrameResetGripper) referenced 2 times from can.o(.text.Can_Conf)
 <LI><a href="#[a1]">Can_SendFrameResetJoint0</a> from can.o(.text.Can_SendFrameResetJoint0) referenced 2 times from can.o(.text.Can_Conf)
 <LI><a href="#[a3]">Can_SendFrameResetJoint1</a> from can.o(.text.Can_SendFrameResetJoint1) referenced 2 times from can.o(.text.Can_Conf)
 <LI><a href="#[a4]">Can_SendFrameResetJoint2</a> from can.o(.text.Can_SendFrameResetJoint2) referenced 2 times from can.o(.text.Can_Conf)
 <LI><a href="#[a5]">Can_SendFrameResetJoint3</a> from can.o(.text.Can_SendFrameResetJoint3) referenced 2 times from can.o(.text.Can_Conf)
 <LI><a href="#[a7]">Can_SendFrameResetJoint4</a> from can.o(.text.Can_SendFrameResetJoint4) referenced 2 times from can.o(.text.Can_Conf)
 <LI><a href="#[a8]">Can_SendFrameResetJoint5</a> from can.o(.text.Can_SendFrameResetJoint5) referenced 2 times from can.o(.text.Can_Conf)
 <LI><a href="#[55]">DCMI_IRQHandler</a> from startup_stm32h745xx.o(.text) referenced from startup_stm32h745xx.o(RESET)
 <LI><a href="#[74]">DFSDM1_FLT0_IRQHandler</a> from startup_stm32h745xx.o(.text) referenced from startup_stm32h745xx.o(RESET)
 <LI><a href="#[75]">DFSDM1_FLT1_IRQHandler</a> from startup_stm32h745xx.o(.text) referenced from startup_stm32h745xx.o(RESET)
 <LI><a href="#[76]">DFSDM1_FLT2_IRQHandler</a> from startup_stm32h745xx.o(.text) referenced from startup_stm32h745xx.o(RESET)
 <LI><a href="#[77]">DFSDM1_FLT3_IRQHandler</a> from startup_stm32h745xx.o(.text) referenced from startup_stm32h745xx.o(RESET)
 <LI><a href="#[15]">DMA1_Stream0_IRQHandler</a> from mb_rtu_slave.o(.text.DMA1_Stream0_IRQHandler) referenced from startup_stm32h745xx.o(RESET)
 <LI><a href="#[16]">DMA1_Stream1_IRQHandler</a> from mb_rtu_slave.o(.text.DMA1_Stream1_IRQHandler) referenced from startup_stm32h745xx.o(RESET)
 <LI><a href="#[17]">DMA1_Stream2_IRQHandler</a> from startup_stm32h745xx.o(.text) referenced from startup_stm32h745xx.o(RESET)
 <LI><a href="#[18]">DMA1_Stream3_IRQHandler</a> from debug.o(.text.DMA1_Stream3_IRQHandler) referenced from startup_stm32h745xx.o(RESET)
 <LI><a href="#[19]">DMA1_Stream4_IRQHandler</a> from startup_stm32h745xx.o(.text) referenced from startup_stm32h745xx.o(RESET)
 <LI><a href="#[1a]">DMA1_Stream5_IRQHandler</a> from startup_stm32h745xx.o(.text) referenced from startup_stm32h745xx.o(RESET)
 <LI><a href="#[1b]">DMA1_Stream6_IRQHandler</a> from startup_stm32h745xx.o(.text) referenced from startup_stm32h745xx.o(RESET)
 <LI><a href="#[38]">DMA1_Stream7_IRQHandler</a> from startup_stm32h745xx.o(.text) referenced from startup_stm32h745xx.o(RESET)
 <LI><a href="#[60]">DMA2D_IRQHandler</a> from startup_stm32h745xx.o(.text) referenced from startup_stm32h745xx.o(RESET)
 <LI><a href="#[41]">DMA2_Stream0_IRQHandler</a> from startup_stm32h745xx.o(.text) referenced from startup_stm32h745xx.o(RESET)
 <LI><a href="#[42]">DMA2_Stream1_IRQHandler</a> from startup_stm32h745xx.o(.text) referenced from startup_stm32h745xx.o(RESET)
 <LI><a href="#[43]">DMA2_Stream2_IRQHandler</a> from startup_stm32h745xx.o(.text) referenced from startup_stm32h745xx.o(RESET)
 <LI><a href="#[44]">DMA2_Stream3_IRQHandler</a> from startup_stm32h745xx.o(.text) referenced from startup_stm32h745xx.o(RESET)
 <LI><a href="#[45]">DMA2_Stream4_IRQHandler</a> from startup_stm32h745xx.o(.text) referenced from startup_stm32h745xx.o(RESET)
 <LI><a href="#[4b]">DMA2_Stream5_IRQHandler</a> from startup_stm32h745xx.o(.text) referenced from startup_stm32h745xx.o(RESET)
 <LI><a href="#[4c]">DMA2_Stream6_IRQHandler</a> from startup_stm32h745xx.o(.text) referenced from startup_stm32h745xx.o(RESET)
 <LI><a href="#[4d]">DMA2_Stream7_IRQHandler</a> from startup_stm32h745xx.o(.text) referenced from startup_stm32h745xx.o(RESET)
 <LI><a href="#[6c]">DMAMUX1_OVR_IRQHandler</a> from startup_stm32h745xx.o(.text) referenced from startup_stm32h745xx.o(RESET)
 <LI><a href="#[85]">DMAMUX2_OVR_IRQHandler</a> from startup_stm32h745xx.o(.text) referenced from startup_stm32h745xx.o(RESET)
 <LI><a href="#[7]">DebugMon_Handler</a> from startup_stm32h745xx.o(.text) referenced from startup_stm32h745xx.o(RESET)
 <LI><a href="#[96]">ECC_IRQHandler</a> from startup_stm32h745xx.o(.text) referenced from startup_stm32h745xx.o(RESET)
 <LI><a href="#[46]">ETH_IRQHandler</a> from startup_stm32h745xx.o(.text) referenced from startup_stm32h745xx.o(RESET)
 <LI><a href="#[47]">ETH_WKUP_IRQHandler</a> from startup_stm32h745xx.o(.text) referenced from startup_stm32h745xx.o(RESET)
 <LI><a href="#[10]">EXTI0_IRQHandler</a> from startup_stm32h745xx.o(.text) referenced from startup_stm32h745xx.o(RESET)
 <LI><a href="#[32]">EXTI15_10_IRQHandler</a> from startup_stm32h745xx.o(.text) referenced from startup_stm32h745xx.o(RESET)
 <LI><a href="#[11]">EXTI1_IRQHandler</a> from startup_stm32h745xx.o(.text) referenced from startup_stm32h745xx.o(RESET)
 <LI><a href="#[12]">EXTI2_IRQHandler</a> from startup_stm32h745xx.o(.text) referenced from startup_stm32h745xx.o(RESET)
 <LI><a href="#[13]">EXTI3_IRQHandler</a> from startup_stm32h745xx.o(.text) referenced from startup_stm32h745xx.o(RESET)
 <LI><a href="#[14]">EXTI4_IRQHandler</a> from startup_stm32h745xx.o(.text) referenced from startup_stm32h745xx.o(RESET)
 <LI><a href="#[21]">EXTI9_5_IRQHandler</a> from startup_stm32h745xx.o(.text) referenced from startup_stm32h745xx.o(RESET)
 <LI><a href="#[1d]">FDCAN1_IT0_IRQHandler</a> from can.o(.text.FDCAN1_IT0_IRQHandler) referenced from startup_stm32h745xx.o(RESET)
 <LI><a href="#[1f]">FDCAN1_IT1_IRQHandler</a> from can.o(.text.FDCAN1_IT1_IRQHandler) referenced from startup_stm32h745xx.o(RESET)
 <LI><a href="#[1e]">FDCAN2_IT0_IRQHandler</a> from startup_stm32h745xx.o(.text) referenced from startup_stm32h745xx.o(RESET)
 <LI><a href="#[20]">FDCAN2_IT1_IRQHandler</a> from startup_stm32h745xx.o(.text) referenced from startup_stm32h745xx.o(RESET)
 <LI><a href="#[48]">FDCAN_CAL_IRQHandler</a> from startup_stm32h745xx.o(.text) referenced from startup_stm32h745xx.o(RESET)
 <LI><a href="#[e]">FLASH_IRQHandler</a> from startup_stm32h745xx.o(.text) referenced from startup_stm32h745xx.o(RESET)
 <LI><a href="#[39]">FMC_IRQHandler</a> from startup_stm32h745xx.o(.text) referenced from startup_stm32h745xx.o(RESET)
 <LI><a href="#[57]">FPU_IRQHandler</a> from startup_stm32h745xx.o(.text) referenced from startup_stm32h745xx.o(RESET)
 <LI><a href="#[98]">HOLD_CORE_IRQHandler</a> from startup_stm32h745xx.o(.text) referenced from startup_stm32h745xx.o(RESET)
 <LI><a href="#[73]">HRTIM1_FLT_IRQHandler</a> from startup_stm32h745xx.o(.text) referenced from startup_stm32h745xx.o(RESET)
 <LI><a href="#[6d]">HRTIM1_Master_IRQHandler</a> from startup_stm32h745xx.o(.text) referenced from startup_stm32h745xx.o(RESET)
 <LI><a href="#[6e]">HRTIM1_TIMA_IRQHandler</a> from startup_stm32h745xx.o(.text) referenced from startup_stm32h745xx.o(RESET)
 <LI><a href="#[6f]">HRTIM1_TIMB_IRQHandler</a> from startup_stm32h745xx.o(.text) referenced from startup_stm32h745xx.o(RESET)
 <LI><a href="#[70]">HRTIM1_TIMC_IRQHandler</a> from startup_stm32h745xx.o(.text) referenced from startup_stm32h745xx.o(RESET)
 <LI><a href="#[71]">HRTIM1_TIMD_IRQHandler</a> from startup_stm32h745xx.o(.text) referenced from startup_stm32h745xx.o(RESET)
 <LI><a href="#[72]">HRTIM1_TIME_IRQHandler</a> from startup_stm32h745xx.o(.text) referenced from startup_stm32h745xx.o(RESET)
 <LI><a href="#[82]">HSEM1_IRQHandler</a> from startup_stm32h745xx.o(.text) referenced from startup_stm32h745xx.o(RESET)
 <LI><a href="#[83]">HSEM2_IRQHandler</a> from startup_stm32h745xx.o(.text) referenced from startup_stm32h745xx.o(RESET)
 <LI><a href="#[2]">HardFault_Handler</a> from startup_stm32h745xx.o(.text) referenced from startup_stm32h745xx.o(RESET)
 <LI><a href="#[2a]">I2C1_ER_IRQHandler</a> from startup_stm32h745xx.o(.text) referenced from startup_stm32h745xx.o(RESET)
 <LI><a href="#[29]">I2C1_EV_IRQHandler</a> from startup_stm32h745xx.o(.text) referenced from startup_stm32h745xx.o(RESET)
 <LI><a href="#[2c]">I2C2_ER_IRQHandler</a> from startup_stm32h745xx.o(.text) referenced from startup_stm32h745xx.o(RESET)
 <LI><a href="#[2b]">I2C2_EV_IRQHandler</a> from startup_stm32h745xx.o(.text) referenced from startup_stm32h745xx.o(RESET)
 <LI><a href="#[50]">I2C3_ER_IRQHandler</a> from startup_stm32h745xx.o(.text) referenced from startup_stm32h745xx.o(RESET)
 <LI><a href="#[4f]">I2C3_EV_IRQHandler</a> from startup_stm32h745xx.o(.text) referenced from startup_stm32h745xx.o(RESET)
 <LI><a href="#[66]">I2C4_ER_IRQHandler</a> from startup_stm32h745xx.o(.text) referenced from startup_stm32h745xx.o(RESET)
 <LI><a href="#[65]">I2C4_EV_IRQHandler</a> from startup_stm32h745xx.o(.text) referenced from startup_stm32h745xx.o(RESET)
 <LI><a href="#[7f]">JPEG_IRQHandler</a> from startup_stm32h745xx.o(.text) referenced from startup_stm32h745xx.o(RESET)
 <LI><a href="#[63]">LPTIM1_IRQHandler</a> from startup_stm32h745xx.o(.text) referenced from startup_stm32h745xx.o(RESET)
 <LI><a href="#[8f]">LPTIM2_IRQHandler</a> from startup_stm32h745xx.o(.text) referenced from startup_stm32h745xx.o(RESET)
 <LI><a href="#[90]">LPTIM3_IRQHandler</a> from startup_stm32h745xx.o(.text) referenced from startup_stm32h745xx.o(RESET)
 <LI><a href="#[91]">LPTIM4_IRQHandler</a> from startup_stm32h745xx.o(.text) referenced from startup_stm32h745xx.o(RESET)
 <LI><a href="#[92]">LPTIM5_IRQHandler</a> from startup_stm32h745xx.o(.text) referenced from startup_stm32h745xx.o(RESET)
 <LI><a href="#[93]">LPUART1_IRQHandler</a> from startup_stm32h745xx.o(.text) referenced from startup_stm32h745xx.o(RESET)
 <LI><a href="#[5f]">LTDC_ER_IRQHandler</a> from startup_stm32h745xx.o(.text) referenced from startup_stm32h745xx.o(RESET)
 <LI><a href="#[5e]">LTDC_IRQHandler</a> from startup_stm32h745xx.o(.text) referenced from startup_stm32h745xx.o(RESET)
 <LI><a href="#[7e]">MDIOS_IRQHandler</a> from startup_stm32h745xx.o(.text) referenced from startup_stm32h745xx.o(RESET)
 <LI><a href="#[7d]">MDIOS_WKUP_IRQHandler</a> from startup_stm32h745xx.o(.text) referenced from startup_stm32h745xx.o(RESET)
 <LI><a href="#[80]">MDMA_IRQHandler</a> from startup_stm32h745xx.o(.text) referenced from startup_stm32h745xx.o(RESET)
 <LI><a href="#[3]">MemManage_Handler</a> from startup_stm32h745xx.o(.text) referenced from startup_stm32h745xx.o(RESET)
 <LI><a href="#[1]">NMI_Handler</a> from startup_stm32h745xx.o(.text) referenced from startup_stm32h745xx.o(RESET)
 <LI><a href="#[69]">OTG_FS_EP1_IN_IRQHandler</a> from startup_stm32h745xx.o(.text) referenced from startup_stm32h745xx.o(RESET)
 <LI><a href="#[68]">OTG_FS_EP1_OUT_IRQHandler</a> from startup_stm32h745xx.o(.text) referenced from startup_stm32h745xx.o(RESET)
 <LI><a href="#[6b]">OTG_FS_IRQHandler</a> from startup_stm32h745xx.o(.text) referenced from startup_stm32h745xx.o(RESET)
 <LI><a href="#[6a]">OTG_FS_WKUP_IRQHandler</a> from startup_stm32h745xx.o(.text) referenced from startup_stm32h745xx.o(RESET)
 <LI><a href="#[52]">OTG_HS_EP1_IN_IRQHandler</a> from startup_stm32h745xx.o(.text) referenced from startup_stm32h745xx.o(RESET)
 <LI><a href="#[51]">OTG_HS_EP1_OUT_IRQHandler</a> from startup_stm32h745xx.o(.text) referenced from startup_stm32h745xx.o(RESET)
 <LI><a href="#[54]">OTG_HS_IRQHandler</a> from startup_stm32h745xx.o(.text) referenced from startup_stm32h745xx.o(RESET)
 <LI><a href="#[53]">OTG_HS_WKUP_IRQHandler</a> from startup_stm32h745xx.o(.text) referenced from startup_stm32h745xx.o(RESET)
 <LI><a href="#[b]">PVD_AVD_IRQHandler</a> from startup_stm32h745xx.o(.text) referenced from startup_stm32h745xx.o(RESET)
 <LI><a href="#[8]">PendSV_Handler</a> from startup_stm32h745xx.o(.text) referenced from startup_stm32h745xx.o(RESET)
 <LI><a href="#[62]">QUADSPI_IRQHandler</a> from startup_stm32h745xx.o(.text) referenced from startup_stm32h745xx.o(RESET)
 <LI><a href="#[f]">RCC_IRQHandler</a> from startup_stm32h745xx.o(.text) referenced from startup_stm32h745xx.o(RESET)
 <LI><a href="#[56]">RNG_IRQHandler</a> from startup_stm32h745xx.o(.text) referenced from startup_stm32h745xx.o(RESET)
 <LI><a href="#[33]">RTC_Alarm_IRQHandler</a> from startup_stm32h745xx.o(.text) referenced from startup_stm32h745xx.o(RESET)
 <LI><a href="#[d]">RTC_WKUP_IRQHandler</a> from startup_stm32h745xx.o(.text) referenced from startup_stm32h745xx.o(RESET)
 <LI><a href="#[0]">Reset_Handler</a> from startup_stm32h745xx.o(.text) referenced from startup_stm32h745xx.o(RESET)
 <LI><a href="#[5d]">SAI1_IRQHandler</a> from startup_stm32h745xx.o(.text) referenced from startup_stm32h745xx.o(RESET)
 <LI><a href="#[61]">SAI2_IRQHandler</a> from startup_stm32h745xx.o(.text) referenced from startup_stm32h745xx.o(RESET)
 <LI><a href="#[78]">SAI3_IRQHandler</a> from startup_stm32h745xx.o(.text) referenced from startup_stm32h745xx.o(RESET)
 <LI><a href="#[97]">SAI4_IRQHandler</a> from startup_stm32h745xx.o(.text) referenced from startup_stm32h745xx.o(RESET)
 <LI><a href="#[3a]">SDMMC1_IRQHandler</a> from startup_stm32h745xx.o(.text) referenced from startup_stm32h745xx.o(RESET)
 <LI><a href="#[81]">SDMMC2_IRQHandler</a> from startup_stm32h745xx.o(.text) referenced from startup_stm32h745xx.o(RESET)
 <LI><a href="#[67]">SPDIF_RX_IRQHandler</a> from startup_stm32h745xx.o(.text) referenced from startup_stm32h745xx.o(RESET)
 <LI><a href="#[2d]">SPI1_IRQHandler</a> from startup_stm32h745xx.o(.text) referenced from startup_stm32h745xx.o(RESET)
 <LI><a href="#[2e]">SPI2_IRQHandler</a> from startup_stm32h745xx.o(.text) referenced from startup_stm32h745xx.o(RESET)
 <LI><a href="#[3c]">SPI3_IRQHandler</a> from startup_stm32h745xx.o(.text) referenced from startup_stm32h745xx.o(RESET)
 <LI><a href="#[5a]">SPI4_IRQHandler</a> from startup_stm32h745xx.o(.text) referenced from startup_stm32h745xx.o(RESET)
 <LI><a href="#[5b]">SPI5_IRQHandler</a> from startup_stm32h745xx.o(.text) referenced from startup_stm32h745xx.o(RESET)
 <LI><a href="#[5c]">SPI6_IRQHandler</a> from startup_stm32h745xx.o(.text) referenced from startup_stm32h745xx.o(RESET)
 <LI><a href="#[6]">SVC_Handler</a> from startup_stm32h745xx.o(.text) referenced from startup_stm32h745xx.o(RESET)
 <LI><a href="#[79]">SWPMI1_IRQHandler</a> from startup_stm32h745xx.o(.text) referenced from startup_stm32h745xx.o(RESET)
 <LI><a href="#[9]">SysTick_Handler</a> from control.o(.text.SysTick_Handler) referenced from startup_stm32h745xx.o(RESET)
 <LI><a href="#[9a]">SystemInit</a> from system_stm32h7xx_dualcore_boot_cm4_cm7.o(.text.SystemInit) referenced from startup_stm32h745xx.o(.text)
 <LI><a href="#[c]">TAMP_STAMP_IRQHandler</a> from startup_stm32h745xx.o(.text) referenced from startup_stm32h745xx.o(RESET)
 <LI><a href="#[7a]">TIM15_IRQHandler</a> from startup_stm32h745xx.o(.text) referenced from startup_stm32h745xx.o(RESET)
 <LI><a href="#[7b]">TIM16_IRQHandler</a> from startup_stm32h745xx.o(.text) referenced from startup_stm32h745xx.o(RESET)
 <LI><a href="#[7c]">TIM17_IRQHandler</a> from startup_stm32h745xx.o(.text) referenced from startup_stm32h745xx.o(RESET)
 <LI><a href="#[22]">TIM1_BRK_IRQHandler</a> from startup_stm32h745xx.o(.text) referenced from startup_stm32h745xx.o(RESET)
 <LI><a href="#[25]">TIM1_CC_IRQHandler</a> from startup_stm32h745xx.o(.text) referenced from startup_stm32h745xx.o(RESET)
 <LI><a href="#[24]">TIM1_TRG_COM_IRQHandler</a> from startup_stm32h745xx.o(.text) referenced from startup_stm32h745xx.o(RESET)
 <LI><a href="#[23]">TIM1_UP_IRQHandler</a> from startup_stm32h745xx.o(.text) referenced from startup_stm32h745xx.o(RESET)
 <LI><a href="#[26]">TIM2_IRQHandler</a> from startup_stm32h745xx.o(.text) referenced from startup_stm32h745xx.o(RESET)
 <LI><a href="#[27]">TIM3_IRQHandler</a> from startup_stm32h745xx.o(.text) referenced from startup_stm32h745xx.o(RESET)
 <LI><a href="#[28]">TIM4_IRQHandler</a> from startup_stm32h745xx.o(.text) referenced from startup_stm32h745xx.o(RESET)
 <LI><a href="#[3b]">TIM5_IRQHandler</a> from mb_rtu_slave.o(.text.TIM5_IRQHandler) referenced from startup_stm32h745xx.o(RESET)
 <LI><a href="#[3f]">TIM6_DAC_IRQHandler</a> from startup_stm32h745xx.o(.text) referenced from startup_stm32h745xx.o(RESET)
 <LI><a href="#[40]">TIM7_IRQHandler</a> from control.o(.text.TIM7_IRQHandler) referenced from startup_stm32h745xx.o(RESET)
 <LI><a href="#[34]">TIM8_BRK_TIM12_IRQHandler</a> from startup_stm32h745xx.o(.text) referenced from startup_stm32h745xx.o(RESET)
 <LI><a href="#[37]">TIM8_CC_IRQHandler</a> from startup_stm32h745xx.o(.text) referenced from startup_stm32h745xx.o(RESET)
 <LI><a href="#[36]">TIM8_TRG_COM_TIM14_IRQHandler</a> from startup_stm32h745xx.o(.text) referenced from startup_stm32h745xx.o(RESET)
 <LI><a href="#[35]">TIM8_UP_TIM13_IRQHandler</a> from startup_stm32h745xx.o(.text) referenced from startup_stm32h745xx.o(RESET)
 <LI><a href="#[3d]">UART4_IRQHandler</a> from startup_stm32h745xx.o(.text) referenced from startup_stm32h745xx.o(RESET)
 <LI><a href="#[3e]">UART5_IRQHandler</a> from startup_stm32h745xx.o(.text) referenced from startup_stm32h745xx.o(RESET)
 <LI><a href="#[58]">UART7_IRQHandler</a> from startup_stm32h745xx.o(.text) referenced from startup_stm32h745xx.o(RESET)
 <LI><a href="#[59]">UART8_IRQHandler</a> from startup_stm32h745xx.o(.text) referenced from startup_stm32h745xx.o(RESET)
 <LI><a href="#[2f]">USART1_IRQHandler</a> from startup_stm32h745xx.o(.text) referenced from startup_stm32h745xx.o(RESET)
 <LI><a href="#[30]">USART2_IRQHandler</a> from mb_rtu_slave.o(.text.USART2_IRQHandler) referenced from startup_stm32h745xx.o(RESET)
 <LI><a href="#[31]">USART3_IRQHandler</a> from debug.o(.text.USART3_IRQHandler) referenced from startup_stm32h745xx.o(RESET)
 <LI><a href="#[4e]">USART6_IRQHandler</a> from startup_stm32h745xx.o(.text) referenced from startup_stm32h745xx.o(RESET)
 <LI><a href="#[5]">UsageFault_Handler</a> from startup_stm32h745xx.o(.text) referenced from startup_stm32h745xx.o(RESET)
 <LI><a href="#[99]">WAKEUP_PIN_IRQHandler</a> from startup_stm32h745xx.o(.text) referenced from startup_stm32h745xx.o(RESET)
 <LI><a href="#[a]">WWDG_IRQHandler</a> from startup_stm32h745xx.o(.text) referenced from startup_stm32h745xx.o(RESET)
 <LI><a href="#[94]">WWDG_RST_IRQHandler</a> from startup_stm32h745xx.o(.text) referenced from startup_stm32h745xx.o(RESET)
 <LI><a href="#[9b]">__main</a> from __main.o(!!!main) referenced from startup_stm32h745xx.o(.text)
 <LI><a href="#[9d]">_printf_input_char</a> from _printf_char_common.o(.text) referenced from _printf_char_common.o(.text)
 <LI><a href="#[9c]">_sputc</a> from _sputc.o(.text) referenced from noretval__2sprintf.o(.text)
</UL>
<P>
<H3>
Global Symbols
</H3>
<P><STRONG><a name="[126]"></a>Can_Conf</STRONG> (Thumb, 1180 bytes, Stack size 32 bytes, can.o(.text.Can_Conf))
<BR><BR>[Stack]<UL><LI>Max Depth = 32<LI>Call Chain = Can_Conf
</UL>
<BR>[Called By]<UL><LI><a href="#[ea]">&gt;&gt;</a>&nbsp;&nbsp;&nbsp;Control_SystemConf
</UL>

<P><STRONG><a name="[140]"></a>Can_SendDataToJoints</STRONG> (Thumb, 718 bytes, Stack size 24 bytes, can.o(.text.Can_SendDataToJoints))
<BR><BR>[Stack]<UL><LI>Max Depth = 24<LI>Call Chain = Can_SendDataToJoints
</UL>
<BR>[Called By]<UL><LI><a href="#[40]">&gt;&gt;</a>&nbsp;&nbsp;&nbsp;TIM7_IRQHandler
</UL>

<P><STRONG><a name="[e5]"></a>Control_ClearExternallErrorsViaCan</STRONG> (Thumb, 144 bytes, Stack size 0 bytes, control.o(.text.Control_ClearExternallErrorsViaCan))
<BR><BR>[Called By]<UL><LI><a href="#[de]">&gt;&gt;</a>&nbsp;&nbsp;&nbsp;MBS_Act (via Veneer)
</UL>

<P><STRONG><a name="[e4]"></a>Control_ClearInternallErrorsInJtc</STRONG> (Thumb, 166 bytes, Stack size 8 bytes, control.o(.text.Control_ClearInternallErrorsInJtc))
<BR><BR>[Stack]<UL><LI>Max Depth = 32<LI>Call Chain = Control_ClearInternallErrorsInJtc &rArr; Control_CheckErrorFlags
</UL>
<BR>[Calls]<UL><LI><a href="#[115]">&gt;&gt;</a>&nbsp;&nbsp;&nbsp;Control_CheckErrorFlags
</UL>
<BR>[Called By]<UL><LI><a href="#[de]">&gt;&gt;</a>&nbsp;&nbsp;&nbsp;MBS_Act (via Veneer)
</UL>

<P><STRONG><a name="[eb]"></a>Control_JtcJogKinCalc</STRONG> (Thumb, 88 bytes, Stack size 1368 bytes, control.o(.text.Control_JtcJogKinCalc))
<BR><BR>[Stack]<UL><LI>Max Depth = 6128 + Unknown Stack Size
<LI>Call Chain = Control_JtcJogKinCalc &rArr; Kin_IKCalcFromRotMat &rArr; Kin_IKRaw &rArr; __hardfp_sin &rArr; __ieee754_rem_pio2 &rArr; fabs
</UL>
<BR>[Calls]<UL><LI><a href="#[118]">&gt;&gt;</a>&nbsp;&nbsp;&nbsp;__aeabi_memcpy8 (via Veneer)
<LI><a href="#[117]">&gt;&gt;</a>&nbsp;&nbsp;&nbsp;Kin_IKCalcFromRotMat
</UL>
<BR>[Called By]<UL><LI><a href="#[bb]">&gt;&gt;</a>&nbsp;&nbsp;&nbsp;main (via Veneer)
</UL>

<P><STRONG><a name="[df]"></a>Control_JtcReqChangeTool</STRONG> (Thumb, 36 bytes, Stack size 0 bytes, control.o(.text.Control_JtcReqChangeTool))
<BR><BR>[Called By]<UL><LI><a href="#[de]">&gt;&gt;</a>&nbsp;&nbsp;&nbsp;MBS_Act (via Veneer)
</UL>

<P><STRONG><a name="[e6]"></a>Control_ResetDevicesViaCan</STRONG> (Thumb, 96 bytes, Stack size 16 bytes, control.o(.text.Control_ResetDevicesViaCan))
<BR><BR>[Stack]<UL><LI>Max Depth = 32 + Unknown Stack Size
<LI>Call Chain = Control_ResetDevicesViaCan &rArr; Joints_SetResetValuesVariables
</UL>
<BR>[Calls]<UL><LI><a href="#[119]">&gt;&gt;</a>&nbsp;&nbsp;&nbsp;Gripper_SetResetValuesVariables (via Veneer)
<LI><a href="#[dc]">&gt;&gt;</a>&nbsp;&nbsp;&nbsp;Joints_SetResetValuesVariables (via Veneer)
</UL>
<BR>[Called By]<UL><LI><a href="#[de]">&gt;&gt;</a>&nbsp;&nbsp;&nbsp;MBS_Act (via Veneer)
</UL>

<P><STRONG><a name="[e1]"></a>Control_SetDefualtArmModel</STRONG> (Thumb, 3096 bytes, Stack size 112 bytes, control.o(.text.Control_SetDefualtArmModel))
<BR><BR>[Stack]<UL><LI>Max Depth = 112<LI>Call Chain = Control_SetDefualtArmModel
</UL>
<BR>[Calls]<UL><LI><a href="#[11a]">&gt;&gt;</a>&nbsp;&nbsp;&nbsp;Vec6SetValues
</UL>
<BR>[Called By]<UL><LI><a href="#[de]">&gt;&gt;</a>&nbsp;&nbsp;&nbsp;MBS_Act (via Veneer)
<LI><a href="#[ea]">&gt;&gt;</a>&nbsp;&nbsp;&nbsp;Control_SystemConf
</UL>

<P><STRONG><a name="[ea]"></a>Control_SystemConf</STRONG> (Thumb, 1744 bytes, Stack size 936 bytes, control.o(.text.Control_SystemConf))
<BR><BR>[Stack]<UL><LI>Max Depth = 2392 + Unknown Stack Size
<LI>Call Chain = Control_SystemConf &rArr; RNEA_Conf &rArr; __hardfp_sin &rArr; __ieee754_rem_pio2 &rArr; fabs
</UL>
<BR>[Calls]<UL><LI><a href="#[db]">&gt;&gt;</a>&nbsp;&nbsp;&nbsp;__aeabi_memclr8 (via Veneer)
<LI><a href="#[118]">&gt;&gt;</a>&nbsp;&nbsp;&nbsp;__aeabi_memcpy8 (via Veneer)
<LI><a href="#[128]">&gt;&gt;</a>&nbsp;&nbsp;&nbsp;IO_Conf (via Veneer)
<LI><a href="#[127]">&gt;&gt;</a>&nbsp;&nbsp;&nbsp;Kin_Conf
<LI><a href="#[e2]">&gt;&gt;</a>&nbsp;&nbsp;&nbsp;RNEA_Conf
<LI><a href="#[125]">&gt;&gt;</a>&nbsp;&nbsp;&nbsp;TG_Conf
<LI><a href="#[124]">&gt;&gt;</a>&nbsp;&nbsp;&nbsp;Debug_Conf (via Veneer)
<LI><a href="#[e8]">&gt;&gt;</a>&nbsp;&nbsp;&nbsp;MBS_Conf (via Veneer)
<LI><a href="#[123]">&gt;&gt;</a>&nbsp;&nbsp;&nbsp;InvMat4
<LI><a href="#[122]">&gt;&gt;</a>&nbsp;&nbsp;&nbsp;HRX
<LI><a href="#[121]">&gt;&gt;</a>&nbsp;&nbsp;&nbsp;HRY
<LI><a href="#[120]">&gt;&gt;</a>&nbsp;&nbsp;&nbsp;HRZ
<LI><a href="#[11f]">&gt;&gt;</a>&nbsp;&nbsp;&nbsp;Mat4xMat4
<LI><a href="#[11e]">&gt;&gt;</a>&nbsp;&nbsp;&nbsp;HT
<LI><a href="#[11d]">&gt;&gt;</a>&nbsp;&nbsp;&nbsp;Mat4Ones
<LI><a href="#[11c]">&gt;&gt;</a>&nbsp;&nbsp;&nbsp;Vec6Zeros
<LI><a href="#[11b]">&gt;&gt;</a>&nbsp;&nbsp;&nbsp;Gripper_SetStartValuesVariables (via Veneer)
<LI><a href="#[e0]">&gt;&gt;</a>&nbsp;&nbsp;&nbsp;Joints_SetDefaultPidParam (via Veneer)
<LI><a href="#[e3]">&gt;&gt;</a>&nbsp;&nbsp;&nbsp;Joints_SetDefaultFriction (via Veneer)
<LI><a href="#[dd]">&gt;&gt;</a>&nbsp;&nbsp;&nbsp;Joints_SetStartValuesVariables (via Veneer)
<LI><a href="#[11a]">&gt;&gt;</a>&nbsp;&nbsp;&nbsp;Vec6SetValues
<LI><a href="#[e1]">&gt;&gt;</a>&nbsp;&nbsp;&nbsp;Control_SetDefualtArmModel
<LI><a href="#[126]">&gt;&gt;</a>&nbsp;&nbsp;&nbsp;Can_Conf
</UL>
<BR>[Called By]<UL><LI><a href="#[bb]">&gt;&gt;</a>&nbsp;&nbsp;&nbsp;main (via Veneer)
</UL>

<P><STRONG><a name="[129]"></a>Control_TrajClear</STRONG> (Thumb, 100 bytes, Stack size 8 bytes, control.o(.text.Control_TrajClear))
<BR><BR>[Stack]<UL><LI>Max Depth = 8 + Unknown Stack Size
<LI>Call Chain = Control_TrajClear
</UL>
<BR>[Calls]<UL><LI><a href="#[db]">&gt;&gt;</a>&nbsp;&nbsp;&nbsp;__aeabi_memclr8 (via Veneer)
</UL>
<BR>[Called By]<UL><LI><a href="#[ec]">&gt;&gt;</a>&nbsp;&nbsp;&nbsp;TG_TrajGen
</UL>

<P><STRONG><a name="[1d]"></a>FDCAN1_IT0_IRQHandler</STRONG> (Thumb, 2198 bytes, Stack size 40 bytes, can.o(.text.FDCAN1_IT0_IRQHandler))
<BR><BR>[Stack]<UL><LI>Max Depth = 48<LI>Call Chain = FDCAN1_IT0_IRQHandler &rArr; Joints_SetFrictionFromCan
</UL>
<BR>[Calls]<UL><LI><a href="#[12a]">&gt;&gt;</a>&nbsp;&nbsp;&nbsp;Joints_SetFrictionFromCan (via Veneer)
</UL>
<BR>[Address Reference Count : 1]<UL><LI> startup_stm32h745xx.o(RESET)
</UL>
<P><STRONG><a name="[1f]"></a>FDCAN1_IT1_IRQHandler</STRONG> (Thumb, 112 bytes, Stack size 0 bytes, can.o(.text.FDCAN1_IT1_IRQHandler))
<BR>[Address Reference Count : 1]<UL><LI> startup_stm32h745xx.o(RESET)
</UL>
<P><STRONG><a name="[122]"></a>HRX</STRONG> (Thumb, 128 bytes, Stack size 24 bytes, rnea.o(.text.HRX))
<BR><BR>[Stack]<UL><LI>Max Depth = 208<LI>Call Chain = HRX &rArr; __hardfp_sin &rArr; __ieee754_rem_pio2 &rArr; fabs
</UL>
<BR>[Calls]<UL><LI><a href="#[10f]">&gt;&gt;</a>&nbsp;&nbsp;&nbsp;__hardfp_sin (via Veneer)
<LI><a href="#[fd]">&gt;&gt;</a>&nbsp;&nbsp;&nbsp;__hardfp_cos (via Veneer)
</UL>
<BR>[Called By]<UL><LI><a href="#[40]">&gt;&gt;</a>&nbsp;&nbsp;&nbsp;TIM7_IRQHandler
<LI><a href="#[ea]">&gt;&gt;</a>&nbsp;&nbsp;&nbsp;Control_SystemConf
</UL>

<P><STRONG><a name="[121]"></a>HRY</STRONG> (Thumb, 128 bytes, Stack size 24 bytes, rnea.o(.text.HRY))
<BR><BR>[Stack]<UL><LI>Max Depth = 208<LI>Call Chain = HRY &rArr; __hardfp_sin &rArr; __ieee754_rem_pio2 &rArr; fabs
</UL>
<BR>[Calls]<UL><LI><a href="#[10f]">&gt;&gt;</a>&nbsp;&nbsp;&nbsp;__hardfp_sin (via Veneer)
<LI><a href="#[fd]">&gt;&gt;</a>&nbsp;&nbsp;&nbsp;__hardfp_cos (via Veneer)
</UL>
<BR>[Called By]<UL><LI><a href="#[40]">&gt;&gt;</a>&nbsp;&nbsp;&nbsp;TIM7_IRQHandler
<LI><a href="#[ea]">&gt;&gt;</a>&nbsp;&nbsp;&nbsp;Control_SystemConf
</UL>

<P><STRONG><a name="[120]"></a>HRZ</STRONG> (Thumb, 128 bytes, Stack size 24 bytes, rnea.o(.text.HRZ))
<BR><BR>[Stack]<UL><LI>Max Depth = 208<LI>Call Chain = HRZ &rArr; __hardfp_sin &rArr; __ieee754_rem_pio2 &rArr; fabs
</UL>
<BR>[Calls]<UL><LI><a href="#[10f]">&gt;&gt;</a>&nbsp;&nbsp;&nbsp;__hardfp_sin (via Veneer)
<LI><a href="#[fd]">&gt;&gt;</a>&nbsp;&nbsp;&nbsp;__hardfp_cos (via Veneer)
</UL>
<BR>[Called By]<UL><LI><a href="#[40]">&gt;&gt;</a>&nbsp;&nbsp;&nbsp;TIM7_IRQHandler
<LI><a href="#[ea]">&gt;&gt;</a>&nbsp;&nbsp;&nbsp;Control_SystemConf
</UL>

<P><STRONG><a name="[11e]"></a>HT</STRONG> (Thumb, 88 bytes, Stack size 8 bytes, rnea.o(.text.HT))
<BR><BR>[Stack]<UL><LI>Max Depth = 8<LI>Call Chain = HT
</UL>
<BR>[Called By]<UL><LI><a href="#[40]">&gt;&gt;</a>&nbsp;&nbsp;&nbsp;TIM7_IRQHandler
<LI><a href="#[ea]">&gt;&gt;</a>&nbsp;&nbsp;&nbsp;Control_SystemConf
</UL>

<P><STRONG><a name="[123]"></a>InvMat4</STRONG> (Thumb, 648 bytes, Stack size 160 bytes, rnea.o(.text.InvMat4))
<BR><BR>[Stack]<UL><LI>Max Depth = 160<LI>Call Chain = InvMat4
</UL>
<BR>[Called By]<UL><LI><a href="#[12f]">&gt;&gt;</a>&nbsp;&nbsp;&nbsp;Kin_IKRaw
<LI><a href="#[ea]">&gt;&gt;</a>&nbsp;&nbsp;&nbsp;Control_SystemConf
</UL>

<P><STRONG><a name="[127]"></a>Kin_Conf</STRONG> (Thumb, 264 bytes, Stack size 0 bytes, rnea.o(.text.Kin_Conf))
<BR><BR>[Called By]<UL><LI><a href="#[ea]">&gt;&gt;</a>&nbsp;&nbsp;&nbsp;Control_SystemConf
</UL>

<P><STRONG><a name="[12b]"></a>Kin_FKCalc</STRONG> (Thumb, 2722 bytes, Stack size 576 bytes, rnea.o(.text.Kin_FKCalc))
<BR><BR>[Stack]<UL><LI>Max Depth = 760<LI>Call Chain = Kin_FKCalc &rArr; __hardfp_sin &rArr; __ieee754_rem_pio2 &rArr; fabs
</UL>
<BR>[Calls]<UL><LI><a href="#[110]">&gt;&gt;</a>&nbsp;&nbsp;&nbsp;__hardfp_sqrt (via Veneer)
<LI><a href="#[10f]">&gt;&gt;</a>&nbsp;&nbsp;&nbsp;__hardfp_sin (via Veneer)
<LI><a href="#[fd]">&gt;&gt;</a>&nbsp;&nbsp;&nbsp;__hardfp_cos (via Veneer)
<LI><a href="#[118]">&gt;&gt;</a>&nbsp;&nbsp;&nbsp;__aeabi_memcpy8 (via Veneer)
<LI><a href="#[12c]">&gt;&gt;</a>&nbsp;&nbsp;&nbsp;__aeabi_memcpy (via Veneer)
</UL>
<BR>[Called By]<UL><LI><a href="#[130]">&gt;&gt;</a>&nbsp;&nbsp;&nbsp;Kin_RobPosAct
</UL>

<P><STRONG><a name="[12d]"></a>Kin_FindNearestSolution</STRONG> (Thumb, 304 bytes, Stack size 104 bytes, rnea.o(.text.Kin_FindNearestSolution))
<BR><BR>[Stack]<UL><LI>Max Depth = 112<LI>Call Chain = Kin_FindNearestSolution &rArr; __aeabi_memcpy8
</UL>
<BR>[Calls]<UL><LI><a href="#[118]">&gt;&gt;</a>&nbsp;&nbsp;&nbsp;__aeabi_memcpy8 (via Veneer)
</UL>
<BR>[Called By]<UL><LI><a href="#[ec]">&gt;&gt;</a>&nbsp;&nbsp;&nbsp;TG_TrajGen
<LI><a href="#[40]">&gt;&gt;</a>&nbsp;&nbsp;&nbsp;TIM7_IRQHandler
</UL>

<P><STRONG><a name="[12e]"></a>Kin_IKCalcFromQuat</STRONG> (Thumb, 608 bytes, Stack size 640 bytes, rnea.o(.text.Kin_IKCalcFromQuat))
<BR><BR>[Stack]<UL><LI>Max Depth = 4856 + Unknown Stack Size
<LI>Call Chain = Kin_IKCalcFromQuat &rArr; Kin_IKRaw &rArr; __hardfp_sin &rArr; __ieee754_rem_pio2 &rArr; fabs
</UL>
<BR>[Calls]<UL><LI><a href="#[118]">&gt;&gt;</a>&nbsp;&nbsp;&nbsp;__aeabi_memcpy8 (via Veneer)
<LI><a href="#[12c]">&gt;&gt;</a>&nbsp;&nbsp;&nbsp;__aeabi_memcpy (via Veneer)
<LI><a href="#[12f]">&gt;&gt;</a>&nbsp;&nbsp;&nbsp;Kin_IKRaw
</UL>
<BR>[Called By]<UL><LI><a href="#[ec]">&gt;&gt;</a>&nbsp;&nbsp;&nbsp;TG_TrajGen
</UL>

<P><STRONG><a name="[117]"></a>Kin_IKCalcFromRotMat</STRONG> (Thumb, 328 bytes, Stack size 544 bytes, rnea.o(.text.Kin_IKCalcFromRotMat))
<BR><BR>[Stack]<UL><LI>Max Depth = 4760 + Unknown Stack Size
<LI>Call Chain = Kin_IKCalcFromRotMat &rArr; Kin_IKRaw &rArr; __hardfp_sin &rArr; __ieee754_rem_pio2 &rArr; fabs
</UL>
<BR>[Calls]<UL><LI><a href="#[118]">&gt;&gt;</a>&nbsp;&nbsp;&nbsp;__aeabi_memcpy8 (via Veneer)
<LI><a href="#[12c]">&gt;&gt;</a>&nbsp;&nbsp;&nbsp;__aeabi_memcpy (via Veneer)
<LI><a href="#[12f]">&gt;&gt;</a>&nbsp;&nbsp;&nbsp;Kin_IKRaw
</UL>
<BR>[Called By]<UL><LI><a href="#[eb]">&gt;&gt;</a>&nbsp;&nbsp;&nbsp;Control_JtcJogKinCalc
</UL>

<P><STRONG><a name="[130]"></a>Kin_RobPosAct</STRONG> (Thumb, 106 bytes, Stack size 1368 bytes, rnea.o(.text.Kin_RobPosAct))
<BR><BR>[Stack]<UL><LI>Max Depth = 2128<LI>Call Chain = Kin_RobPosAct &rArr; Kin_FKCalc &rArr; __hardfp_sin &rArr; __ieee754_rem_pio2 &rArr; fabs
</UL>
<BR>[Calls]<UL><LI><a href="#[118]">&gt;&gt;</a>&nbsp;&nbsp;&nbsp;__aeabi_memcpy8 (via Veneer)
<LI><a href="#[12b]">&gt;&gt;</a>&nbsp;&nbsp;&nbsp;Kin_FKCalc
</UL>
<BR>[Called By]<UL><LI><a href="#[40]">&gt;&gt;</a>&nbsp;&nbsp;&nbsp;TIM7_IRQHandler
</UL>

<P><STRONG><a name="[131]"></a>Mat3ToMat4</STRONG> (Thumb, 70 bytes, Stack size 24 bytes, rnea.o(.text.Mat3ToMat4))
<BR><BR>[Stack]<UL><LI>Max Depth = 32<LI>Call Chain = Mat3ToMat4 &rArr; __aeabi_memcpy8
</UL>
<BR>[Calls]<UL><LI><a href="#[118]">&gt;&gt;</a>&nbsp;&nbsp;&nbsp;__aeabi_memcpy8 (via Veneer)
</UL>
<BR>[Called By]<UL><LI><a href="#[40]">&gt;&gt;</a>&nbsp;&nbsp;&nbsp;TIM7_IRQHandler
</UL>

<P><STRONG><a name="[13e]"></a>Mat3xMat3</STRONG> (Thumb, 128 bytes, Stack size 32 bytes, rnea.o(.text.Mat3xMat3))
<BR><BR>[Stack]<UL><LI>Max Depth = 32<LI>Call Chain = Mat3xMat3
</UL>
<BR>[Called By]<UL><LI><a href="#[40]">&gt;&gt;</a>&nbsp;&nbsp;&nbsp;TIM7_IRQHandler
</UL>

<P><STRONG><a name="[11d]"></a>Mat4Ones</STRONG> (Thumb, 64 bytes, Stack size 0 bytes, rnea.o(.text.Mat4Ones))
<BR><BR>[Called By]<UL><LI><a href="#[133]">&gt;&gt;</a>&nbsp;&nbsp;&nbsp;TG_SetDefaultVariables
<LI><a href="#[ec]">&gt;&gt;</a>&nbsp;&nbsp;&nbsp;TG_TrajGen
<LI><a href="#[40]">&gt;&gt;</a>&nbsp;&nbsp;&nbsp;TIM7_IRQHandler
<LI><a href="#[ea]">&gt;&gt;</a>&nbsp;&nbsp;&nbsp;Control_SystemConf
</UL>

<P><STRONG><a name="[13d]"></a>Mat4ToMat3</STRONG> (Thumb, 62 bytes, Stack size 24 bytes, rnea.o(.text.Mat4ToMat3))
<BR><BR>[Stack]<UL><LI>Max Depth = 24<LI>Call Chain = Mat4ToMat3
</UL>
<BR>[Called By]<UL><LI><a href="#[40]">&gt;&gt;</a>&nbsp;&nbsp;&nbsp;TIM7_IRQHandler
</UL>

<P><STRONG><a name="[11f]"></a>Mat4xMat4</STRONG> (Thumb, 128 bytes, Stack size 32 bytes, rnea.o(.text.Mat4xMat4))
<BR><BR>[Stack]<UL><LI>Max Depth = 32<LI>Call Chain = Mat4xMat4
</UL>
<BR>[Called By]<UL><LI><a href="#[40]">&gt;&gt;</a>&nbsp;&nbsp;&nbsp;TIM7_IRQHandler
<LI><a href="#[ea]">&gt;&gt;</a>&nbsp;&nbsp;&nbsp;Control_SystemConf
</UL>

<P><STRONG><a name="[132]"></a>RNEA_CalcTorques</STRONG> (Thumb, 5612 bytes, Stack size 2296 bytes, rnea.o(.text.RNEA_CalcTorques))
<BR><BR>[Stack]<UL><LI>Max Depth = 2480<LI>Call Chain = RNEA_CalcTorques &rArr; __hardfp_sin &rArr; __ieee754_rem_pio2 &rArr; fabs
</UL>
<BR>[Calls]<UL><LI><a href="#[10f]">&gt;&gt;</a>&nbsp;&nbsp;&nbsp;__hardfp_sin (via Veneer)
<LI><a href="#[fd]">&gt;&gt;</a>&nbsp;&nbsp;&nbsp;__hardfp_cos (via Veneer)
<LI><a href="#[118]">&gt;&gt;</a>&nbsp;&nbsp;&nbsp;__aeabi_memcpy8 (via Veneer)
</UL>
<BR>[Called By]<UL><LI><a href="#[40]">&gt;&gt;</a>&nbsp;&nbsp;&nbsp;TIM7_IRQHandler
</UL>

<P><STRONG><a name="[e2]"></a>RNEA_Conf</STRONG> (Thumb, 2850 bytes, Stack size 1272 bytes, rnea.o(.text.RNEA_Conf))
<BR><BR>[Stack]<UL><LI>Max Depth = 1456<LI>Call Chain = RNEA_Conf &rArr; __hardfp_sin &rArr; __ieee754_rem_pio2 &rArr; fabs
</UL>
<BR>[Calls]<UL><LI><a href="#[10f]">&gt;&gt;</a>&nbsp;&nbsp;&nbsp;__hardfp_sin (via Veneer)
<LI><a href="#[fd]">&gt;&gt;</a>&nbsp;&nbsp;&nbsp;__hardfp_cos (via Veneer)
<LI><a href="#[118]">&gt;&gt;</a>&nbsp;&nbsp;&nbsp;__aeabi_memcpy8 (via Veneer)
</UL>
<BR>[Called By]<UL><LI><a href="#[de]">&gt;&gt;</a>&nbsp;&nbsp;&nbsp;MBS_Act (via Veneer)
<LI><a href="#[ea]">&gt;&gt;</a>&nbsp;&nbsp;&nbsp;Control_SystemConf
</UL>

<P><STRONG><a name="[9]"></a>SysTick_Handler</STRONG> (Thumb, 18 bytes, Stack size 0 bytes, control.o(.text.SysTick_Handler))
<BR>[Address Reference Count : 1]<UL><LI> startup_stm32h745xx.o(RESET)
</UL>
<P><STRONG><a name="[137]"></a>TG_ClearTgenVariables</STRONG> (Thumb, 64 bytes, Stack size 0 bytes, trajgen.o(.text.TG_ClearTgenVariables))
<BR><BR>[Called By]<UL><LI><a href="#[40]">&gt;&gt;</a>&nbsp;&nbsp;&nbsp;TIM7_IRQHandler
</UL>

<P><STRONG><a name="[125]"></a>TG_Conf</STRONG> (Thumb, 8 bytes, Stack size 8 bytes, trajgen.o(.text.TG_Conf))
<BR><BR>[Stack]<UL><LI>Max Depth = 184 + Unknown Stack Size
<LI>Call Chain = TG_Conf &rArr; TG_SetDefaultVariables &rArr; __aeabi_memcpy8
</UL>
<BR>[Calls]<UL><LI><a href="#[133]">&gt;&gt;</a>&nbsp;&nbsp;&nbsp;TG_SetDefaultVariables
</UL>
<BR>[Called By]<UL><LI><a href="#[ea]">&gt;&gt;</a>&nbsp;&nbsp;&nbsp;Control_SystemConf
</UL>

<P><STRONG><a name="[133]"></a>TG_SetDefaultVariables</STRONG> (Thumb, 608 bytes, Stack size 168 bytes, trajgen.o(.text.TG_SetDefaultVariables))
<BR><BR>[Stack]<UL><LI>Max Depth = 176 + Unknown Stack Size
<LI>Call Chain = TG_SetDefaultVariables &rArr; __aeabi_memcpy8
</UL>
<BR>[Calls]<UL><LI><a href="#[db]">&gt;&gt;</a>&nbsp;&nbsp;&nbsp;__aeabi_memclr8 (via Veneer)
<LI><a href="#[118]">&gt;&gt;</a>&nbsp;&nbsp;&nbsp;__aeabi_memcpy8 (via Veneer)
<LI><a href="#[134]">&gt;&gt;</a>&nbsp;&nbsp;&nbsp;Vec4Zeros
<LI><a href="#[11d]">&gt;&gt;</a>&nbsp;&nbsp;&nbsp;Mat4Ones
<LI><a href="#[11c]">&gt;&gt;</a>&nbsp;&nbsp;&nbsp;Vec6Zeros
</UL>
<BR>[Called By]<UL><LI><a href="#[125]">&gt;&gt;</a>&nbsp;&nbsp;&nbsp;TG_Conf
</UL>

<P><STRONG><a name="[ec]"></a>TG_TrajGen</STRONG> (Thumb, 7840 bytes, Stack size 2304 bytes, trajgen.o(.text.TG_TrajGen))
<BR><BR>[Stack]<UL><LI>Max Depth = 7160 + Unknown Stack Size
<LI>Call Chain = TG_TrajGen &rArr; Kin_IKCalcFromQuat &rArr; Kin_IKRaw &rArr; __hardfp_sin &rArr; __ieee754_rem_pio2 &rArr; fabs
</UL>
<BR>[Calls]<UL><LI><a href="#[108]">&gt;&gt;</a>&nbsp;&nbsp;&nbsp;__hardfp_csqrt (via Veneer)
<LI><a href="#[101]">&gt;&gt;</a>&nbsp;&nbsp;&nbsp;__hardfp_cpow (via Veneer)
<LI><a href="#[110]">&gt;&gt;</a>&nbsp;&nbsp;&nbsp;__hardfp_sqrt (via Veneer)
<LI><a href="#[d9]">&gt;&gt;</a>&nbsp;&nbsp;&nbsp;__hardfp_pow (via Veneer)
<LI><a href="#[118]">&gt;&gt;</a>&nbsp;&nbsp;&nbsp;__aeabi_memcpy8 (via Veneer)
<LI><a href="#[c1]">&gt;&gt;</a>&nbsp;&nbsp;&nbsp;__2sprintf (via Veneer)
<LI><a href="#[12e]">&gt;&gt;</a>&nbsp;&nbsp;&nbsp;Kin_IKCalcFromQuat
<LI><a href="#[12d]">&gt;&gt;</a>&nbsp;&nbsp;&nbsp;Kin_FindNearestSolution
<LI><a href="#[129]">&gt;&gt;</a>&nbsp;&nbsp;&nbsp;Control_TrajClear
<LI><a href="#[11d]">&gt;&gt;</a>&nbsp;&nbsp;&nbsp;Mat4Ones
</UL>
<BR>[Called By]<UL><LI><a href="#[bb]">&gt;&gt;</a>&nbsp;&nbsp;&nbsp;main (via Veneer)
</UL>

<P><STRONG><a name="[40]"></a>TIM7_IRQHandler</STRONG> (Thumb, 6600 bytes, Stack size 2232 bytes, control.o(.text.TIM7_IRQHandler))
<BR><BR>[Stack]<UL><LI>Max Depth = 4712 + Unknown Stack Size
<LI>Call Chain = TIM7_IRQHandler &rArr; RNEA_CalcTorques &rArr; __hardfp_sin &rArr; __ieee754_rem_pio2 &rArr; fabs
</UL>
<BR>[Calls]<UL><LI><a href="#[db]">&gt;&gt;</a>&nbsp;&nbsp;&nbsp;__aeabi_memclr8 (via Veneer)
<LI><a href="#[118]">&gt;&gt;</a>&nbsp;&nbsp;&nbsp;__aeabi_memcpy8 (via Veneer)
<LI><a href="#[12c]">&gt;&gt;</a>&nbsp;&nbsp;&nbsp;__aeabi_memcpy (via Veneer)
<LI><a href="#[141]">&gt;&gt;</a>&nbsp;&nbsp;&nbsp;Debug_PrepareFrame (via Veneer)
<LI><a href="#[de]">&gt;&gt;</a>&nbsp;&nbsp;&nbsp;MBS_Act (via Veneer)
<LI><a href="#[13f]">&gt;&gt;</a>&nbsp;&nbsp;&nbsp;IO_OutputsAct (via Veneer)
<LI><a href="#[131]">&gt;&gt;</a>&nbsp;&nbsp;&nbsp;Mat3ToMat4
<LI><a href="#[13e]">&gt;&gt;</a>&nbsp;&nbsp;&nbsp;Mat3xMat3
<LI><a href="#[13d]">&gt;&gt;</a>&nbsp;&nbsp;&nbsp;Mat4ToMat3
<LI><a href="#[12d]">&gt;&gt;</a>&nbsp;&nbsp;&nbsp;Kin_FindNearestSolution
<LI><a href="#[13c]">&gt;&gt;</a>&nbsp;&nbsp;&nbsp;Joints_CalcInitRegsTorque (via Veneer)
<LI><a href="#[13b]">&gt;&gt;</a>&nbsp;&nbsp;&nbsp;Joints_StartIrValuesVariables (via Veneer)
<LI><a href="#[d8]">&gt;&gt;</a>&nbsp;&nbsp;&nbsp;Joints_CalcFrictionCompensate (via Veneer)
<LI><a href="#[13a]">&gt;&gt;</a>&nbsp;&nbsp;&nbsp;Joints_CalcPIDs (via Veneer)
<LI><a href="#[132]">&gt;&gt;</a>&nbsp;&nbsp;&nbsp;RNEA_CalcTorques
<LI><a href="#[139]">&gt;&gt;</a>&nbsp;&nbsp;&nbsp;IO_ParkBrakeUnlock (via Veneer)
<LI><a href="#[138]">&gt;&gt;</a>&nbsp;&nbsp;&nbsp;Joints_StopIrValuesVariables (via Veneer)
<LI><a href="#[137]">&gt;&gt;</a>&nbsp;&nbsp;&nbsp;TG_ClearTgenVariables
<LI><a href="#[130]">&gt;&gt;</a>&nbsp;&nbsp;&nbsp;Kin_RobPosAct
<LI><a href="#[da]">&gt;&gt;</a>&nbsp;&nbsp;&nbsp;Joints_SetDefaultVariables (via Veneer)
<LI><a href="#[136]">&gt;&gt;</a>&nbsp;&nbsp;&nbsp;IO_ParkBrakeLock (via Veneer)
<LI><a href="#[135]">&gt;&gt;</a>&nbsp;&nbsp;&nbsp;IO_InputsAct (via Veneer)
<LI><a href="#[119]">&gt;&gt;</a>&nbsp;&nbsp;&nbsp;Gripper_SetResetValuesVariables (via Veneer)
<LI><a href="#[dc]">&gt;&gt;</a>&nbsp;&nbsp;&nbsp;Joints_SetResetValuesVariables (via Veneer)
<LI><a href="#[116]">&gt;&gt;</a>&nbsp;&nbsp;&nbsp;IO_ParkBrakeInRead (via Veneer)
<LI><a href="#[122]">&gt;&gt;</a>&nbsp;&nbsp;&nbsp;HRX
<LI><a href="#[121]">&gt;&gt;</a>&nbsp;&nbsp;&nbsp;HRY
<LI><a href="#[120]">&gt;&gt;</a>&nbsp;&nbsp;&nbsp;HRZ
<LI><a href="#[11f]">&gt;&gt;</a>&nbsp;&nbsp;&nbsp;Mat4xMat4
<LI><a href="#[11e]">&gt;&gt;</a>&nbsp;&nbsp;&nbsp;HT
<LI><a href="#[11d]">&gt;&gt;</a>&nbsp;&nbsp;&nbsp;Mat4Ones
<LI><a href="#[11c]">&gt;&gt;</a>&nbsp;&nbsp;&nbsp;Vec6Zeros
<LI><a href="#[115]">&gt;&gt;</a>&nbsp;&nbsp;&nbsp;Control_CheckErrorFlags
<LI><a href="#[140]">&gt;&gt;</a>&nbsp;&nbsp;&nbsp;Can_SendDataToJoints
</UL>
<BR>[Address Reference Count : 1]<UL><LI> startup_stm32h745xx.o(RESET)
</UL>
<P><STRONG><a name="[134]"></a>Vec4Zeros</STRONG> (Thumb, 32 bytes, Stack size 0 bytes, rnea.o(.text.Vec4Zeros))
<BR><BR>[Called By]<UL><LI><a href="#[133]">&gt;&gt;</a>&nbsp;&nbsp;&nbsp;TG_SetDefaultVariables
</UL>

<P><STRONG><a name="[11a]"></a>Vec6SetValues</STRONG> (Thumb, 6 bytes, Stack size 0 bytes, rnea.o(.text.Vec6SetValues))
<BR><BR>[Called By]<UL><LI><a href="#[ea]">&gt;&gt;</a>&nbsp;&nbsp;&nbsp;Control_SystemConf
<LI><a href="#[e1]">&gt;&gt;</a>&nbsp;&nbsp;&nbsp;Control_SetDefualtArmModel
</UL>

<P><STRONG><a name="[11c]"></a>Vec6Zeros</STRONG> (Thumb, 10 bytes, Stack size 8 bytes, rnea.o(.text.Vec6Zeros))
<BR><BR>[Stack]<UL><LI>Max Depth = 8 + Unknown Stack Size
<LI>Call Chain = Vec6Zeros
</UL>
<BR>[Calls]<UL><LI><a href="#[db]">&gt;&gt;</a>&nbsp;&nbsp;&nbsp;__aeabi_memclr8 (via Veneer)
</UL>
<BR>[Called By]<UL><LI><a href="#[133]">&gt;&gt;</a>&nbsp;&nbsp;&nbsp;TG_SetDefaultVariables
<LI><a href="#[40]">&gt;&gt;</a>&nbsp;&nbsp;&nbsp;TIM7_IRQHandler
<LI><a href="#[ea]">&gt;&gt;</a>&nbsp;&nbsp;&nbsp;Control_SystemConf
</UL>

<P><STRONG><a name="[9b]"></a>__main</STRONG> (Thumb, 8 bytes, Stack size 0 bytes, __main.o(!!!main))
<BR><BR>[Calls]<UL><LI><a href="#[ab]">&gt;&gt;</a>&nbsp;&nbsp;&nbsp;__rt_entry
<LI><a href="#[aa]">&gt;&gt;</a>&nbsp;&nbsp;&nbsp;__scatterload
</UL>
<BR>[Address Reference Count : 1]<UL><LI> startup_stm32h745xx.o(.text)
</UL>
<P><STRONG><a name="[aa]"></a>__scatterload</STRONG> (Thumb, 0 bytes, Stack size unknown bytes, __scatter.o(!!!scatter))
<BR><BR>[Called By]<UL><LI><a href="#[9b]">&gt;&gt;</a>&nbsp;&nbsp;&nbsp;__main
</UL>

<P><STRONG><a name="[ac]"></a>__scatterload_rt2</STRONG> (Thumb, 44 bytes, Stack size unknown bytes, __scatter.o(!!!scatter), UNUSED)
<BR><BR>[Calls]<UL><LI><a href="#[ab]">&gt;&gt;</a>&nbsp;&nbsp;&nbsp;__rt_entry
</UL>

<P><STRONG><a name="[142]"></a>__scatterload_rt2_thumb_only</STRONG> (Thumb, 0 bytes, Stack size unknown bytes, __scatter.o(!!!scatter), UNUSED)

<P><STRONG><a name="[143]"></a>__scatterload_null</STRONG> (Thumb, 0 bytes, Stack size unknown bytes, __scatter.o(!!!scatter), UNUSED)

<P><STRONG><a name="[144]"></a>__decompress</STRONG> (Thumb, 58 bytes, Stack size unknown bytes, __dczerorl.o(!!dczerorl), UNUSED)

<P><STRONG><a name="[145]"></a>__decompress0</STRONG> (Thumb, 0 bytes, Stack size unknown bytes, __dczerorl.o(!!dczerorl), UNUSED)

<P><STRONG><a name="[ad]"></a>__scatterload_copy</STRONG> (Thumb, 26 bytes, Stack size unknown bytes, __scatter_copy.o(!!handler_copy), UNUSED)
<BR><BR>[Calls]<UL><LI><a href="#[ad]">&gt;&gt;</a>&nbsp;&nbsp;&nbsp;__scatterload_copy
</UL>
<BR>[Called By]<UL><LI><a href="#[ad]">&gt;&gt;</a>&nbsp;&nbsp;&nbsp;__scatterload_copy
</UL>

<P><STRONG><a name="[146]"></a>__scatterload_zeroinit</STRONG> (Thumb, 28 bytes, Stack size unknown bytes, __scatter_zi.o(!!handler_zi), UNUSED)

<P><STRONG><a name="[ae]"></a>_printf_f</STRONG> (Thumb, 0 bytes, Stack size unknown bytes, _printf_f.o(.ARM.Collect$$_printf_percent$$00000003))
<BR><BR>[Stack]<UL><LI>Max Depth = 324 + Unknown Stack Size
<LI>Call Chain = _printf_f &rArr; _printf_fp_dec &rArr; _printf_fp_dec_real &rArr; _fp_digits &rArr; _btod_etento &rArr; _btod_emul &rArr; _e2e
</UL>
<BR>[Calls]<UL><LI><a href="#[af]">&gt;&gt;</a>&nbsp;&nbsp;&nbsp;_printf_fp_dec
</UL>

<P><STRONG><a name="[c4]"></a>_printf_percent</STRONG> (Thumb, 0 bytes, Stack size unknown bytes, _printf_percent.o(.ARM.Collect$$_printf_percent$$00000000))
<BR><BR>[Called By]<UL><LI><a href="#[c3]">&gt;&gt;</a>&nbsp;&nbsp;&nbsp;__printf
</UL>

<P><STRONG><a name="[147]"></a>_printf_percent_end</STRONG> (Thumb, 0 bytes, Stack size unknown bytes, _printf_percent_end.o(.ARM.Collect$$_printf_percent$$00000017))

<P><STRONG><a name="[b9]"></a>__rt_lib_init</STRONG> (Thumb, 0 bytes, Stack size unknown bytes, libinit.o(.ARM.Collect$$libinit$$00000000))
<BR><BR>[Called By]<UL><LI><a href="#[b8]">&gt;&gt;</a>&nbsp;&nbsp;&nbsp;__rt_entry_li
</UL>

<P><STRONG><a name="[b0]"></a>__rt_lib_init_fp_1</STRONG> (Thumb, 0 bytes, Stack size unknown bytes, libinit2.o(.ARM.Collect$$libinit$$00000001))
<BR><BR>[Calls]<UL><LI><a href="#[b1]">&gt;&gt;</a>&nbsp;&nbsp;&nbsp;_fp_init
</UL>

<P><STRONG><a name="[148]"></a>__rt_lib_init_heap_1</STRONG> (Thumb, 0 bytes, Stack size unknown bytes, libinit2.o(.ARM.Collect$$libinit$$0000000C))

<P><STRONG><a name="[b2]"></a>__rt_lib_init_lc_common</STRONG> (Thumb, 0 bytes, Stack size unknown bytes, libinit2.o(.ARM.Collect$$libinit$$00000011))
<BR><BR>[Calls]<UL><LI><a href="#[b3]">&gt;&gt;</a>&nbsp;&nbsp;&nbsp;__rt_locale
</UL>

<P><STRONG><a name="[149]"></a>__rt_lib_init_preinit_1</STRONG> (Thumb, 0 bytes, Stack size unknown bytes, libinit2.o(.ARM.Collect$$libinit$$00000006))

<P><STRONG><a name="[14a]"></a>__rt_lib_init_rand_1</STRONG> (Thumb, 0 bytes, Stack size unknown bytes, libinit2.o(.ARM.Collect$$libinit$$00000010))

<P><STRONG><a name="[14b]"></a>__rt_lib_init_relocate_pie_1</STRONG> (Thumb, 0 bytes, Stack size unknown bytes, libinit2.o(.ARM.Collect$$libinit$$00000004))

<P><STRONG><a name="[14c]"></a>__rt_lib_init_user_alloc_1</STRONG> (Thumb, 0 bytes, Stack size unknown bytes, libinit2.o(.ARM.Collect$$libinit$$0000000E))

<P><STRONG><a name="[14d]"></a>__rt_lib_init_lc_collate_1</STRONG> (Thumb, 0 bytes, Stack size unknown bytes, libinit2.o(.ARM.Collect$$libinit$$00000013))

<P><STRONG><a name="[14e]"></a>__rt_lib_init_lc_ctype_1</STRONG> (Thumb, 0 bytes, Stack size unknown bytes, libinit2.o(.ARM.Collect$$libinit$$00000015))

<P><STRONG><a name="[14f]"></a>__rt_lib_init_lc_monetary_1</STRONG> (Thumb, 0 bytes, Stack size unknown bytes, libinit2.o(.ARM.Collect$$libinit$$00000017))

<P><STRONG><a name="[b4]"></a>__rt_lib_init_lc_numeric_2</STRONG> (Thumb, 0 bytes, Stack size unknown bytes, libinit2.o(.ARM.Collect$$libinit$$00000018))
<BR><BR>[Stack]<UL><LI>Max Depth = 16 + Unknown Stack Size
<LI>Call Chain = __rt_lib_init_lc_numeric_2 &rArr; _get_lc_numeric &rArr; strcmp
</UL>
<BR>[Calls]<UL><LI><a href="#[b5]">&gt;&gt;</a>&nbsp;&nbsp;&nbsp;_get_lc_numeric
</UL>

<P><STRONG><a name="[150]"></a>__rt_lib_init_alloca_1</STRONG> (Thumb, 0 bytes, Stack size unknown bytes, libinit2.o(.ARM.Collect$$libinit$$00000030))

<P><STRONG><a name="[151]"></a>__rt_lib_init_argv_1</STRONG> (Thumb, 0 bytes, Stack size unknown bytes, libinit2.o(.ARM.Collect$$libinit$$0000002E))

<P><STRONG><a name="[152]"></a>__rt_lib_init_atexit_1</STRONG> (Thumb, 0 bytes, Stack size unknown bytes, libinit2.o(.ARM.Collect$$libinit$$0000001D))

<P><STRONG><a name="[153]"></a>__rt_lib_init_clock_1</STRONG> (Thumb, 0 bytes, Stack size unknown bytes, libinit2.o(.ARM.Collect$$libinit$$00000023))

<P><STRONG><a name="[154]"></a>__rt_lib_init_cpp_1</STRONG> (Thumb, 0 bytes, Stack size unknown bytes, libinit2.o(.ARM.Collect$$libinit$$00000034))

<P><STRONG><a name="[155]"></a>__rt_lib_init_exceptions_1</STRONG> (Thumb, 0 bytes, Stack size unknown bytes, libinit2.o(.ARM.Collect$$libinit$$00000032))

<P><STRONG><a name="[156]"></a>__rt_lib_init_fp_trap_1</STRONG> (Thumb, 0 bytes, Stack size unknown bytes, libinit2.o(.ARM.Collect$$libinit$$00000021))

<P><STRONG><a name="[157]"></a>__rt_lib_init_getenv_1</STRONG> (Thumb, 0 bytes, Stack size unknown bytes, libinit2.o(.ARM.Collect$$libinit$$00000025))

<P><STRONG><a name="[158]"></a>__rt_lib_init_lc_numeric_1</STRONG> (Thumb, 0 bytes, Stack size unknown bytes, libinit2.o(.ARM.Collect$$libinit$$00000019))

<P><STRONG><a name="[159]"></a>__rt_lib_init_lc_time_1</STRONG> (Thumb, 0 bytes, Stack size unknown bytes, libinit2.o(.ARM.Collect$$libinit$$0000001B))

<P><STRONG><a name="[15a]"></a>__rt_lib_init_return</STRONG> (Thumb, 0 bytes, Stack size unknown bytes, libinit2.o(.ARM.Collect$$libinit$$00000035))

<P><STRONG><a name="[15b]"></a>__rt_lib_init_signal_1</STRONG> (Thumb, 0 bytes, Stack size unknown bytes, libinit2.o(.ARM.Collect$$libinit$$0000001F))

<P><STRONG><a name="[15c]"></a>__rt_lib_init_stdio_1</STRONG> (Thumb, 0 bytes, Stack size unknown bytes, libinit2.o(.ARM.Collect$$libinit$$00000027))

<P><STRONG><a name="[be]"></a>__rt_lib_shutdown</STRONG> (Thumb, 0 bytes, Stack size unknown bytes, libshutdown.o(.ARM.Collect$$libshutdown$$00000000))
<BR><BR>[Called By]<UL><LI><a href="#[bd]">&gt;&gt;</a>&nbsp;&nbsp;&nbsp;__rt_exit_ls
</UL>

<P><STRONG><a name="[15d]"></a>__rt_lib_shutdown_cpp_1</STRONG> (Thumb, 0 bytes, Stack size unknown bytes, libshutdown2.o(.ARM.Collect$$libshutdown$$00000002))

<P><STRONG><a name="[15e]"></a>__rt_lib_shutdown_fp_trap_1</STRONG> (Thumb, 0 bytes, Stack size unknown bytes, libshutdown2.o(.ARM.Collect$$libshutdown$$00000007))

<P><STRONG><a name="[15f]"></a>__rt_lib_shutdown_heap_1</STRONG> (Thumb, 0 bytes, Stack size unknown bytes, libshutdown2.o(.ARM.Collect$$libshutdown$$0000000F))

<P><STRONG><a name="[160]"></a>__rt_lib_shutdown_return</STRONG> (Thumb, 0 bytes, Stack size unknown bytes, libshutdown2.o(.ARM.Collect$$libshutdown$$00000010))

<P><STRONG><a name="[161]"></a>__rt_lib_shutdown_signal_1</STRONG> (Thumb, 0 bytes, Stack size unknown bytes, libshutdown2.o(.ARM.Collect$$libshutdown$$0000000A))

<P><STRONG><a name="[162]"></a>__rt_lib_shutdown_stdio_1</STRONG> (Thumb, 0 bytes, Stack size unknown bytes, libshutdown2.o(.ARM.Collect$$libshutdown$$00000004))

<P><STRONG><a name="[163]"></a>__rt_lib_shutdown_user_alloc_1</STRONG> (Thumb, 0 bytes, Stack size unknown bytes, libshutdown2.o(.ARM.Collect$$libshutdown$$0000000C))

<P><STRONG><a name="[ab]"></a>__rt_entry</STRONG> (Thumb, 0 bytes, Stack size unknown bytes, __rtentry.o(.ARM.Collect$$rtentry$$00000000))
<BR><BR>[Called By]<UL><LI><a href="#[9b]">&gt;&gt;</a>&nbsp;&nbsp;&nbsp;__main
<LI><a href="#[ac]">&gt;&gt;</a>&nbsp;&nbsp;&nbsp;__scatterload_rt2
</UL>

<P><STRONG><a name="[164]"></a>__rt_entry_presh_1</STRONG> (Thumb, 0 bytes, Stack size unknown bytes, __rtentry2.o(.ARM.Collect$$rtentry$$00000002))

<P><STRONG><a name="[b6]"></a>__rt_entry_sh</STRONG> (Thumb, 0 bytes, Stack size unknown bytes, __rtentry4.o(.ARM.Collect$$rtentry$$00000004))
<BR><BR>[Stack]<UL><LI>Max Depth = 8 + Unknown Stack Size
<LI>Call Chain = __rt_entry_sh &rArr; __user_setup_stackheap
</UL>
<BR>[Calls]<UL><LI><a href="#[b7]">&gt;&gt;</a>&nbsp;&nbsp;&nbsp;__user_setup_stackheap
</UL>

<P><STRONG><a name="[b8]"></a>__rt_entry_li</STRONG> (Thumb, 0 bytes, Stack size unknown bytes, __rtentry2.o(.ARM.Collect$$rtentry$$0000000A))
<BR><BR>[Calls]<UL><LI><a href="#[b9]">&gt;&gt;</a>&nbsp;&nbsp;&nbsp;__rt_lib_init
</UL>

<P><STRONG><a name="[165]"></a>__rt_entry_postsh_1</STRONG> (Thumb, 0 bytes, Stack size unknown bytes, __rtentry2.o(.ARM.Collect$$rtentry$$00000009))

<P><STRONG><a name="[ba]"></a>__rt_entry_main</STRONG> (Thumb, 0 bytes, Stack size unknown bytes, __rtentry2.o(.ARM.Collect$$rtentry$$0000000D))
<BR><BR>[Stack]<UL><LI>Max Depth = 7160 + Unknown Stack Size
<LI>Call Chain = __rt_entry_main &rArr; main &rArr; TG_TrajGen &rArr; Kin_IKCalcFromQuat &rArr; Kin_IKRaw &rArr; __hardfp_sin &rArr; __ieee754_rem_pio2 &rArr; fabs
</UL>
<BR>[Calls]<UL><LI><a href="#[bb]">&gt;&gt;</a>&nbsp;&nbsp;&nbsp;main
<LI><a href="#[bc]">&gt;&gt;</a>&nbsp;&nbsp;&nbsp;exit
</UL>

<P><STRONG><a name="[166]"></a>__rt_entry_postli_1</STRONG> (Thumb, 0 bytes, Stack size unknown bytes, __rtentry2.o(.ARM.Collect$$rtentry$$0000000C))

<P><STRONG><a name="[d7]"></a>__rt_exit</STRONG> (Thumb, 0 bytes, Stack size unknown bytes, rtexit.o(.ARM.Collect$$rtexit$$00000000))
<BR><BR>[Called By]<UL><LI><a href="#[bc]">&gt;&gt;</a>&nbsp;&nbsp;&nbsp;exit
</UL>

<P><STRONG><a name="[bd]"></a>__rt_exit_ls</STRONG> (Thumb, 0 bytes, Stack size unknown bytes, rtexit2.o(.ARM.Collect$$rtexit$$00000003))
<BR><BR>[Calls]<UL><LI><a href="#[be]">&gt;&gt;</a>&nbsp;&nbsp;&nbsp;__rt_lib_shutdown
</UL>

<P><STRONG><a name="[167]"></a>__rt_exit_prels_1</STRONG> (Thumb, 0 bytes, Stack size unknown bytes, rtexit2.o(.ARM.Collect$$rtexit$$00000002))

<P><STRONG><a name="[bf]"></a>__rt_exit_exit</STRONG> (Thumb, 0 bytes, Stack size unknown bytes, rtexit2.o(.ARM.Collect$$rtexit$$00000004))
<BR><BR>[Calls]<UL><LI><a href="#[c0]">&gt;&gt;</a>&nbsp;&nbsp;&nbsp;_sys_exit
</UL>

<P><STRONG><a name="[0]"></a>Reset_Handler</STRONG> (Thumb, 8 bytes, Stack size 0 bytes, startup_stm32h745xx.o(.text))
<BR>[Address Reference Count : 1]<UL><LI> startup_stm32h745xx.o(RESET)
</UL>
<P><STRONG><a name="[1]"></a>NMI_Handler</STRONG> (Thumb, 2 bytes, Stack size 0 bytes, startup_stm32h745xx.o(.text))
<BR><BR>[Calls]<UL><LI><a href="#[1]">&gt;&gt;</a>&nbsp;&nbsp;&nbsp;NMI_Handler
</UL>
<BR>[Called By]<UL><LI><a href="#[1]">&gt;&gt;</a>&nbsp;&nbsp;&nbsp;NMI_Handler
</UL>
<BR>[Address Reference Count : 1]<UL><LI> startup_stm32h745xx.o(RESET)
</UL>
<P><STRONG><a name="[2]"></a>HardFault_Handler</STRONG> (Thumb, 2 bytes, Stack size 0 bytes, startup_stm32h745xx.o(.text))
<BR><BR>[Calls]<UL><LI><a href="#[2]">&gt;&gt;</a>&nbsp;&nbsp;&nbsp;HardFault_Handler
</UL>
<BR>[Called By]<UL><LI><a href="#[2]">&gt;&gt;</a>&nbsp;&nbsp;&nbsp;HardFault_Handler
</UL>
<BR>[Address Reference Count : 1]<UL><LI> startup_stm32h745xx.o(RESET)
</UL>
<P><STRONG><a name="[3]"></a>MemManage_Handler</STRONG> (Thumb, 2 bytes, Stack size 0 bytes, startup_stm32h745xx.o(.text))
<BR><BR>[Calls]<UL><LI><a href="#[3]">&gt;&gt;</a>&nbsp;&nbsp;&nbsp;MemManage_Handler
</UL>
<BR>[Called By]<UL><LI><a href="#[3]">&gt;&gt;</a>&nbsp;&nbsp;&nbsp;MemManage_Handler
</UL>
<BR>[Address Reference Count : 1]<UL><LI> startup_stm32h745xx.o(RESET)
</UL>
<P><STRONG><a name="[4]"></a>BusFault_Handler</STRONG> (Thumb, 2 bytes, Stack size 0 bytes, startup_stm32h745xx.o(.text))
<BR><BR>[Calls]<UL><LI><a href="#[4]">&gt;&gt;</a>&nbsp;&nbsp;&nbsp;BusFault_Handler
</UL>
<BR>[Called By]<UL><LI><a href="#[4]">&gt;&gt;</a>&nbsp;&nbsp;&nbsp;BusFault_Handler
</UL>
<BR>[Address Reference Count : 1]<UL><LI> startup_stm32h745xx.o(RESET)
</UL>
<P><STRONG><a name="[5]"></a>UsageFault_Handler</STRONG> (Thumb, 2 bytes, Stack size 0 bytes, startup_stm32h745xx.o(.text))
<BR><BR>[Calls]<UL><LI><a href="#[5]">&gt;&gt;</a>&nbsp;&nbsp;&nbsp;UsageFault_Handler
</UL>
<BR>[Called By]<UL><LI><a href="#[5]">&gt;&gt;</a>&nbsp;&nbsp;&nbsp;UsageFault_Handler
</UL>
<BR>[Address Reference Count : 1]<UL><LI> startup_stm32h745xx.o(RESET)
</UL>
<P><STRONG><a name="[6]"></a>SVC_Handler</STRONG> (Thumb, 2 bytes, Stack size 0 bytes, startup_stm32h745xx.o(.text))
<BR><BR>[Calls]<UL><LI><a href="#[6]">&gt;&gt;</a>&nbsp;&nbsp;&nbsp;SVC_Handler
</UL>
<BR>[Called By]<UL><LI><a href="#[6]">&gt;&gt;</a>&nbsp;&nbsp;&nbsp;SVC_Handler
</UL>
<BR>[Address Reference Count : 1]<UL><LI> startup_stm32h745xx.o(RESET)
</UL>
<P><STRONG><a name="[7]"></a>DebugMon_Handler</STRONG> (Thumb, 2 bytes, Stack size 0 bytes, startup_stm32h745xx.o(.text))
<BR><BR>[Calls]<UL><LI><a href="#[7]">&gt;&gt;</a>&nbsp;&nbsp;&nbsp;DebugMon_Handler
</UL>
<BR>[Called By]<UL><LI><a href="#[7]">&gt;&gt;</a>&nbsp;&nbsp;&nbsp;DebugMon_Handler
</UL>
<BR>[Address Reference Count : 1]<UL><LI> startup_stm32h745xx.o(RESET)
</UL>
<P><STRONG><a name="[8]"></a>PendSV_Handler</STRONG> (Thumb, 2 bytes, Stack size 0 bytes, startup_stm32h745xx.o(.text))
<BR><BR>[Calls]<UL><LI><a href="#[8]">&gt;&gt;</a>&nbsp;&nbsp;&nbsp;PendSV_Handler
</UL>
<BR>[Called By]<UL><LI><a href="#[8]">&gt;&gt;</a>&nbsp;&nbsp;&nbsp;PendSV_Handler
</UL>
<BR>[Address Reference Count : 1]<UL><LI> startup_stm32h745xx.o(RESET)
</UL>
<P><STRONG><a name="[84]"></a>ADC3_IRQHandler</STRONG> (Thumb, 0 bytes, Stack size 0 bytes, startup_stm32h745xx.o(.text))
<BR><BR>[Calls]<UL><LI><a href="#[84]">&gt;&gt;</a>&nbsp;&nbsp;&nbsp;ADC3_IRQHandler
</UL>
<BR>[Called By]<UL><LI><a href="#[84]">&gt;&gt;</a>&nbsp;&nbsp;&nbsp;ADC3_IRQHandler
</UL>
<BR>[Address Reference Count : 1]<UL><LI> startup_stm32h745xx.o(RESET)
</UL>
<P><STRONG><a name="[1c]"></a>ADC_IRQHandler</STRONG> (Thumb, 0 bytes, Stack size 0 bytes, startup_stm32h745xx.o(.text))
<BR>[Address Reference Count : 1]<UL><LI> startup_stm32h745xx.o(RESET)
</UL>
<P><STRONG><a name="[86]"></a>BDMA_Channel0_IRQHandler</STRONG> (Thumb, 0 bytes, Stack size 0 bytes, startup_stm32h745xx.o(.text))
<BR>[Address Reference Count : 1]<UL><LI> startup_stm32h745xx.o(RESET)
</UL>
<P><STRONG><a name="[87]"></a>BDMA_Channel1_IRQHandler</STRONG> (Thumb, 0 bytes, Stack size 0 bytes, startup_stm32h745xx.o(.text))
<BR>[Address Reference Count : 1]<UL><LI> startup_stm32h745xx.o(RESET)
</UL>
<P><STRONG><a name="[88]"></a>BDMA_Channel2_IRQHandler</STRONG> (Thumb, 0 bytes, Stack size 0 bytes, startup_stm32h745xx.o(.text))
<BR>[Address Reference Count : 1]<UL><LI> startup_stm32h745xx.o(RESET)
</UL>
<P><STRONG><a name="[89]"></a>BDMA_Channel3_IRQHandler</STRONG> (Thumb, 0 bytes, Stack size 0 bytes, startup_stm32h745xx.o(.text))
<BR>[Address Reference Count : 1]<UL><LI> startup_stm32h745xx.o(RESET)
</UL>
<P><STRONG><a name="[8a]"></a>BDMA_Channel4_IRQHandler</STRONG> (Thumb, 0 bytes, Stack size 0 bytes, startup_stm32h745xx.o(.text))
<BR>[Address Reference Count : 1]<UL><LI> startup_stm32h745xx.o(RESET)
</UL>
<P><STRONG><a name="[8b]"></a>BDMA_Channel5_IRQHandler</STRONG> (Thumb, 0 bytes, Stack size 0 bytes, startup_stm32h745xx.o(.text))
<BR>[Address Reference Count : 1]<UL><LI> startup_stm32h745xx.o(RESET)
</UL>
<P><STRONG><a name="[8c]"></a>BDMA_Channel6_IRQHandler</STRONG> (Thumb, 0 bytes, Stack size 0 bytes, startup_stm32h745xx.o(.text))
<BR>[Address Reference Count : 1]<UL><LI> startup_stm32h745xx.o(RESET)
</UL>
<P><STRONG><a name="[8d]"></a>BDMA_Channel7_IRQHandler</STRONG> (Thumb, 0 bytes, Stack size 0 bytes, startup_stm32h745xx.o(.text))
<BR>[Address Reference Count : 1]<UL><LI> startup_stm32h745xx.o(RESET)
</UL>
<P><STRONG><a name="[64]"></a>CEC_IRQHandler</STRONG> (Thumb, 0 bytes, Stack size 0 bytes, startup_stm32h745xx.o(.text))
<BR>[Address Reference Count : 1]<UL><LI> startup_stm32h745xx.o(RESET)
</UL>
<P><STRONG><a name="[4a]"></a>CM4_SEV_IRQHandler</STRONG> (Thumb, 0 bytes, Stack size 0 bytes, startup_stm32h745xx.o(.text))
<BR>[Address Reference Count : 1]<UL><LI> startup_stm32h745xx.o(RESET)
</UL>
<P><STRONG><a name="[49]"></a>CM7_SEV_IRQHandler</STRONG> (Thumb, 0 bytes, Stack size 0 bytes, startup_stm32h745xx.o(.text))
<BR>[Address Reference Count : 1]<UL><LI> startup_stm32h745xx.o(RESET)
</UL>
<P><STRONG><a name="[8e]"></a>COMP1_IRQHandler</STRONG> (Thumb, 0 bytes, Stack size 0 bytes, startup_stm32h745xx.o(.text))
<BR>[Address Reference Count : 1]<UL><LI> startup_stm32h745xx.o(RESET)
</UL>
<P><STRONG><a name="[95]"></a>CRS_IRQHandler</STRONG> (Thumb, 0 bytes, Stack size 0 bytes, startup_stm32h745xx.o(.text))
<BR>[Address Reference Count : 1]<UL><LI> startup_stm32h745xx.o(RESET)
</UL>
<P><STRONG><a name="[55]"></a>DCMI_IRQHandler</STRONG> (Thumb, 0 bytes, Stack size 0 bytes, startup_stm32h745xx.o(.text))
<BR>[Address Reference Count : 1]<UL><LI> startup_stm32h745xx.o(RESET)
</UL>
<P><STRONG><a name="[74]"></a>DFSDM1_FLT0_IRQHandler</STRONG> (Thumb, 0 bytes, Stack size 0 bytes, startup_stm32h745xx.o(.text))
<BR>[Address Reference Count : 1]<UL><LI> startup_stm32h745xx.o(RESET)
</UL>
<P><STRONG><a name="[75]"></a>DFSDM1_FLT1_IRQHandler</STRONG> (Thumb, 0 bytes, Stack size 0 bytes, startup_stm32h745xx.o(.text))
<BR>[Address Reference Count : 1]<UL><LI> startup_stm32h745xx.o(RESET)
</UL>
<P><STRONG><a name="[76]"></a>DFSDM1_FLT2_IRQHandler</STRONG> (Thumb, 0 bytes, Stack size 0 bytes, startup_stm32h745xx.o(.text))
<BR>[Address Reference Count : 1]<UL><LI> startup_stm32h745xx.o(RESET)
</UL>
<P><STRONG><a name="[77]"></a>DFSDM1_FLT3_IRQHandler</STRONG> (Thumb, 0 bytes, Stack size 0 bytes, startup_stm32h745xx.o(.text))
<BR>[Address Reference Count : 1]<UL><LI> startup_stm32h745xx.o(RESET)
</UL>
<P><STRONG><a name="[17]"></a>DMA1_Stream2_IRQHandler</STRONG> (Thumb, 0 bytes, Stack size 0 bytes, startup_stm32h745xx.o(.text))
<BR>[Address Reference Count : 1]<UL><LI> startup_stm32h745xx.o(RESET)
</UL>
<P><STRONG><a name="[19]"></a>DMA1_Stream4_IRQHandler</STRONG> (Thumb, 0 bytes, Stack size 0 bytes, startup_stm32h745xx.o(.text))
<BR>[Address Reference Count : 1]<UL><LI> startup_stm32h745xx.o(RESET)
</UL>
<P><STRONG><a name="[1a]"></a>DMA1_Stream5_IRQHandler</STRONG> (Thumb, 0 bytes, Stack size 0 bytes, startup_stm32h745xx.o(.text))
<BR>[Address Reference Count : 1]<UL><LI> startup_stm32h745xx.o(RESET)
</UL>
<P><STRONG><a name="[1b]"></a>DMA1_Stream6_IRQHandler</STRONG> (Thumb, 0 bytes, Stack size 0 bytes, startup_stm32h745xx.o(.text))
<BR>[Address Reference Count : 1]<UL><LI> startup_stm32h745xx.o(RESET)
</UL>
<P><STRONG><a name="[38]"></a>DMA1_Stream7_IRQHandler</STRONG> (Thumb, 0 bytes, Stack size 0 bytes, startup_stm32h745xx.o(.text))
<BR>[Address Reference Count : 1]<UL><LI> startup_stm32h745xx.o(RESET)
</UL>
<P><STRONG><a name="[60]"></a>DMA2D_IRQHandler</STRONG> (Thumb, 0 bytes, Stack size 0 bytes, startup_stm32h745xx.o(.text))
<BR>[Address Reference Count : 1]<UL><LI> startup_stm32h745xx.o(RESET)
</UL>
<P><STRONG><a name="[41]"></a>DMA2_Stream0_IRQHandler</STRONG> (Thumb, 0 bytes, Stack size 0 bytes, startup_stm32h745xx.o(.text))
<BR>[Address Reference Count : 1]<UL><LI> startup_stm32h745xx.o(RESET)
</UL>
<P><STRONG><a name="[42]"></a>DMA2_Stream1_IRQHandler</STRONG> (Thumb, 0 bytes, Stack size 0 bytes, startup_stm32h745xx.o(.text))
<BR>[Address Reference Count : 1]<UL><LI> startup_stm32h745xx.o(RESET)
</UL>
<P><STRONG><a name="[43]"></a>DMA2_Stream2_IRQHandler</STRONG> (Thumb, 0 bytes, Stack size 0 bytes, startup_stm32h745xx.o(.text))
<BR>[Address Reference Count : 1]<UL><LI> startup_stm32h745xx.o(RESET)
</UL>
<P><STRONG><a name="[44]"></a>DMA2_Stream3_IRQHandler</STRONG> (Thumb, 0 bytes, Stack size 0 bytes, startup_stm32h745xx.o(.text))
<BR>[Address Reference Count : 1]<UL><LI> startup_stm32h745xx.o(RESET)
</UL>
<P><STRONG><a name="[45]"></a>DMA2_Stream4_IRQHandler</STRONG> (Thumb, 0 bytes, Stack size 0 bytes, startup_stm32h745xx.o(.text))
<BR>[Address Reference Count : 1]<UL><LI> startup_stm32h745xx.o(RESET)
</UL>
<P><STRONG><a name="[4b]"></a>DMA2_Stream5_IRQHandler</STRONG> (Thumb, 0 bytes, Stack size 0 bytes, startup_stm32h745xx.o(.text))
<BR>[Address Reference Count : 1]<UL><LI> startup_stm32h745xx.o(RESET)
</UL>
<P><STRONG><a name="[4c]"></a>DMA2_Stream6_IRQHandler</STRONG> (Thumb, 0 bytes, Stack size 0 bytes, startup_stm32h745xx.o(.text))
<BR>[Address Reference Count : 1]<UL><LI> startup_stm32h745xx.o(RESET)
</UL>
<P><STRONG><a name="[4d]"></a>DMA2_Stream7_IRQHandler</STRONG> (Thumb, 0 bytes, Stack size 0 bytes, startup_stm32h745xx.o(.text))
<BR>[Address Reference Count : 1]<UL><LI> startup_stm32h745xx.o(RESET)
</UL>
<P><STRONG><a name="[6c]"></a>DMAMUX1_OVR_IRQHandler</STRONG> (Thumb, 0 bytes, Stack size 0 bytes, startup_stm32h745xx.o(.text))
<BR>[Address Reference Count : 1]<UL><LI> startup_stm32h745xx.o(RESET)
</UL>
<P><STRONG><a name="[85]"></a>DMAMUX2_OVR_IRQHandler</STRONG> (Thumb, 0 bytes, Stack size 0 bytes, startup_stm32h745xx.o(.text))
<BR>[Address Reference Count : 1]<UL><LI> startup_stm32h745xx.o(RESET)
</UL>
<P><STRONG><a name="[96]"></a>ECC_IRQHandler</STRONG> (Thumb, 0 bytes, Stack size 0 bytes, startup_stm32h745xx.o(.text))
<BR>[Address Reference Count : 1]<UL><LI> startup_stm32h745xx.o(RESET)
</UL>
<P><STRONG><a name="[46]"></a>ETH_IRQHandler</STRONG> (Thumb, 0 bytes, Stack size 0 bytes, startup_stm32h745xx.o(.text))
<BR>[Address Reference Count : 1]<UL><LI> startup_stm32h745xx.o(RESET)
</UL>
<P><STRONG><a name="[47]"></a>ETH_WKUP_IRQHandler</STRONG> (Thumb, 0 bytes, Stack size 0 bytes, startup_stm32h745xx.o(.text))
<BR>[Address Reference Count : 1]<UL><LI> startup_stm32h745xx.o(RESET)
</UL>
<P><STRONG><a name="[10]"></a>EXTI0_IRQHandler</STRONG> (Thumb, 0 bytes, Stack size 0 bytes, startup_stm32h745xx.o(.text))
<BR>[Address Reference Count : 1]<UL><LI> startup_stm32h745xx.o(RESET)
</UL>
<P><STRONG><a name="[32]"></a>EXTI15_10_IRQHandler</STRONG> (Thumb, 0 bytes, Stack size 0 bytes, startup_stm32h745xx.o(.text))
<BR>[Address Reference Count : 1]<UL><LI> startup_stm32h745xx.o(RESET)
</UL>
<P><STRONG><a name="[11]"></a>EXTI1_IRQHandler</STRONG> (Thumb, 0 bytes, Stack size 0 bytes, startup_stm32h745xx.o(.text))
<BR>[Address Reference Count : 1]<UL><LI> startup_stm32h745xx.o(RESET)
</UL>
<P><STRONG><a name="[12]"></a>EXTI2_IRQHandler</STRONG> (Thumb, 0 bytes, Stack size 0 bytes, startup_stm32h745xx.o(.text))
<BR>[Address Reference Count : 1]<UL><LI> startup_stm32h745xx.o(RESET)
</UL>
<P><STRONG><a name="[13]"></a>EXTI3_IRQHandler</STRONG> (Thumb, 0 bytes, Stack size 0 bytes, startup_stm32h745xx.o(.text))
<BR>[Address Reference Count : 1]<UL><LI> startup_stm32h745xx.o(RESET)
</UL>
<P><STRONG><a name="[14]"></a>EXTI4_IRQHandler</STRONG> (Thumb, 0 bytes, Stack size 0 bytes, startup_stm32h745xx.o(.text))
<BR>[Address Reference Count : 1]<UL><LI> startup_stm32h745xx.o(RESET)
</UL>
<P><STRONG><a name="[21]"></a>EXTI9_5_IRQHandler</STRONG> (Thumb, 0 bytes, Stack size 0 bytes, startup_stm32h745xx.o(.text))
<BR>[Address Reference Count : 1]<UL><LI> startup_stm32h745xx.o(RESET)
</UL>
<P><STRONG><a name="[1e]"></a>FDCAN2_IT0_IRQHandler</STRONG> (Thumb, 0 bytes, Stack size 0 bytes, startup_stm32h745xx.o(.text))
<BR>[Address Reference Count : 1]<UL><LI> startup_stm32h745xx.o(RESET)
</UL>
<P><STRONG><a name="[20]"></a>FDCAN2_IT1_IRQHandler</STRONG> (Thumb, 0 bytes, Stack size 0 bytes, startup_stm32h745xx.o(.text))
<BR>[Address Reference Count : 1]<UL><LI> startup_stm32h745xx.o(RESET)
</UL>
<P><STRONG><a name="[48]"></a>FDCAN_CAL_IRQHandler</STRONG> (Thumb, 0 bytes, Stack size 0 bytes, startup_stm32h745xx.o(.text))
<BR>[Address Reference Count : 1]<UL><LI> startup_stm32h745xx.o(RESET)
</UL>
<P><STRONG><a name="[e]"></a>FLASH_IRQHandler</STRONG> (Thumb, 0 bytes, Stack size 0 bytes, startup_stm32h745xx.o(.text))
<BR>[Address Reference Count : 1]<UL><LI> startup_stm32h745xx.o(RESET)
</UL>
<P><STRONG><a name="[39]"></a>FMC_IRQHandler</STRONG> (Thumb, 0 bytes, Stack size 0 bytes, startup_stm32h745xx.o(.text))
<BR>[Address Reference Count : 1]<UL><LI> startup_stm32h745xx.o(RESET)
</UL>
<P><STRONG><a name="[57]"></a>FPU_IRQHandler</STRONG> (Thumb, 0 bytes, Stack size 0 bytes, startup_stm32h745xx.o(.text))
<BR>[Address Reference Count : 1]<UL><LI> startup_stm32h745xx.o(RESET)
</UL>
<P><STRONG><a name="[98]"></a>HOLD_CORE_IRQHandler</STRONG> (Thumb, 0 bytes, Stack size 0 bytes, startup_stm32h745xx.o(.text))
<BR>[Address Reference Count : 1]<UL><LI> startup_stm32h745xx.o(RESET)
</UL>
<P><STRONG><a name="[73]"></a>HRTIM1_FLT_IRQHandler</STRONG> (Thumb, 0 bytes, Stack size 0 bytes, startup_stm32h745xx.o(.text))
<BR>[Address Reference Count : 1]<UL><LI> startup_stm32h745xx.o(RESET)
</UL>
<P><STRONG><a name="[6d]"></a>HRTIM1_Master_IRQHandler</STRONG> (Thumb, 0 bytes, Stack size 0 bytes, startup_stm32h745xx.o(.text))
<BR>[Address Reference Count : 1]<UL><LI> startup_stm32h745xx.o(RESET)
</UL>
<P><STRONG><a name="[6e]"></a>HRTIM1_TIMA_IRQHandler</STRONG> (Thumb, 0 bytes, Stack size 0 bytes, startup_stm32h745xx.o(.text))
<BR>[Address Reference Count : 1]<UL><LI> startup_stm32h745xx.o(RESET)
</UL>
<P><STRONG><a name="[6f]"></a>HRTIM1_TIMB_IRQHandler</STRONG> (Thumb, 0 bytes, Stack size 0 bytes, startup_stm32h745xx.o(.text))
<BR>[Address Reference Count : 1]<UL><LI> startup_stm32h745xx.o(RESET)
</UL>
<P><STRONG><a name="[70]"></a>HRTIM1_TIMC_IRQHandler</STRONG> (Thumb, 0 bytes, Stack size 0 bytes, startup_stm32h745xx.o(.text))
<BR>[Address Reference Count : 1]<UL><LI> startup_stm32h745xx.o(RESET)
</UL>
<P><STRONG><a name="[71]"></a>HRTIM1_TIMD_IRQHandler</STRONG> (Thumb, 0 bytes, Stack size 0 bytes, startup_stm32h745xx.o(.text))
<BR>[Address Reference Count : 1]<UL><LI> startup_stm32h745xx.o(RESET)
</UL>
<P><STRONG><a name="[72]"></a>HRTIM1_TIME_IRQHandler</STRONG> (Thumb, 0 bytes, Stack size 0 bytes, startup_stm32h745xx.o(.text))
<BR>[Address Reference Count : 1]<UL><LI> startup_stm32h745xx.o(RESET)
</UL>
<P><STRONG><a name="[82]"></a>HSEM1_IRQHandler</STRONG> (Thumb, 0 bytes, Stack size 0 bytes, startup_stm32h745xx.o(.text))
<BR>[Address Reference Count : 1]<UL><LI> startup_stm32h745xx.o(RESET)
</UL>
<P><STRONG><a name="[83]"></a>HSEM2_IRQHandler</STRONG> (Thumb, 0 bytes, Stack size 0 bytes, startup_stm32h745xx.o(.text))
<BR>[Address Reference Count : 1]<UL><LI> startup_stm32h745xx.o(RESET)
</UL>
<P><STRONG><a name="[2a]"></a>I2C1_ER_IRQHandler</STRONG> (Thumb, 0 bytes, Stack size 0 bytes, startup_stm32h745xx.o(.text))
<BR>[Address Reference Count : 1]<UL><LI> startup_stm32h745xx.o(RESET)
</UL>
<P><STRONG><a name="[29]"></a>I2C1_EV_IRQHandler</STRONG> (Thumb, 0 bytes, Stack size 0 bytes, startup_stm32h745xx.o(.text))
<BR>[Address Reference Count : 1]<UL><LI> startup_stm32h745xx.o(RESET)
</UL>
<P><STRONG><a name="[2c]"></a>I2C2_ER_IRQHandler</STRONG> (Thumb, 0 bytes, Stack size 0 bytes, startup_stm32h745xx.o(.text))
<BR>[Address Reference Count : 1]<UL><LI> startup_stm32h745xx.o(RESET)
</UL>
<P><STRONG><a name="[2b]"></a>I2C2_EV_IRQHandler</STRONG> (Thumb, 0 bytes, Stack size 0 bytes, startup_stm32h745xx.o(.text))
<BR>[Address Reference Count : 1]<UL><LI> startup_stm32h745xx.o(RESET)
</UL>
<P><STRONG><a name="[50]"></a>I2C3_ER_IRQHandler</STRONG> (Thumb, 0 bytes, Stack size 0 bytes, startup_stm32h745xx.o(.text))
<BR>[Address Reference Count : 1]<UL><LI> startup_stm32h745xx.o(RESET)
</UL>
<P><STRONG><a name="[4f]"></a>I2C3_EV_IRQHandler</STRONG> (Thumb, 0 bytes, Stack size 0 bytes, startup_stm32h745xx.o(.text))
<BR>[Address Reference Count : 1]<UL><LI> startup_stm32h745xx.o(RESET)
</UL>
<P><STRONG><a name="[66]"></a>I2C4_ER_IRQHandler</STRONG> (Thumb, 0 bytes, Stack size 0 bytes, startup_stm32h745xx.o(.text))
<BR>[Address Reference Count : 1]<UL><LI> startup_stm32h745xx.o(RESET)
</UL>
<P><STRONG><a name="[65]"></a>I2C4_EV_IRQHandler</STRONG> (Thumb, 0 bytes, Stack size 0 bytes, startup_stm32h745xx.o(.text))
<BR>[Address Reference Count : 1]<UL><LI> startup_stm32h745xx.o(RESET)
</UL>
<P><STRONG><a name="[7f]"></a>JPEG_IRQHandler</STRONG> (Thumb, 0 bytes, Stack size 0 bytes, startup_stm32h745xx.o(.text))
<BR>[Address Reference Count : 1]<UL><LI> startup_stm32h745xx.o(RESET)
</UL>
<P><STRONG><a name="[63]"></a>LPTIM1_IRQHandler</STRONG> (Thumb, 0 bytes, Stack size 0 bytes, startup_stm32h745xx.o(.text))
<BR>[Address Reference Count : 1]<UL><LI> startup_stm32h745xx.o(RESET)
</UL>
<P><STRONG><a name="[8f]"></a>LPTIM2_IRQHandler</STRONG> (Thumb, 0 bytes, Stack size 0 bytes, startup_stm32h745xx.o(.text))
<BR>[Address Reference Count : 1]<UL><LI> startup_stm32h745xx.o(RESET)
</UL>
<P><STRONG><a name="[90]"></a>LPTIM3_IRQHandler</STRONG> (Thumb, 0 bytes, Stack size 0 bytes, startup_stm32h745xx.o(.text))
<BR>[Address Reference Count : 1]<UL><LI> startup_stm32h745xx.o(RESET)
</UL>
<P><STRONG><a name="[91]"></a>LPTIM4_IRQHandler</STRONG> (Thumb, 0 bytes, Stack size 0 bytes, startup_stm32h745xx.o(.text))
<BR>[Address Reference Count : 1]<UL><LI> startup_stm32h745xx.o(RESET)
</UL>
<P><STRONG><a name="[92]"></a>LPTIM5_IRQHandler</STRONG> (Thumb, 0 bytes, Stack size 0 bytes, startup_stm32h745xx.o(.text))
<BR>[Address Reference Count : 1]<UL><LI> startup_stm32h745xx.o(RESET)
</UL>
<P><STRONG><a name="[93]"></a>LPUART1_IRQHandler</STRONG> (Thumb, 0 bytes, Stack size 0 bytes, startup_stm32h745xx.o(.text))
<BR>[Address Reference Count : 1]<UL><LI> startup_stm32h745xx.o(RESET)
</UL>
<P><STRONG><a name="[5f]"></a>LTDC_ER_IRQHandler</STRONG> (Thumb, 0 bytes, Stack size 0 bytes, startup_stm32h745xx.o(.text))
<BR>[Address Reference Count : 1]<UL><LI> startup_stm32h745xx.o(RESET)
</UL>
<P><STRONG><a name="[5e]"></a>LTDC_IRQHandler</STRONG> (Thumb, 0 bytes, Stack size 0 bytes, startup_stm32h745xx.o(.text))
<BR>[Address Reference Count : 1]<UL><LI> startup_stm32h745xx.o(RESET)
</UL>
<P><STRONG><a name="[7e]"></a>MDIOS_IRQHandler</STRONG> (Thumb, 0 bytes, Stack size 0 bytes, startup_stm32h745xx.o(.text))
<BR>[Address Reference Count : 1]<UL><LI> startup_stm32h745xx.o(RESET)
</UL>
<P><STRONG><a name="[7d]"></a>MDIOS_WKUP_IRQHandler</STRONG> (Thumb, 0 bytes, Stack size 0 bytes, startup_stm32h745xx.o(.text))
<BR>[Address Reference Count : 1]<UL><LI> startup_stm32h745xx.o(RESET)
</UL>
<P><STRONG><a name="[80]"></a>MDMA_IRQHandler</STRONG> (Thumb, 0 bytes, Stack size 0 bytes, startup_stm32h745xx.o(.text))
<BR>[Address Reference Count : 1]<UL><LI> startup_stm32h745xx.o(RESET)
</UL>
<P><STRONG><a name="[69]"></a>OTG_FS_EP1_IN_IRQHandler</STRONG> (Thumb, 0 bytes, Stack size 0 bytes, startup_stm32h745xx.o(.text))
<BR>[Address Reference Count : 1]<UL><LI> startup_stm32h745xx.o(RESET)
</UL>
<P><STRONG><a name="[68]"></a>OTG_FS_EP1_OUT_IRQHandler</STRONG> (Thumb, 0 bytes, Stack size 0 bytes, startup_stm32h745xx.o(.text))
<BR>[Address Reference Count : 1]<UL><LI> startup_stm32h745xx.o(RESET)
</UL>
<P><STRONG><a name="[6b]"></a>OTG_FS_IRQHandler</STRONG> (Thumb, 0 bytes, Stack size 0 bytes, startup_stm32h745xx.o(.text))
<BR>[Address Reference Count : 1]<UL><LI> startup_stm32h745xx.o(RESET)
</UL>
<P><STRONG><a name="[6a]"></a>OTG_FS_WKUP_IRQHandler</STRONG> (Thumb, 0 bytes, Stack size 0 bytes, startup_stm32h745xx.o(.text))
<BR>[Address Reference Count : 1]<UL><LI> startup_stm32h745xx.o(RESET)
</UL>
<P><STRONG><a name="[52]"></a>OTG_HS_EP1_IN_IRQHandler</STRONG> (Thumb, 0 bytes, Stack size 0 bytes, startup_stm32h745xx.o(.text))
<BR>[Address Reference Count : 1]<UL><LI> startup_stm32h745xx.o(RESET)
</UL>
<P><STRONG><a name="[51]"></a>OTG_HS_EP1_OUT_IRQHandler</STRONG> (Thumb, 0 bytes, Stack size 0 bytes, startup_stm32h745xx.o(.text))
<BR>[Address Reference Count : 1]<UL><LI> startup_stm32h745xx.o(RESET)
</UL>
<P><STRONG><a name="[54]"></a>OTG_HS_IRQHandler</STRONG> (Thumb, 0 bytes, Stack size 0 bytes, startup_stm32h745xx.o(.text))
<BR>[Address Reference Count : 1]<UL><LI> startup_stm32h745xx.o(RESET)
</UL>
<P><STRONG><a name="[53]"></a>OTG_HS_WKUP_IRQHandler</STRONG> (Thumb, 0 bytes, Stack size 0 bytes, startup_stm32h745xx.o(.text))
<BR>[Address Reference Count : 1]<UL><LI> startup_stm32h745xx.o(RESET)
</UL>
<P><STRONG><a name="[b]"></a>PVD_AVD_IRQHandler</STRONG> (Thumb, 0 bytes, Stack size 0 bytes, startup_stm32h745xx.o(.text))
<BR>[Address Reference Count : 1]<UL><LI> startup_stm32h745xx.o(RESET)
</UL>
<P><STRONG><a name="[62]"></a>QUADSPI_IRQHandler</STRONG> (Thumb, 0 bytes, Stack size 0 bytes, startup_stm32h745xx.o(.text))
<BR>[Address Reference Count : 1]<UL><LI> startup_stm32h745xx.o(RESET)
</UL>
<P><STRONG><a name="[f]"></a>RCC_IRQHandler</STRONG> (Thumb, 0 bytes, Stack size 0 bytes, startup_stm32h745xx.o(.text))
<BR>[Address Reference Count : 1]<UL><LI> startup_stm32h745xx.o(RESET)
</UL>
<P><STRONG><a name="[56]"></a>RNG_IRQHandler</STRONG> (Thumb, 0 bytes, Stack size 0 bytes, startup_stm32h745xx.o(.text))
<BR>[Address Reference Count : 1]<UL><LI> startup_stm32h745xx.o(RESET)
</UL>
<P><STRONG><a name="[33]"></a>RTC_Alarm_IRQHandler</STRONG> (Thumb, 0 bytes, Stack size 0 bytes, startup_stm32h745xx.o(.text))
<BR>[Address Reference Count : 1]<UL><LI> startup_stm32h745xx.o(RESET)
</UL>
<P><STRONG><a name="[d]"></a>RTC_WKUP_IRQHandler</STRONG> (Thumb, 0 bytes, Stack size 0 bytes, startup_stm32h745xx.o(.text))
[...]
</UL>
<BR>[Called By]<UL><LI><a href="#[104]">&gt;&gt;</a>&nbsp;&nbsp;&nbsp;log
</UL>

<P><STRONG><a name="[d9]"></a>__hardfp_pow</STRONG> (Thumb, 2108 bytes, Stack size 192 bytes, pow.o(i.__hardfp_pow))
<BR><BR>[Stack]<UL><LI>Max Depth = 224<LI>Call Chain = __hardfp_pow &rArr; sqrt &rArr; __set_errno
</UL>
<BR>[Calls]<UL><LI><a href="#[f5]">&gt;&gt;</a>&nbsp;&nbsp;&nbsp;__kernel_poly
<LI><a href="#[d3]">&gt;&gt;</a>&nbsp;&nbsp;&nbsp;__ARM_fpclassify
<LI><a href="#[f9]">&gt;&gt;</a>&nbsp;&nbsp;&nbsp;fabs
<LI><a href="#[f8]">&gt;&gt;</a>&nbsp;&nbsp;&nbsp;__mathlib_dbl_underflow
<LI><a href="#[10a]">&gt;&gt;</a>&nbsp;&nbsp;&nbsp;__mathlib_dbl_overflow
<LI><a href="#[f4]">&gt;&gt;</a>&nbsp;&nbsp;&nbsp;__mathlib_dbl_invalid
<LI><a href="#[fb]">&gt;&gt;</a>&nbsp;&nbsp;&nbsp;__mathlib_dbl_infnan2
<LI><a href="#[10d]">&gt;&gt;</a>&nbsp;&nbsp;&nbsp;__mathlib_dbl_divzero
<LI><a href="#[10e]">&gt;&gt;</a>&nbsp;&nbsp;&nbsp;__ARM_scalbn
<LI><a href="#[cb]">&gt;&gt;</a>&nbsp;&nbsp;&nbsp;__set_errno
<LI><a href="#[f6]">&gt;&gt;</a>&nbsp;&nbsp;&nbsp;sqrt
</UL>
<BR>[Called By]<UL><LI><a href="#[ec]">&gt;&gt;</a>&nbsp;&nbsp;&nbsp;TG_TrajGen (via Veneer)
<LI><a href="#[d8]">&gt;&gt;</a>&nbsp;&nbsp;&nbsp;Joints_CalcFrictionCompensate
</UL>

<P><STRONG><a name="[10f]"></a>__hardfp_sin</STRONG> (Thumb, 158 bytes, Stack size 32 bytes, sin.o(i.__hardfp_sin))
<BR><BR>[Stack]<UL><LI>Max Depth = 184<LI>Call Chain = __hardfp_sin &rArr; __ieee754_rem_pio2 &rArr; fabs
</UL>
<BR>[Calls]<UL><LI><a href="#[ff]">&gt;&gt;</a>&nbsp;&nbsp;&nbsp;__kernel_sin
<LI><a href="#[fe]">&gt;&gt;</a>&nbsp;&nbsp;&nbsp;__ieee754_rem_pio2
<LI><a href="#[f4]">&gt;&gt;</a>&nbsp;&nbsp;&nbsp;__mathlib_dbl_invalid
<LI><a href="#[100]">&gt;&gt;</a>&nbsp;&nbsp;&nbsp;__kernel_cos
<LI><a href="#[cb]">&gt;&gt;</a>&nbsp;&nbsp;&nbsp;__set_errno
</UL>
<BR>[Called By]<UL><LI><a href="#[107]">&gt;&gt;</a>&nbsp;&nbsp;&nbsp;sin
<LI><a href="#[12b]">&gt;&gt;</a>&nbsp;&nbsp;&nbsp;Kin_FKCalc (via Veneer)
<LI><a href="#[12f]">&gt;&gt;</a>&nbsp;&nbsp;&nbsp;Kin_IKRaw (via Veneer)
<LI><a href="#[132]">&gt;&gt;</a>&nbsp;&nbsp;&nbsp;RNEA_CalcTorques (via Veneer)
<LI><a href="#[e2]">&gt;&gt;</a>&nbsp;&nbsp;&nbsp;RNEA_Conf (via Veneer)
<LI><a href="#[122]">&gt;&gt;</a>&nbsp;&nbsp;&nbsp;HRX (via Veneer)
<LI><a href="#[121]">&gt;&gt;</a>&nbsp;&nbsp;&nbsp;HRY (via Veneer)
<LI><a href="#[120]">&gt;&gt;</a>&nbsp;&nbsp;&nbsp;HRZ (via Veneer)
</UL>

<P><STRONG><a name="[110]"></a>__hardfp_sqrt</STRONG> (Thumb, 102 bytes, Stack size 24 bytes, sqrt.o(i.__hardfp_sqrt))
<BR><BR>[Stack]<UL><LI>Max Depth = 32<LI>Call Chain = __hardfp_sqrt &rArr; __set_errno
</UL>
<BR>[Calls]<UL><LI><a href="#[cb]">&gt;&gt;</a>&nbsp;&nbsp;&nbsp;__set_errno
</UL>
<BR>[Called By]<UL><LI><a href="#[12b]">&gt;&gt;</a>&nbsp;&nbsp;&nbsp;Kin_FKCalc (via Veneer)
<LI><a href="#[12f]">&gt;&gt;</a>&nbsp;&nbsp;&nbsp;Kin_IKRaw (via Veneer)
<LI><a href="#[ec]">&gt;&gt;</a>&nbsp;&nbsp;&nbsp;TG_TrajGen (via Veneer)
</UL>

<P><STRONG><a name="[fe]"></a>__ieee754_rem_pio2</STRONG> (Thumb, 646 bytes, Stack size 144 bytes, rred.o(i.__ieee754_rem_pio2))
<BR><BR>[Stack]<UL><LI>Max Depth = 152<LI>Call Chain = __ieee754_rem_pio2 &rArr; fabs
</UL>
<BR>[Calls]<UL><LI><a href="#[f9]">&gt;&gt;</a>&nbsp;&nbsp;&nbsp;fabs
</UL>
<BR>[Called By]<UL><LI><a href="#[10f]">&gt;&gt;</a>&nbsp;&nbsp;&nbsp;__hardfp_sin
<LI><a href="#[fd]">&gt;&gt;</a>&nbsp;&nbsp;&nbsp;__hardfp_cos
</UL>

<P><STRONG><a name="[100]"></a>__kernel_cos</STRONG> (Thumb, 182 bytes, Stack size 48 bytes, cos_i.o(i.__kernel_cos))
<BR><BR>[Stack]<UL><LI>Max Depth = 48<LI>Call Chain = __kernel_cos
</UL>
<BR>[Calls]<UL><LI><a href="#[f5]">&gt;&gt;</a>&nbsp;&nbsp;&nbsp;__kernel_poly
</UL>
<BR>[Called By]<UL><LI><a href="#[10f]">&gt;&gt;</a>&nbsp;&nbsp;&nbsp;__hardfp_sin
<LI><a href="#[fd]">&gt;&gt;</a>&nbsp;&nbsp;&nbsp;__hardfp_cos
</UL>

<P><STRONG><a name="[f5]"></a>__kernel_poly</STRONG> (Thumb, 112 bytes, Stack size 0 bytes, poly.o(i.__kernel_poly))
<BR><BR>[Called By]<UL><LI><a href="#[ff]">&gt;&gt;</a>&nbsp;&nbsp;&nbsp;__kernel_sin
<LI><a href="#[10c]">&gt;&gt;</a>&nbsp;&nbsp;&nbsp;__hardfp_log
<LI><a href="#[109]">&gt;&gt;</a>&nbsp;&nbsp;&nbsp;__hardfp_exp
<LI><a href="#[100]">&gt;&gt;</a>&nbsp;&nbsp;&nbsp;__kernel_cos
<LI><a href="#[f7]">&gt;&gt;</a>&nbsp;&nbsp;&nbsp;__hardfp_atan
<LI><a href="#[d9]">&gt;&gt;</a>&nbsp;&nbsp;&nbsp;__hardfp_pow
<LI><a href="#[f2]">&gt;&gt;</a>&nbsp;&nbsp;&nbsp;__hardfp_acos
</UL>

<P><STRONG><a name="[ff]"></a>__kernel_sin</STRONG> (Thumb, 144 bytes, Stack size 56 bytes, sin_i.o(i.__kernel_sin))
<BR><BR>[Stack]<UL><LI>Max Depth = 64<LI>Call Chain = __kernel_sin &rArr; __ARM_fpclassify
</UL>
<BR>[Calls]<UL><LI><a href="#[f5]">&gt;&gt;</a>&nbsp;&nbsp;&nbsp;__kernel_poly
<LI><a href="#[d3]">&gt;&gt;</a>&nbsp;&nbsp;&nbsp;__ARM_fpclassify
<LI><a href="#[f8]">&gt;&gt;</a>&nbsp;&nbsp;&nbsp;__mathlib_dbl_underflow
</UL>
<BR>[Called By]<UL><LI><a href="#[10f]">&gt;&gt;</a>&nbsp;&nbsp;&nbsp;__hardfp_sin
<LI><a href="#[fd]">&gt;&gt;</a>&nbsp;&nbsp;&nbsp;__hardfp_cos
</UL>

<P><STRONG><a name="[10d]"></a>__mathlib_dbl_divzero</STRONG> (Thumb, 14 bytes, Stack size 0 bytes, dunder.o(i.__mathlib_dbl_divzero))
<BR><BR>[Called By]<UL><LI><a href="#[10c]">&gt;&gt;</a>&nbsp;&nbsp;&nbsp;__hardfp_log
<LI><a href="#[d9]">&gt;&gt;</a>&nbsp;&nbsp;&nbsp;__hardfp_pow
</UL>

<P><STRONG><a name="[f3]"></a>__mathlib_dbl_infnan</STRONG> (Thumb, 6 bytes, Stack size 0 bytes, dunder.o(i.__mathlib_dbl_infnan))
<BR><BR>[Called By]<UL><LI><a href="#[10c]">&gt;&gt;</a>&nbsp;&nbsp;&nbsp;__hardfp_log
<LI><a href="#[109]">&gt;&gt;</a>&nbsp;&nbsp;&nbsp;__hardfp_exp
<LI><a href="#[f7]">&gt;&gt;</a>&nbsp;&nbsp;&nbsp;__hardfp_atan
<LI><a href="#[f2]">&gt;&gt;</a>&nbsp;&nbsp;&nbsp;__hardfp_acos
</UL>

<P><STRONG><a name="[fb]"></a>__mathlib_dbl_infnan2</STRONG> (Thumb, 6 bytes, Stack size 0 bytes, dunder.o(i.__mathlib_dbl_infnan2))
<BR><BR>[Called By]<UL><LI><a href="#[d9]">&gt;&gt;</a>&nbsp;&nbsp;&nbsp;__hardfp_pow
<LI><a href="#[fa]">&gt;&gt;</a>&nbsp;&nbsp;&nbsp;__hardfp_atan2
</UL>

<P><STRONG><a name="[f4]"></a>__mathlib_dbl_invalid</STRONG> (Thumb, 10 bytes, Stack size 0 bytes, dunder.o(i.__mathlib_dbl_invalid))
<BR><BR>[Called By]<UL><LI><a href="#[10c]">&gt;&gt;</a>&nbsp;&nbsp;&nbsp;__hardfp_log
<LI><a href="#[10f]">&gt;&gt;</a>&nbsp;&nbsp;&nbsp;__hardfp_sin
<LI><a href="#[d9]">&gt;&gt;</a>&nbsp;&nbsp;&nbsp;__hardfp_pow
<LI><a href="#[fd]">&gt;&gt;</a>&nbsp;&nbsp;&nbsp;__hardfp_cos
<LI><a href="#[f2]">&gt;&gt;</a>&nbsp;&nbsp;&nbsp;__hardfp_acos
</UL>

<P><STRONG><a name="[10a]"></a>__mathlib_dbl_overflow</STRONG> (Thumb, 10 bytes, Stack size 0 bytes, dunder.o(i.__mathlib_dbl_overflow))
<BR><BR>[Called By]<UL><LI><a href="#[10b]">&gt;&gt;</a>&nbsp;&nbsp;&nbsp;__hardfp_hypot
<LI><a href="#[109]">&gt;&gt;</a>&nbsp;&nbsp;&nbsp;__hardfp_exp
<LI><a href="#[d9]">&gt;&gt;</a>&nbsp;&nbsp;&nbsp;__hardfp_pow
</UL>

<P><STRONG><a name="[f8]"></a>__mathlib_dbl_underflow</STRONG> (Thumb, 10 bytes, Stack size 0 bytes, dunder.o(i.__mathlib_dbl_underflow))
<BR><BR>[Called By]<UL><LI><a href="#[ff]">&gt;&gt;</a>&nbsp;&nbsp;&nbsp;__kernel_sin
<LI><a href="#[10b]">&gt;&gt;</a>&nbsp;&nbsp;&nbsp;__hardfp_hypot
<LI><a href="#[109]">&gt;&gt;</a>&nbsp;&nbsp;&nbsp;__hardfp_exp
<LI><a href="#[f7]">&gt;&gt;</a>&nbsp;&nbsp;&nbsp;__hardfp_atan
<LI><a href="#[d9]">&gt;&gt;</a>&nbsp;&nbsp;&nbsp;__hardfp_pow
</UL>

<P><STRONG><a name="[fc]"></a>atan</STRONG> (Thumb, 16 bytes, Stack size 8 bytes, atan.o(i.atan))
<BR><BR>[Stack]<UL><LI>Max Depth = 56<LI>Call Chain = atan &rArr; __hardfp_atan &rArr; __ARM_fpclassify
</UL>
<BR>[Calls]<UL><LI><a href="#[f7]">&gt;&gt;</a>&nbsp;&nbsp;&nbsp;__hardfp_atan
</UL>
<BR>[Called By]<UL><LI><a href="#[fa]">&gt;&gt;</a>&nbsp;&nbsp;&nbsp;__hardfp_atan2
</UL>

<P><STRONG><a name="[102]"></a>atan2</STRONG> (Thumb, 20 bytes, Stack size 8 bytes, atan2.o(i.atan2))
<BR><BR>[Stack]<UL><LI>Max Depth = 112<LI>Call Chain = atan2 &rArr; __hardfp_atan2 &rArr; atan &rArr; __hardfp_atan &rArr; __ARM_fpclassify
</UL>
<BR>[Calls]<UL><LI><a href="#[fa]">&gt;&gt;</a>&nbsp;&nbsp;&nbsp;__hardfp_atan2
</UL>
<BR>[Called By]<UL><LI><a href="#[101]">&gt;&gt;</a>&nbsp;&nbsp;&nbsp;__hardfp_cpow
</UL>

<P><STRONG><a name="[106]"></a>cos</STRONG> (Thumb, 16 bytes, Stack size 8 bytes, cos.o(i.cos))
<BR><BR>[Stack]<UL><LI>Max Depth = 192<LI>Call Chain = cos &rArr; __hardfp_cos &rArr; __ieee754_rem_pio2 &rArr; fabs
</UL>
<BR>[Calls]<UL><LI><a href="#[fd]">&gt;&gt;</a>&nbsp;&nbsp;&nbsp;__hardfp_cos
</UL>
<BR>[Called By]<UL><LI><a href="#[101]">&gt;&gt;</a>&nbsp;&nbsp;&nbsp;__hardfp_cpow
</UL>

<P><STRONG><a name="[105]"></a>exp</STRONG> (Thumb, 16 bytes, Stack size 8 bytes, exp.o(i.exp))
<BR><BR>[Stack]<UL><LI>Max Depth = 72<LI>Call Chain = exp &rArr; __hardfp_exp &rArr; __ARM_fpclassify
</UL>
<BR>[Calls]<UL><LI><a href="#[109]">&gt;&gt;</a>&nbsp;&nbsp;&nbsp;__hardfp_exp
</UL>
<BR>[Called By]<UL><LI><a href="#[101]">&gt;&gt;</a>&nbsp;&nbsp;&nbsp;__hardfp_cpow
</UL>

<P><STRONG><a name="[f9]"></a>fabs</STRONG> (Thumb, 24 bytes, Stack size 8 bytes, fabs.o(i.fabs))
<BR><BR>[Stack]<UL><LI>Max Depth = 8<LI>Call Chain = fabs
</UL>
<BR>[Called By]<UL><LI><a href="#[fe]">&gt;&gt;</a>&nbsp;&nbsp;&nbsp;__ieee754_rem_pio2
<LI><a href="#[f7]">&gt;&gt;</a>&nbsp;&nbsp;&nbsp;__hardfp_atan
<LI><a href="#[108]">&gt;&gt;</a>&nbsp;&nbsp;&nbsp;__hardfp_csqrt
<LI><a href="#[d9]">&gt;&gt;</a>&nbsp;&nbsp;&nbsp;__hardfp_pow
<LI><a href="#[fa]">&gt;&gt;</a>&nbsp;&nbsp;&nbsp;__hardfp_atan2
</UL>

<P><STRONG><a name="[103]"></a>hypot</STRONG> (Thumb, 20 bytes, Stack size 8 bytes, hypot.o(i.hypot))
<BR><BR>[Stack]<UL><LI>Max Depth = 136<LI>Call Chain = hypot &rArr; __hardfp_hypot &rArr; sqrt &rArr; __set_errno
</UL>
<BR>[Calls]<UL><LI><a href="#[10b]">&gt;&gt;</a>&nbsp;&nbsp;&nbsp;__hardfp_hypot
</UL>
<BR>[Called By]<UL><LI><a href="#[108]">&gt;&gt;</a>&nbsp;&nbsp;&nbsp;__hardfp_csqrt
<LI><a href="#[101]">&gt;&gt;</a>&nbsp;&nbsp;&nbsp;__hardfp_cpow
</UL>

<P><STRONG><a name="[104]"></a>log</STRONG> (Thumb, 16 bytes, Stack size 8 bytes, log.o(i.log))
<BR><BR>[Stack]<UL><LI>Max Depth = 104<LI>Call Chain = log &rArr; __hardfp_log &rArr; __set_errno
</UL>
<BR>[Calls]<UL><LI><a href="#[10c]">&gt;&gt;</a>&nbsp;&nbsp;&nbsp;__hardfp_log
</UL>
<BR>[Called By]<UL><LI><a href="#[101]">&gt;&gt;</a>&nbsp;&nbsp;&nbsp;__hardfp_cpow
</UL>

<P><STRONG><a name="[107]"></a>sin</STRONG> (Thumb, 16 bytes, Stack size 8 bytes, sin.o(i.sin))
<BR><BR>[Stack]<UL><LI>Max Depth = 192<LI>Call Chain = sin &rArr; __hardfp_sin &rArr; __ieee754_rem_pio2 &rArr; fabs
</UL>
<BR>[Calls]<UL><LI><a href="#[10f]">&gt;&gt;</a>&nbsp;&nbsp;&nbsp;__hardfp_sin
</UL>
<BR>[Called By]<UL><LI><a href="#[101]">&gt;&gt;</a>&nbsp;&nbsp;&nbsp;__hardfp_cpow
</UL>

<P><STRONG><a name="[f6]"></a>sqrt</STRONG> (Thumb, 106 bytes, Stack size 24 bytes, sqrt.o(i.sqrt))
<BR><BR>[Stack]<UL><LI>Max Depth = 32<LI>Call Chain = sqrt &rArr; __set_errno
</UL>
<BR>[Calls]<UL><LI><a href="#[cb]">&gt;&gt;</a>&nbsp;&nbsp;&nbsp;__set_errno
</UL>
<BR>[Called By]<UL><LI><a href="#[10b]">&gt;&gt;</a>&nbsp;&nbsp;&nbsp;__hardfp_hypot
<LI><a href="#[108]">&gt;&gt;</a>&nbsp;&nbsp;&nbsp;__hardfp_csqrt
<LI><a href="#[d9]">&gt;&gt;</a>&nbsp;&nbsp;&nbsp;__hardfp_pow
<LI><a href="#[f2]">&gt;&gt;</a>&nbsp;&nbsp;&nbsp;__hardfp_acos
</UL>

<P><STRONG><a name="[b5]"></a>_get_lc_numeric</STRONG> (Thumb, 44 bytes, Stack size 8 bytes, lc_numeric_c.o(locale$$code))
<BR><BR>[Stack]<UL><LI>Max Depth = 16<LI>Call Chain = _get_lc_numeric &rArr; strcmp
</UL>
<BR>[Calls]<UL><LI><a href="#[111]">&gt;&gt;</a>&nbsp;&nbsp;&nbsp;strcmp
</UL>
<BR>[Called By]<UL><LI><a href="#[b4]">&gt;&gt;</a>&nbsp;&nbsp;&nbsp;__rt_lib_init_lc_numeric_2
</UL>

<P><STRONG><a name="[112]"></a>__fpl_dcheck_NaN1</STRONG> (Thumb, 10 bytes, Stack size 0 bytes, dcheck1.o(x$fpl$dcheck1))
<BR><BR>[Calls]<UL><LI><a href="#[113]">&gt;&gt;</a>&nbsp;&nbsp;&nbsp;__fpl_return_NaN
</UL>
<BR>[Called By]<UL><LI><a href="#[10e]">&gt;&gt;</a>&nbsp;&nbsp;&nbsp;__ARM_scalbn
</UL>

<P><STRONG><a name="[b1]"></a>_fp_init</STRONG> (Thumb, 26 bytes, Stack size 0 bytes, fpinit.o(x$fpl$fpinit))
<BR><BR>[Called By]<UL><LI><a href="#[b0]">&gt;&gt;</a>&nbsp;&nbsp;&nbsp;__rt_lib_init_fp_1
</UL>

<P><STRONG><a name="[177]"></a>__fplib_config_fpu_vfp</STRONG> (Thumb, 0 bytes, Stack size unknown bytes, fpinit.o(x$fpl$fpinit), UNUSED)

<P><STRONG><a name="[178]"></a>__fplib_config_pureend_doubles</STRONG> (Thumb, 0 bytes, Stack size unknown bytes, fpinit.o(x$fpl$fpinit), UNUSED)

<P><STRONG><a name="[af]"></a>_printf_fp_dec</STRONG> (Thumb, 4 bytes, Stack size 0 bytes, printf1.o(x$fpl$printf1))
<BR><BR>[Stack]<UL><LI>Max Depth = 324<LI>Call Chain = _printf_fp_dec &rArr; _printf_fp_dec_real &rArr; _fp_digits &rArr; _btod_etento &rArr; _btod_emul &rArr; _e2e
</UL>
<BR>[Calls]<UL><LI><a href="#[d2]">&gt;&gt;</a>&nbsp;&nbsp;&nbsp;_printf_fp_dec_real
</UL>
<BR>[Called By]<UL><LI><a href="#[ae]">&gt;&gt;</a>&nbsp;&nbsp;&nbsp;_printf_f
</UL>

<P><STRONG><a name="[113]"></a>__fpl_return_NaN</STRONG> (Thumb, 100 bytes, Stack size 0 bytes, retnan.o(x$fpl$retnan))
<BR><BR>[Calls]<UL><LI><a href="#[114]">&gt;&gt;</a>&nbsp;&nbsp;&nbsp;__fpl_cmpreturn
</UL>
<BR>[Called By]<UL><LI><a href="#[112]">&gt;&gt;</a>&nbsp;&nbsp;&nbsp;__fpl_dcheck_NaN1
</UL>

<P><STRONG><a name="[10e]"></a>__ARM_scalbn</STRONG> (Thumb, 92 bytes, Stack size 0 bytes, scalbn.o(x$fpl$scalbn))
<BR><BR>[Calls]<UL><LI><a href="#[112]">&gt;&gt;</a>&nbsp;&nbsp;&nbsp;__fpl_dcheck_NaN1
</UL>
<BR>[Called By]<UL><LI><a href="#[d9]">&gt;&gt;</a>&nbsp;&nbsp;&nbsp;__hardfp_pow
</UL>

<P><STRONG><a name="[114]"></a>__fpl_cmpreturn</STRONG> (Thumb, 48 bytes, Stack size 0 bytes, trapv.o(x$fpl$trapveneer))
<BR><BR>[Called By]<UL><LI><a href="#[113]">&gt;&gt;</a>&nbsp;&nbsp;&nbsp;__fpl_return_NaN
</UL>
<P>
<H3>
Local Symbols
</H3>
<P><STRONG><a name="[9e]"></a>Can_SendFrameMove</STRONG> (Thumb, 296 bytes, Stack size 24 bytes, can.o(.text.Can_SendFrameMove))
<BR><BR>[Stack]<UL><LI>Max Depth = 24<LI>Call Chain = Can_SendFrameMove
</UL>
<BR>[Address Reference Count : 1]<UL><LI> can.o(.text.Can_Conf)
</UL>
<P><STRONG><a name="[9f]"></a>Can_SendFrameReadFriction</STRONG> (Thumb, 118 bytes, Stack size 0 bytes, can.o(.text.Can_SendFrameReadFriction))
<BR>[Address Reference Count : 1]<UL><LI> can.o(.text.Can_Conf)
</UL>
<P><STRONG><a name="[a0]"></a>Can_SendFrameResetAllDevices</STRONG> (Thumb, 178 bytes, Stack size 28 bytes, can.o(.text.Can_SendFrameResetAllDevices))
<BR><BR>[Stack]<UL><LI>Max Depth = 28<LI>Call Chain = Can_SendFrameResetAllDevices
</UL>
<BR>[Address Reference Count : 1]<UL><LI> can.o(.text.Can_Conf)
</UL>
<P><STRONG><a name="[a1]"></a>Can_SendFrameResetJoint0</STRONG> (Thumb, 178 bytes, Stack size 24 bytes, can.o(.text.Can_SendFrameResetJoint0))
<BR><BR>[Stack]<UL><LI>Max Depth = 24<LI>Call Chain = Can_SendFrameResetJoint0
</UL>
<BR>[Address Reference Count : 1]<UL><LI> can.o(.text.Can_Conf)
</UL>
<P><STRONG><a name="[a2]"></a>Can_SendFrameChangeFsm</STRONG> (Thumb, 222 bytes, Stack size 24 bytes, can.o(.text.Can_SendFrameChangeFsm))
<BR><BR>[Stack]<UL><LI>Max Depth = 24<LI>Call Chain = Can_SendFrameChangeFsm
</UL>
<BR>[Address Reference Count : 1]<UL><LI> can.o(.text.Can_Conf)
</UL>
<P><STRONG><a name="[a3]"></a>Can_SendFrameResetJoint1</STRONG> (Thumb, 182 bytes, Stack size 24 bytes, can.o(.text.Can_SendFrameResetJoint1))
<BR><BR>[Stack]<UL><LI>Max Depth = 24<LI>Call Chain = Can_SendFrameResetJoint1
</UL>
<BR>[Address Reference Count : 1]<UL><LI> can.o(.text.Can_Conf)
</UL>
<P><STRONG><a name="[a4]"></a>Can_SendFrameResetJoint2</STRONG> (Thumb, 182 bytes, Stack size 24 bytes, can.o(.text.Can_SendFrameResetJoint2))
<BR><BR>[Stack]<UL><LI>Max Depth = 24<LI>Call Chain = Can_SendFrameResetJoint2
</UL>
<BR>[Address Reference Count : 1]<UL><LI> can.o(.text.Can_Conf)
</UL>
<P><STRONG><a name="[a5]"></a>Can_SendFrameResetJoint3</STRONG> (Thumb, 182 bytes, Stack size 24 bytes, can.o(.text.Can_SendFrameResetJoint3))
<BR><BR>[Stack]<UL><LI>Max Depth = 24<LI>Call Chain = Can_SendFrameResetJoint3
</UL>
<BR>[Address Reference Count : 1]<UL><LI> can.o(.text.Can_Conf)
</UL>
<P><STRONG><a name="[a6]"></a>Can_SendFrameChangeMode</STRONG> (Thumb, 250 bytes, Stack size 24 bytes, can.o(.text.Can_SendFrameChangeMode))
<BR><BR>[Stack]<UL><LI>Max Depth = 24<LI>Call Chain = Can_SendFrameChangeMode
</UL>
<BR>[Address Reference Count : 1]<UL><LI> can.o(.text.Can_Conf)
</UL>
<P><STRONG><a name="[a7]"></a>Can_SendFrameResetJoint4</STRONG> (Thumb, 182 bytes, Stack size 24 bytes, can.o(.text.Can_SendFrameResetJoint4))
<BR><BR>[Stack]<UL><LI>Max Depth = 24<LI>Call Chain = Can_SendFrameResetJoint4
</UL>
<BR>[Address Reference Count : 1]<UL><LI> can.o(.text.Can_Conf)
</UL>
<P><STRONG><a name="[a8]"></a>Can_SendFrameResetJoint5</STRONG> (Thumb, 182 bytes, Stack size 24 bytes, can.o(.text.Can_SendFrameResetJoint5))
<BR><BR>[Stack]<UL><LI>Max Depth = 24<LI>Call Chain = Can_SendFrameResetJoint5
</UL>
<BR>[Address Reference Count : 1]<UL><LI> can.o(.text.Can_Conf)
</UL>
<P><STRONG><a name="[a9]"></a>Can_SendFrameResetGripper</STRONG> (Thumb, 122 bytes, Stack size 0 bytes, can.o(.text.Can_SendFrameResetGripper))
<BR>[Address Reference Count : 1]<UL><LI> can.o(.text.Can_Conf)
</UL>
<P><STRONG><a name="[115]"></a>Control_CheckErrorFlags</STRONG> (Thumb, 524 bytes, Stack size 24 bytes, control.o(.text.Control_CheckErrorFlags))
<BR><BR>[Stack]<UL><LI>Max Depth = 24<LI>Call Chain = Control_CheckErrorFlags
</UL>
<BR>[Calls]<UL><LI><a href="#[116]">&gt;&gt;</a>&nbsp;&nbsp;&nbsp;IO_ParkBrakeInRead (via Veneer)
</UL>
<BR>[Called By]<UL><LI><a href="#[40]">&gt;&gt;</a>&nbsp;&nbsp;&nbsp;TIM7_IRQHandler
<LI><a href="#[e4]">&gt;&gt;</a>&nbsp;&nbsp;&nbsp;Control_ClearInternallErrorsInJtc
</UL>

<P><STRONG><a name="[12f]"></a>Kin_IKRaw</STRONG> (Thumb, 4208 bytes, Stack size 4032 bytes, rnea.o(.text.Kin_IKRaw))
<BR><BR>[Stack]<UL><LI>Max Depth = 4216 + Unknown Stack Size
<LI>Call Chain = Kin_IKRaw &rArr; __hardfp_sin &rArr; __ieee754_rem_pio2 &rArr; fabs
</UL>
<BR>[Calls]<UL><LI><a href="#[110]">&gt;&gt;</a>&nbsp;&nbsp;&nbsp;__hardfp_sqrt (via Veneer)
<LI><a href="#[10f]">&gt;&gt;</a>&nbsp;&nbsp;&nbsp;__hardfp_sin (via Veneer)
<LI><a href="#[fd]">&gt;&gt;</a>&nbsp;&nbsp;&nbsp;__hardfp_cos (via Veneer)
<LI><a href="#[fa]">&gt;&gt;</a>&nbsp;&nbsp;&nbsp;__hardfp_atan2 (via Veneer)
<LI><a href="#[f2]">&gt;&gt;</a>&nbsp;&nbsp;&nbsp;__hardfp_acos (via Veneer)
<LI><a href="#[db]">&gt;&gt;</a>&nbsp;&nbsp;&nbsp;__aeabi_memclr8 (via Veneer)
<LI><a href="#[118]">&gt;&gt;</a>&nbsp;&nbsp;&nbsp;__aeabi_memcpy8 (via Veneer)
<LI><a href="#[123]">&gt;&gt;</a>&nbsp;&nbsp;&nbsp;InvMat4
</UL>
<BR>[Called By]<UL><LI><a href="#[12e]">&gt;&gt;</a>&nbsp;&nbsp;&nbsp;Kin_IKCalcFromQuat
<LI><a href="#[117]">&gt;&gt;</a>&nbsp;&nbsp;&nbsp;Kin_IKCalcFromRotMat
</UL>

<P><STRONG><a name="[cc]"></a>_fp_digits</STRONG> (Thumb, 432 bytes, Stack size 96 bytes, _printf_fp_dec.o(.text))
<BR><BR>[Stack]<UL><LI>Max Depth = 220<LI>Call Chain = _fp_digits &rArr; _btod_etento &rArr; _btod_emul &rArr; _e2e
</UL>
<BR>[Calls]<UL><LI><a href="#[d0]">&gt;&gt;</a>&nbsp;&nbsp;&nbsp;_btod_emul
<LI><a href="#[cf]">&gt;&gt;</a>&nbsp;&nbsp;&nbsp;_btod_ediv
<LI><a href="#[ce]">&gt;&gt;</a>&nbsp;&nbsp;&nbsp;_btod_d2e
<LI><a href="#[cd]">&gt;&gt;</a>&nbsp;&nbsp;&nbsp;_btod_etento
<LI><a href="#[d1]">&gt;&gt;</a>&nbsp;&nbsp;&nbsp;_ll_udiv10
</UL>
<BR>[Called By]<UL><LI><a href="#[d2]">&gt;&gt;</a>&nbsp;&nbsp;&nbsp;_printf_fp_dec_real
</UL>

<P><STRONG><a name="[9d]"></a>_printf_input_char</STRONG> (Thumb, 10 bytes, Stack size 0 bytes, _printf_char_common.o(.text))
<BR>[Address Reference Count : 1]<UL><LI> _printf_char_common.o(.text)
</UL><P>
<H3>
Undefined Global Symbols
</H3><HR></body></html>
