Component: Arm Compiler for Embedded 6.18 Tool: armlink [5e4cc100]

==============================================================================

Section Cross References

    can.o(.text.Can_Conf) refers to control.o(.data.pC) for pC
    can.o(.text.Can_Conf) refers to can.o(.text.Can_SendFrameMove) for Can_SendFrameMove
    can.o(.text.Can_Conf) refers to can.o(.text.Can_SendFrameReadFriction) for Can_SendFrameReadFriction
    can.o(.text.Can_Conf) refers to can.o(.text.Can_SendFrameResetAllDevices) for Can_SendFrameResetAllDevices
    can.o(.text.Can_Conf) refers to can.o(.text.Can_SendFrameResetJoint0) for Can_SendFrameResetJoint0
    can.o(.text.Can_Conf) refers to can.o(.text.Can_SendFrameChangeFsm) for Can_SendFrameChangeFsm
    can.o(.text.Can_Conf) refers to can.o(.text.Can_SendFrameResetJoint1) for Can_SendFrameResetJoint1
    can.o(.text.Can_Conf) refers to can.o(.text.Can_SendFrameResetJoint2) for Can_SendFrameResetJoint2
    can.o(.text.Can_Conf) refers to can.o(.text.Can_SendFrameResetJoint3) for Can_SendFrameResetJoint3
    can.o(.text.Can_Conf) refers to can.o(.text.Can_SendFrameChangeMode) for Can_SendFrameChangeMode
    can.o(.text.Can_Conf) refers to can.o(.text.Can_SendFrameResetJoint4) for Can_SendFrameResetJoint4
    can.o(.text.Can_Conf) refers to can.o(.text.Can_SendFrameResetJoint5) for Can_SendFrameResetJoint5
    can.o(.text.Can_Conf) refers to can.o(.text.Can_SendFrameResetGripper) for Can_SendFrameResetGripper
    can.o(.ARM.exidx.text.Can_Conf) refers to can.o(.text.Can_Conf) for [Anonymous Symbol]
    can.o(.text.Can_SendDataToJoints) refers to control.o(.data.pC) for pC
    can.o(.ARM.exidx.text.Can_SendDataToJoints) refers to can.o(.text.Can_SendDataToJoints) for [Anonymous Symbol]
    can.o(.text.FDCAN1_IT0_IRQHandler) refers to control.o(.data.pC) for pC
    can.o(.text.FDCAN1_IT0_IRQHandler) refers to joints.o(.text.Joints_SetFrictionFromCan) for Joints_SetFrictionFromCan
    can.o(.ARM.exidx.text.FDCAN1_IT0_IRQHandler) refers to can.o(.text.FDCAN1_IT0_IRQHandler) for [Anonymous Symbol]
    can.o(.ARM.exidx.text.FDCAN1_IT1_IRQHandler) refers to can.o(.text.FDCAN1_IT1_IRQHandler) for [Anonymous Symbol]
    can.o(.text.Can_SendFrameMove) refers to control.o(.data.pC) for pC
    can.o(.ARM.exidx.text.Can_SendFrameMove) refers to can.o(.text.Can_SendFrameMove) for [Anonymous Symbol]
    can.o(.text.Can_SendFrameChangeFsm) refers to control.o(.data.pC) for pC
    can.o(.ARM.exidx.text.Can_SendFrameChangeFsm) refers to can.o(.text.Can_SendFrameChangeFsm) for [Anonymous Symbol]
    can.o(.text.Can_SendFrameChangeMode) refers to control.o(.data.pC) for pC
    can.o(.ARM.exidx.text.Can_SendFrameChangeMode) refers to can.o(.text.Can_SendFrameChangeMode) for [Anonymous Symbol]
    can.o(.text.Can_SendFrameReadFriction) refers to control.o(.data.pC) for pC
    can.o(.ARM.exidx.text.Can_SendFrameReadFriction) refers to can.o(.text.Can_SendFrameReadFriction) for [Anonymous Symbol]
    can.o(.text.Can_SendFrameResetAllDevices) refers to control.o(.data.pC) for pC
    can.o(.ARM.exidx.text.Can_SendFrameResetAllDevices) refers to can.o(.text.Can_SendFrameResetAllDevices) for [Anonymous Symbol]
    can.o(.text.Can_SendFrameResetJoint0) refers to control.o(.data.pC) for pC
    can.o(.ARM.exidx.text.Can_SendFrameResetJoint0) refers to can.o(.text.Can_SendFrameResetJoint0) for [Anonymous Symbol]
    can.o(.text.Can_SendFrameResetJoint1) refers to control.o(.data.pC) for pC
    can.o(.ARM.exidx.text.Can_SendFrameResetJoint1) refers to can.o(.text.Can_SendFrameResetJoint1) for [Anonymous Symbol]
    can.o(.text.Can_SendFrameResetJoint2) refers to control.o(.data.pC) for pC
    can.o(.ARM.exidx.text.Can_SendFrameResetJoint2) refers to can.o(.text.Can_SendFrameResetJoint2) for [Anonymous Symbol]
    can.o(.text.Can_SendFrameResetJoint3) refers to control.o(.data.pC) for pC
    can.o(.ARM.exidx.text.Can_SendFrameResetJoint3) refers to can.o(.text.Can_SendFrameResetJoint3) for [Anonymous Symbol]
    can.o(.text.Can_SendFrameResetJoint4) refers to control.o(.data.pC) for pC
    can.o(.ARM.exidx.text.Can_SendFrameResetJoint4) refers to can.o(.text.Can_SendFrameResetJoint4) for [Anonymous Symbol]
    can.o(.text.Can_SendFrameResetJoint5) refers to control.o(.data.pC) for pC
    can.o(.ARM.exidx.text.Can_SendFrameResetJoint5) refers to can.o(.text.Can_SendFrameResetJoint5) for [Anonymous Symbol]
    can.o(.text.Can_SendFrameResetGripper) refers to control.o(.data.pC) for pC
    can.o(.ARM.exidx.text.Can_SendFrameResetGripper) refers to can.o(.text.Can_SendFrameResetGripper) for [Anonymous Symbol]
    control.o(.text.Control_SetDefualtArmModel) refers to control.o(.data.pC) for pC
    control.o(.text.Control_SetDefualtArmModel) refers to rnea.o(.text.Vec6SetValues) for Vec6SetValues
    control.o(.ARM.exidx.text.Control_SetDefualtArmModel) refers to control.o(.text.Control_SetDefualtArmModel) for [Anonymous Symbol]
[...]
    _signal_init                              - Undefined Weak Reference
    _terminate_alloc                          - Undefined Weak Reference
    _terminate_user_alloc                     - Undefined Weak Reference
    _terminateio                              - Undefined Weak Reference
    __Vectors_Size                           0x00000298   Number         0  startup_stm32h745xx.o ABSOLUTE
    Can_SendDataToJoints                     0x000004a1   Thumb Code   718  can.o(.text.Can_SendDataToJoints)
    Control_ClearExternallErrorsViaCan       0x00001289   Thumb Code   144  control.o(.text.Control_ClearExternallErrorsViaCan)
    Control_ClearInternallErrorsInJtc        0x00001319   Thumb Code   166  control.o(.text.Control_ClearInternallErrorsInJtc)
    Control_JtcJogKinCalc                    0x000013c1   Thumb Code    88  control.o(.text.Control_JtcJogKinCalc)
    Control_JtcReqChangeTool                 0x00001419   Thumb Code    36  control.o(.text.Control_JtcReqChangeTool)
    Control_ResetDevicesViaCan               0x00001441   Thumb Code    96  control.o(.text.Control_ResetDevicesViaCan)
    Control_SetDefualtArmModel               0x000014a1   Thumb Code  3096  control.o(.text.Control_SetDefualtArmModel)
    Control_SystemConf                       0x000020b9   Thumb Code  1744  control.o(.text.Control_SystemConf)
    Control_TrajClear                        0x00002789   Thumb Code   100  control.o(.text.Control_TrajClear)
    FDCAN1_IT0_IRQHandler                    0x000027f1   Thumb Code  2198  can.o(.text.FDCAN1_IT0_IRQHandler)
    FDCAN1_IT1_IRQHandler                    0x00003089   Thumb Code   112  can.o(.text.FDCAN1_IT1_IRQHandler)
    HRX                                      0x000030f9   Thumb Code   128  rnea.o(.text.HRX)
    HRY                                      0x00003179   Thumb Code   128  rnea.o(.text.HRY)
    HRZ                                      0x000031f9   Thumb Code   128  rnea.o(.text.HRZ)
    HT                                       0x00003279   Thumb Code    88  rnea.o(.text.HT)
    InvMat4                                  0x000032d1   Thumb Code   648  rnea.o(.text.InvMat4)
    Kin_Conf                                 0x00003559   Thumb Code   264  rnea.o(.text.Kin_Conf)
    Kin_FKCalc                               0x00003661   Thumb Code  2722  rnea.o(.text.Kin_FKCalc)
    Kin_FindNearestSolution                  0x00004109   Thumb Code   304  rnea.o(.text.Kin_FindNearestSolution)
    Kin_IKCalcFromQuat                       0x00004239   Thumb Code   608  rnea.o(.text.Kin_IKCalcFromQuat)
    Kin_IKCalcFromRotMat                     0x00004499   Thumb Code   328  rnea.o(.text.Kin_IKCalcFromRotMat)
    Kin_RobPosAct                            0x00005651   Thumb Code   106  rnea.o(.text.Kin_RobPosAct)
    Mat3ToMat4                               0x000056c1   Thumb Code    70  rnea.o(.text.Mat3ToMat4)
    Mat3xMat3                                0x00005709   Thumb Code   128  rnea.o(.text.Mat3xMat3)
    Mat4Ones                                 0x00005789   Thumb Code    64  rnea.o(.text.Mat4Ones)
    Mat4ToMat3                               0x000057c9   Thumb Code    62  rnea.o(.text.Mat4ToMat3)
    Mat4xMat4                                0x00005809   Thumb Code   128  rnea.o(.text.Mat4xMat4)
    RNEA_CalcTorques                         0x00005889   Thumb Code  5612  rnea.o(.text.RNEA_CalcTorques)
    RNEA_Conf                                0x00006e79   Thumb Code  2850  rnea.o(.text.RNEA_Conf)
    SysTick_Handler                          0x000079a1   Thumb Code    18  control.o(.text.SysTick_Handler)
    TG_ClearTgenVariables                    0x000079b9   Thumb Code    64  trajgen.o(.text.TG_ClearTgenVariables)
    TG_Conf                                  0x000079f9   Thumb Code     8  trajgen.o(.text.TG_Conf)
    TG_SetDefaultVariables                   0x00007a01   Thumb Code   608  trajgen.o(.text.TG_SetDefaultVariables)
    TG_TrajGen                               0x00007c61   Thumb Code  7840  trajgen.o(.text.TG_TrajGen)
    TIM7_IRQHandler                          0x00009b01   Thumb Code  6600  control.o(.text.TIM7_IRQHandler)
    Vec4Zeros                                0x0000b4c9   Thumb Code    32  rnea.o(.text.Vec4Zeros)
    Vec6SetValues                            0x0000b4e9   Thumb Code     6  rnea.o(.text.Vec6SetValues)
    Vec6Zeros                                0x0000b4f1   Thumb Code    10  rnea.o(.text.Vec6Zeros)
    Long Thumb to Thumb Veneer to IO_ParkBrakeInRead 0x0000b4fb   Thumb Code    10  anon$$obj.o(Veneer$$Code)
    Long Thumb to Thumb Veneer to __aeabi_memcpy8 0x0000b505   Thumb Code    10  anon$$obj.o(Veneer$$Code)
    Long Thumb to Thumb Veneer to Joints_SetResetValuesVariables 0x0000b50f   Thumb Code    10  anon$$obj.o(Veneer$$Code)
    Long Thumb to Thumb Veneer to Gripper_SetResetValuesVariables 0x0000b519   Thumb Code    10  anon$$obj.o(Veneer$$Code)
    Long Thumb to Thumb Veneer to __aeabi_memclr8 0x0000b523   Thumb Code    10  anon$$obj.o(Veneer$$Code)
    Long Thumb to Thumb Veneer to Joints_SetStartValuesVariables 0x0000b52d   Thumb Code    10  anon$$obj.o(Veneer$$Code)
    Long Thumb to Thumb Veneer to Joints_SetDefaultFriction 0x0000b537   Thumb Code    10  anon$$obj.o(Veneer$$Code)
    Long Thumb to Thumb Veneer to Joints_SetDefaultPidParam 0x0000b541   Thumb Code    10  anon$$obj.o(Veneer$$Code)
    Long Thumb to Thumb Veneer to Gripper_SetStartValuesVariables 0x0000b54b   Thumb Code    10  anon$$obj.o(Veneer$$Code)
    Long Thumb to Thumb Veneer to MBS_Conf   0x0000b555   Thumb Code    10  anon$$obj.o(Veneer$$Code)
    Long Thumb to Thumb Veneer to Debug_Conf 0x0000b55f   Thumb Code    10  anon$$obj.o(Veneer$$Code)
    Long Thumb to Thumb Veneer to IO_Conf    0x0000b569   Thumb Code    10  anon$$obj.o(Veneer$$Code)
    Long Thumb to Thumb Veneer to Joints_SetFrictionFromCan 0x0000b573   Thumb Code    10  anon$$obj.o(Veneer$$Code)
    Long Thumb to Thumb Veneer to __hardfp_cos 0x0000b57d   Thumb Code    10  anon$$obj.o(Veneer$$Code)
    Long Thumb to Thumb Veneer to __hardfp_sin 0x0000b587   Thumb Code    10  anon$$obj.o(Veneer$$Code)
    Long Thumb to Thumb Veneer to __aeabi_memcpy 0x0000b591   Thumb Code    10  anon$$obj.o(Veneer$$Code)
    Long Thumb to Thumb Veneer to __hardfp_sqrt 0x0000b59b   Thumb Code    10  anon$$obj.o(Veneer$$Code)
    Long Thumb to Thumb Veneer to __hardfp_atan2 0x0000b5a5   Thumb Code    10  anon$$obj.o(Veneer$$Code)
    Long Thumb to Thumb Veneer to __hardfp_acos 0x0000b5af   Thumb Code    10  anon$$obj.o(Veneer$$Code)
    Long Thumb to Thumb Veneer to __2sprintf 0x0000b5b9   Thumb Code    10  anon$$obj.o(Veneer$$Code)
    Long Thumb to Thumb Veneer to __hardfp_cpow 0x0000b5c3   Thumb Code    10  anon$$obj.o(Veneer$$Code)
    Long Thumb to Thumb Veneer to __hardfp_csqrt 0x0000b5cd   Thumb Code    10  anon$$obj.o(Veneer$$Code)
    Long Thumb to Thumb Veneer to __hardfp_pow 0x0000b5d7   Thumb Code    10  anon$$obj.o(Veneer$$Code)
    Long Thumb to Thumb Veneer to IO_InputsAct 0x0000b5e1   Thumb Code    10  anon$$obj.o(Veneer$$Code)
    Long Thumb to Thumb Veneer to IO_ParkBrakeLock 0x0000b5eb   Thumb Code    10  anon$$obj.o(Veneer$$Code)
    Long Thumb to Thumb Veneer to Joints_SetDefaultVariables 0x0000b5f5   Thumb Code    10  anon$$obj.o(Veneer$$Code)
    Long Thumb to Thumb Veneer to Joints_StopIrValuesVariables 0x0000b5ff   Thumb Code    10  anon$$obj.o(Veneer$$Code)
    Long Thumb to Thumb Veneer to IO_ParkBrakeUnlock 0x0000b609   Thumb Code    10  anon$$obj.o(Veneer$$Code)
    Long Thumb to Thumb Veneer to Joints_CalcPIDs 0x0000b613   Thumb Code    10  anon$$obj.o(Veneer$$Code)
    Long Thumb to Thumb Veneer to Joints_CalcFrictionCompensate 0x0000b61d   Thumb Code    10  anon$$obj.o(Veneer$$Code)
    Long Thumb to Thumb Veneer to Joints_StartIrValuesVariables 0x0000b627   Thumb Code    10  anon$$obj.o(Veneer$$Code)
    Long Thumb to Thumb Veneer to Joints_CalcInitRegsTorque 0x0000b631   Thumb Code    10  anon$$obj.o(Veneer$$Code)
    Long Thumb to Thumb Veneer to IO_OutputsAct 0x0000b63b   Thumb Code    10  anon$$obj.o(Veneer$$Code)
    Long Thumb to Thumb Veneer to MBS_Act    0x0000b645   Thumb Code    10  anon$$obj.o(Veneer$$Code)
    Long Thumb to Thumb Veneer to Debug_PrepareFrame 0x0000b64f   Thumb Code    10  anon$$obj.o(Veneer$$Code)
    __Vectors                                0x08000000   Data           4  startup_stm32h745xx.o(RESET)
    __Vectors_End                            0x08000298   Data           0  startup_stm32h745xx.o(RESET)
    __main                                   0x08000299   Thumb Code     8  __main.o(!!!main)
    __scatterload                            0x080002a1   Thumb Code     0  __scatter.o(!!!scatter)
    __scatterload_rt2                        0x080002a1   Thumb Code    44  __scatter.o(!!!scatter)
    __scatterload_rt2_thumb_only             0x080002a1   Thumb Code     0  __scatter.o(!!!scatter)
    __scatterload_null                       0x080002af   Thumb Code     0  __scatter.o(!!!scatter)
    __decompress                             0x080002d5   Thumb Code    58  __dczerorl.o(!!dczerorl)
    __decompress0                            0x080002d5   Thumb Code     0  __dczerorl.o(!!dczerorl)
    __scatterload_copy                       0x08000311   Thumb Code    26  __scatter_copy.o(!!handler_copy)
    __scatterload_zeroinit                   0x0800032d   Thumb Code    28  __scatter_zi.o(!!handler_zi)
    _printf_f                                0x08000349   Thumb Code     0  _printf_f.o(.ARM.Collect$$_printf_percent$$00000003)
    _printf_percent                          0x08000349   Thumb Code     0  _printf_percent.o(.ARM.Collect$$_printf_percent$$00000000)
    _printf_percent_end                      0x0800034f   Thumb Code     0  _printf_percent_end.o(.ARM.Collect$$_printf_percent$$00000017)
    __rt_lib_init                            0x08000353   Thumb Code     0  libinit.o(.ARM.Collect$$libinit$$00000000)
    __rt_lib_init_fp_1                       0x08000355   Thumb Code     0  libinit2.o(.ARM.Collect$$libinit$$00000001)
    __rt_lib_init_heap_1                     0x08000359   Thumb Code     0  libinit2.o(.ARM.Collect$$libinit$$0000000C)
    __rt_lib_init_lc_common                  0x08000359   Thumb Code     0  libinit2.o(.ARM.Collect$$libinit$$00000011)
    __rt_lib_init_preinit_1                  0x08000359   Thumb Code     0  libinit2.o(.ARM.Collect$$libinit$$00000006)
    __rt_lib_init_rand_1                     0x08000359   Thumb Code     0  libinit2.o(.ARM.Collect$$libinit$$00000010)
    __rt_lib_init_relocate_pie_1             0x08000359   Thumb Code     0  libinit2.o(.ARM.Collect$$libinit$$00000004)
    __rt_lib_init_user_alloc_1               0x08000359   Thumb Code     0  libinit2.o(.ARM.Collect$$libinit$$0000000E)
    __rt_lib_init_lc_collate_1               0x0800035f   Thumb Code     0  libinit2.o(.ARM.Collect$$libinit$$00000013)
    __rt_lib_init_lc_ctype_1                 0x0800035f   Thumb Code     0  libinit2.o(.ARM.Collect$$libinit$$00000015)
    __rt_lib_init_lc_monetary_1              0x0800035f   Thumb Code     0  libinit2.o(.ARM.Collect$$libinit$$00000017)
    __rt_lib_init_lc_numeric_2               0x0800035f   Thumb Code     0  libinit2.o(.ARM.Collect$$libinit$$00000018)
    __rt_lib_init_alloca_1                   0x08000369   Thumb Code     0  libinit2.o(.ARM.Collect$$libinit$$00000030)
    __rt_lib_init_argv_1                     0x08000369   Thumb Code     0  libinit2.o(.ARM.Collect$$libinit$$0000002E)
    __rt_lib_init_atexit_1                   0x08000369   Thumb Code     0  libinit2.o(.ARM.Collect$$libinit$$0000001D)
    __rt_lib_init_clock_1                    0x08000369   Thumb Code     0  libinit2.o(.ARM.Collect$$libinit$$00000023)
    __rt_lib_init_cpp_1                      0x08000369   Thumb Code     0  libinit2.o(.ARM.Collect$$libinit$$00000034)
    __rt_lib_init_exceptions_1               0x08000369   Thumb Code     0  libinit2.o(.ARM.Collect$$libinit$$00000032)
    __rt_lib_init_fp_trap_1                  0x08000369   Thumb Code     0  libinit2.o(.ARM.Collect$$libinit$$00000021)
    __rt_lib_init_getenv_1                   0x08000369   Thumb Code     0  libinit2.o(.ARM.Collect$$libinit$$00000025)
    __rt_lib_init_lc_numeric_1               0x08000369   Thumb Code     0  libinit2.o(.ARM.Collect$$libinit$$00000019)
    __rt_lib_init_lc_time_1                  0x08000369   Thumb Code     0  libinit2.o(.ARM.Collect$$libinit$$0000001B)
    __rt_lib_init_return                     0x08000369   Thumb Code     0  libinit2.o(.ARM.Collect$$libinit$$00000035)
    __rt_lib_init_signal_1                   0x08000369   Thumb Code     0  libinit2.o(.ARM.Collect$$libinit$$0000001F)
    __rt_lib_init_stdio_1                    0x08000369   Thumb Code     0  libinit2.o(.ARM.Collect$$libinit$$00000027)
    __rt_lib_shutdown                        0x0800036b   Thumb Code     0  libshutdown.o(.ARM.Collect$$libshutdown$$00000000)
    __rt_lib_shutdown_cpp_1                  0x0800036d   Thumb Code     0  libshutdown2.o(.ARM.Collect$$libshutdown$$00000002)
    __rt_lib_shutdown_fp_trap_1              0x0800036d   Thumb Code     0  libshutdown2.o(.ARM.Collect$$libshutdown$$00000007)
    __rt_lib_shutdown_heap_1                 0x0800036d   Thumb Code     0  libshutdown2.o(.ARM.Collect$$libshutdown$$0000000F)
    __rt_lib_shutdown_return                 0x0800036d   Thumb Code     0  libshutdown2.o(.ARM.Collect$$libshutdown$$00000010)
    __rt_lib_shutdown_signal_1               0x0800036d   Thumb Code     0  libshutdown2.o(.ARM.Collect$$libshutdown$$0000000A)
    __rt_lib_shutdown_stdio_1                0x0800036d   Thumb Code     0  libshutdown2.o(.ARM.Collect$$libshutdown$$00000004)
    __rt_lib_shutdown_user_alloc_1           0x0800036d   Thumb Code     0  libshutdown2.o(.ARM.Collect$$libshutdown$$0000000C)
    __rt_entry                               0x0800036f   Thumb Code     0  __rtentry.o(.ARM.Collect$$rtentry$$00000000)
    __rt_entry_presh_1                       0x0800036f   Thumb Code     0  __rtentry2.o(.ARM.Collect$$rtentry$$00000002)
    __rt_entry_sh                            0x0800036f   Thumb Code     0  __rtentry4.o(.ARM.Collect$$rtentry$$00000004)
    __rt_entry_li                            0x08000375   Thumb Code     0  __rtentry2.o(.ARM.Collect$$rtentry$$0000000A)
    __rt_entry_postsh_1                      0x08000375   Thumb Code     0  __rtentry2.o(.ARM.Collect$$rtentry$$00000009)
    __rt_entry_main                          0x08000379   Thumb Code     0  __rtentry2.o(.ARM.Collect$$rtentry$$0000000D)
    __rt_entry_postli_1                      0x08000379   Thumb Code     0  __rtentry2.o(.ARM.Collect$$rtentry$$0000000C)
    __rt_exit                                0x08000381   Thumb Code     0  rtexit.o(.ARM.Collect$$rtexit$$00000000)
    __rt_exit_ls                             0x08000383   Thumb Code     0  rtexit2.o(.ARM.Collect$$rtexit$$00000003)
    __rt_exit_prels_1                        0x08000383   Thumb Code     0  rtexit2.o(.ARM.Collect$$rtexit$$00000002)
    __rt_exit_exit                           0x08000387   Thumb Code     0  rtexit2.o(.ARM.Collect$$rtexit$$00000004)
    Reset_Handler                            0x0800038d   Thumb Code     8  startup_stm32h745xx.o(.text)
    NMI_Handler                              0x08000395   Thumb Code     2  startup_stm32h745xx.o(.text)
    HardFault_Handler                        0x08000397   Thumb Code     2  startup_stm32h745xx.o(.text)
    MemManage_Handler                        0x08000399   Thumb Code     2  startup_stm32h745xx.o(.text)
    BusFault_Handler                         0x0800039b   Thumb Code     2  startup_stm32h745xx.o(.text)
    UsageFault_Handler                       0x0800039d   Thumb Code     2  startup_stm32h745xx.o(.text)
    SVC_Handler                              0x0800039f   Thumb Code     2  startup_stm32h745xx.o(.text)
    DebugMon_Handler                         0x080003a1   Thumb Code     2  startup_stm32h745xx.o(.text)
    PendSV_Handler                           0x080003a3   Thumb Code     2  startup_stm32h745xx.o(.text)
    ADC3_IRQHandler                          0x080003a7   Thumb Code     0  startup_stm32h745xx.o(.text)
    ADC_IRQHandler                           0x080003a7   Thumb Code     0  startup_stm32h745xx.o(.text)
    BDMA_Channel0_IRQHandler                 0x080003a7   Thumb Code     0  startup_stm32h745xx.o(.text)
    BDMA_Channel1_IRQHandler                 0x080003a7   Thumb Code     0  startup_stm32h745xx.o(.text)
    BDMA_Channel2_IRQHandler                 0x080003a7   Thumb Code     0  startup_stm32h745xx.o(.text)
    BDMA_Channel3_IRQHandler                 0x080003a7   Thumb Code     0  startup_stm32h745xx.o(.text)
    BDMA_Channel4_IRQHandler                 0x080003a7   Thumb Code     0  startup_stm32h745xx.o(.text)
    BDMA_Channel5_IRQHandler                 0x080003a7   Thumb Code     0  startup_stm32h745xx.o(.text)
    BDMA_Channel6_IRQHandler                 0x080003a7   Thumb Code     0  startup_stm32h745xx.o(.text)
    BDMA_Channel7_IRQHandler                 0x080003a7   Thumb Code     0  startup_stm32h745xx.o(.text)
    CEC_IRQHandler                           0x080003a7   Thumb Code     0  startup_stm32h745xx.o(.text)
    CM4_SEV_IRQHandler                       0x080003a7   Thumb Code     0  startup_stm32h745xx.o(.text)
    CM7_SEV_IRQHandler                       0x080003a7   Thumb Code     0  startup_stm32h745xx.o(.text)
    COMP1_IRQHandler                         0x080003a7   Thumb Code     0  startup_stm32h745xx.o(.text)
    CRS_IRQHandler                           0x080003a7   Thumb Code     0  startup_stm32h745xx.o(.text)
    DCMI_IRQHandler                          0x080003a7   Thumb Code     0  startup_stm32h745xx.o(.text)
    DFSDM1_FLT0_IRQHandler                   0x080003a7   Thumb Code     0  startup_stm32h745xx.o(.text)
    DFSDM1_FLT1_IRQHandler                   0x080003a7   Thumb Code     0  startup_stm32h745xx.o(.text)
    DFSDM1_FLT2_IRQHandler                   0x080003a7   Thumb Code     0  startup_stm32h745xx.o(.text)
    DFSDM1_FLT3_IRQHandler                   0x080003a7   Thumb Code     0  startup_stm32h745xx.o(.text)
    DMA1_Stream2_IRQHandler                  0x080003a7   Thumb Code     0  startup_stm32h745xx.o(.text)
    DMA1_Stream4_IRQHandler                  0x080003a7   Thumb Code     0  startup_stm32h745xx.o(.text)
    DMA1_Stream5_IRQHandler                  0x080003a7   Thumb Code     0  startup_stm32h745xx.o(.text)
    DMA1_Stream6_IRQHandler                  0x080003a7   Thumb Code     0  startup_stm32h745xx.o(.text)
    DMA1_Stream7_IRQHandler                  0x080003a7   Thumb Code     0  startup_stm32h745xx.o(.text)
    DMA2D_IRQHandler                         0x080003a7   Thumb Code     0  startup_stm32h745xx.o(.text)
    DMA2_Stream0_IRQHandler                  0x080003a7   Thumb Code     0  startup_stm32h745xx.o(.text)
    DMA2_Stream1_IRQHandler                  0x080003a7   Thumb Code     0  startup_stm32h745xx.o(.text)
    DMA2_Stream2_IRQHandler                  0x080003a7   Thumb Code     0  startup_stm32h745xx.o(.text)
    DMA2_Stream3_IRQHandler                  0x080003a7   Thumb Code     0  startup_stm32h745xx.o(.text)
    DMA2_Stream4_IRQHandler                  0x080003a7   Thumb Code     0  startup_stm32h745xx.o(.text)
    DMA2_Stream5_IRQHandler                  0x080003a7   Thumb Code     0  startup_stm32h745xx.o(.text)
    DMA2_Stream6_IRQHandler                  0x080003a7   Thumb Code     0  startup_stm32h745xx.o(.text)
    DMA2_Stream7_IRQHandler                  0x080003a7   Thumb Code     0  startup_stm32h745xx.o(.text)
    DMAMUX1_OVR_IRQHandler                   0x080003a7   Thumb Code     0  startup_stm32h745xx.o(.text)
    DMAMUX2_OVR_IRQHandler                   0x080003a7   Thumb Code     0  startup_stm32h745xx.o(.text)
    ECC_IRQHandler                           0x080003a7   Thumb Code     0  startup_stm32h745xx.o(.text)
    ETH_IRQHandler                           0x080003a7   Thumb Code     0  startup_stm32h745xx.o(.text)
    ETH_WKUP_IRQHandler                      0x080003a7   Thumb Code     0  startup_stm32h745xx.o(.text)
    EXTI0_IRQHandler                         0x080003a7   Thumb Code     0  startup_stm32h745xx.o(.text)
    EXTI15_10_IRQHandler                     0x080003a7   Thumb Code     0  startup_stm32h745xx.o(.text)
    EXTI1_IRQHandler                         0x080003a7   Thumb Code     0  startup_stm32h745xx.o(.text)
    EXTI2_IRQHandler                         0x080003a7   Thumb Code     0  startup_stm32h745xx.o(.text)
    EXTI3_IRQHandler                         0x080003a7   Thumb Code     0  startup_stm32h745xx.o(.text)
    EXTI4_IRQHandler                         0x080003a7   Thumb Code     0  startup_stm32h745xx.o(.text)
    EXTI9_5_IRQHandler                       0x080003a7   Thumb Code     0  startup_stm32h745xx.o(.text)
    FDCAN2_IT0_IRQHandler                    0x080003a7   Thumb Code     0  startup_stm32h745xx.o(.text)
    FDCAN2_IT1_IRQHandler                    0x080003a7   Thumb Code     0  startup_stm32h745xx.o(.text)
    FDCAN_CAL_IRQHandler                     0x080003a7   Thumb Code     0  startup_stm32h745xx.o(.text)
    FLASH_IRQHandler                         0x080003a7   Thumb Code     0  startup_stm32h745xx.o(.text)
    FMC_IRQHandler                           0x080003a7   Thumb Code     0  startup_stm32h745xx.o(.text)
    FPU_IRQHandler                           0x080003a7   Thumb Code     0  startup_stm32h745xx.o(.text)
    HOLD_CORE_IRQHandler                     0x080003a7   Thumb Code     0  startup_stm32h745xx.o(.text)
    HRTIM1_FLT_IRQHandler                    0x080003a7   Thumb Code     0  startup_stm32h745xx.o(.text)
    HRTIM1_Master_IRQHandler                 0x080003a7   Thumb Code     0  startup_stm32h745xx.o(.text)
    HRTIM1_TIMA_IRQHandler                   0x080003a7   Thumb Code     0  startup_stm32h745xx.o(.text)
    HRTIM1_TIMB_IRQHandler                   0x080003a7   Thumb Code     0  startup_stm32h745xx.o(.text)
    HRTIM1_TIMC_IRQHandler                   0x080003a7   Thumb Code     0  startup_stm32h745xx.o(.text)
    HRTIM1_TIMD_IRQHandler                   0x080003a7   Thumb Code     0  startup_stm32h745xx.o(.text)
    HRTIM1_TIME_IRQHandler                   0x080003a7   Thumb Code     0  startup_stm32h745xx.o(.text)
    HSEM1_IRQHandler                         0x080003a7   Thumb Code     0  startup_stm32h745xx.o(.text)
    HSEM2_IRQHandler                         0x080003a7   Thumb Code     0  startup_stm32h745xx.o(.text)
    I2C1_ER_IRQHandler                       0x080003a7   Thumb Code     0  startup_stm32h745xx.o(.text)
    I2C1_EV_IRQHandler                       0x080003a7   Thumb Code     0  startup_stm32h745xx.o(.text)
    I2C2_ER_IRQHandler                       0x080003a7   Thumb Code     0  startup_stm32h745xx.o(.text)
    I2C2_EV_IRQHandler                       0x080003a7   Thumb Code     0  startup_stm32h745xx.o(.text)
    I2C3_ER_IRQHandler                       0x080003a7   Thumb Code     0  startup_stm32h745xx.o(.text)
    I2C3_EV_IRQHandler                       0x080003a7   Thumb Code     0  startup_stm32h745xx.o(.text)
    I2C4_ER_IRQHandler                       0x080003a7   Thumb Code     0  startup_stm32h745xx.o(.text)
    I2C4_EV_IRQHandler                       0x080003a7   Thumb Code     0  startup_stm32h745xx.o(.text)
    JPEG_IRQHandler                          0x080003a7   Thumb Code     0  startup_stm32h745xx.o(.text)
    LPTIM1_IRQHandler                        0x080003a7   Thumb Code     0  startup_stm32h745xx.o(.text)
    LPTIM2_IRQHandler                        0x080003a7   Thumb Code     0  startup_stm32h745xx.o(.text)
    LPTIM3_IRQHandler                        0x080003a7   Thumb Code     0  startup_stm32h745xx.o(.text)
    LPTIM4_IRQHandler                        0x080003a7   Thumb Code     0  startup_stm32h745xx.o(.text)
    LPTIM5_IRQHandler                        0x080003a7   Thumb Code     0  startup_stm32h745xx.o(.text)
    LPUART1_IRQHandler                       0x080003a7   Thumb Code     0  startup_stm32h745xx.o(.text)
    LTDC_ER_IRQHandler                       0x080003a7   Thumb Code     0  startup_stm32h745xx.o(.text)
    LTDC_IRQHandler                          0x080003a7   Thumb Code     0  startup_stm32h745xx.o(.text)
    MDIOS_IRQHandler                         0x080003a7   Thumb Code     0  startup_stm32h745xx.o(.text)
    MDIOS_WKUP_IRQHandler                    0x080003a7   Thumb Code     0  startup_stm32h745xx.o(.text)
    MDMA_IRQHandler                          0x080003a7   Thumb Code     0  startup_stm32h745xx.o(.text)
    OTG_FS_EP1_IN_IRQHandler                 0x080003a7   Thumb Code     0  startup_stm32h745xx.o(.text)
    OTG_FS_EP1_OUT_IRQHandler                0x080003a7   Thumb Code     0  startup_stm32h745xx.o(.text)
    OTG_FS_IRQHandler                        0x080003a7   Thumb Code     0  startup_stm32h745xx.o(.text)
    OTG_FS_WKUP_IRQHandler                   0x080003a7   Thumb Code     0  startup_stm32h745xx.o(.text)
    OTG_HS_EP1_IN_IRQHandler                 0x080003a7   Thumb Code     0  startup_stm32h745xx.o(.text)
    OTG_HS_EP1_OUT_IRQHandler                0x080003a7   Thumb Code     0  startup_stm32h745xx.o(.text)
    OTG_HS_IRQHandler                        0x080003a7   Thumb Code     0  startup_stm32h745xx.o(.text)
    OTG_HS_WKUP_IRQHandler                   0x080003a7   Thumb Code     0  startup_stm32h745xx.o(.text)
    PVD_AVD_IRQHandler                       0x080003a7   Thumb Code     0  startup_stm32h745xx.o(.text)
    QUADSPI_IRQHandler                       0x080003a7   Thumb Code     0  startup_stm32h745xx.o(.text)
    RCC_IRQHandler                           0x080003a7   Thumb Code     0  startup_stm32h745xx.o(.text)
    RNG_IRQHandler                           0x080003a7   Thumb Code     0  startup_stm32h745xx.o(.text)
    RTC_Alarm_IRQHandler                     0x080003a7   Thumb Code     0  startup_stm32h745xx.o(.text)
    RTC_WKUP_IRQHandler                      0x080003a7   Thumb Code     0  startup_stm32h745xx.o(.text)
    SAI1_IRQHandler                          0x080003a7   Thumb Code     0  startup_stm32h745xx.o(.text)
    SAI2_IRQHandler                          0x080003a7   Thumb Code     0  startup_stm32h745xx.o(.text)
    SAI3_IRQHandler                          0x080003a7   Thumb Code     0  startup_stm32h745xx.o(.text)
    SAI4_IRQHandler                          0x080003a7   Thumb Code     0  startup_stm32h745xx.o(.text)
    SDMMC1_IRQHandler                        0x080003a7   Thumb Code     0  startup_stm32h745xx.o(.text)
    SDMMC2_IRQHandler                        0x080003a7   Thumb Code     0  startup_stm32h745xx.o(.text)
    SPDIF_RX_IRQHandler                      0x080003a7   Thumb Code     0  startup_stm32h745xx.o(.text)
    SPI1_IRQHandler                          0x080003a7   Thumb Code     0  startup_stm32h745xx.o(.text)
    SPI2_IRQHandler                          0x080003a7   Thumb Code     0  startup_stm32h745xx.o(.text)
    SPI3_IRQHandler                          0x080003a7   Thumb Code     0  startup_stm32h745xx.o(.text)
    SPI4_IRQHandler                          0x080003a7   Thumb Code     0  startup_stm32h745xx.o(.text)
    SPI5_IRQHandler                          0x080003a7   Thumb Code     0  startup_stm32h745xx.o(.text)
    SPI6_IRQHandler                          0x080003a7   Thumb Code     0  startup_stm32h745xx.o(.text)
    SWPMI1_IRQHandler                        0x080003a7   Thumb Code     0  startup_stm32h745xx.o(.text)
    TAMP_STAMP_IRQHandler                    0x080003a7   Thumb Code     0  startup_stm32h745xx.o(.text)
    TIM15_IRQHandler                         0x080003a7   Thumb Code     0  startup_stm32h745xx.o(.text)
    TIM16_IRQHandler                         0x080003a7   Thumb Code     0  startup_stm32h745xx.o(.text)
    TIM17_IRQHandler                         0x080003a7   Thumb Code     0  startup_stm32h745xx.o(.text)
    TIM1_BRK_IRQHandler                      0x080003a7   Thumb Code     0  startup_stm32h745xx.o(.text)
    TIM1_CC_IRQHandler                       0x080003a7   Thumb Code     0  startup_stm32h745xx.o(.text)
    TIM1_TRG_COM_IRQHandler                  0x080003a7   Thumb Code     0  startup_stm32h745xx.o(.text)
    TIM1_UP_IRQHandler                       0x080003a7   Thumb Code     0  startup_stm32h745xx.o(.text)
    TIM2_IRQHandler                          0x080003a7   Thumb Code     0  startup_stm32h745xx.o(.text)
    TIM3_IRQHandler                          0x080003a7   Thumb Code     0  startup_stm32h745xx.o(.text)
    TIM4_IRQHandler                          0x080003a7   Thumb Code     0  startup_stm32h745xx.o(.text)
    TIM6_DAC_IRQHandler                      0x080003a7   Thumb Code     0  startup_stm32h745xx.o(.text)
    TIM8_BRK_TIM12_IRQHandler                0x080003a7   Thumb Code     0  startup_stm32h745xx.o(.text)
    TIM8_CC_IRQHandler                       0x080003a7   Thumb Code     0  startup_stm32h745xx.o(.text)
    TIM8_TRG_COM_TIM14_IRQHandler            0x080003a7   Thumb Code     0  startup_stm32h745xx.o(.text)
    TIM8_UP_TIM13_IRQHandler                 0x080003a7   Thumb Code     0  startup_stm32h745xx.o(.text)
    UART4_IRQHandler                         0x080003a7   Thumb Code     0  startup_stm32h745xx.o(.text)
    UART5_IRQHandler                         0x080003a7   Thumb Code     0  startup_stm32h745xx.o(.text)
    UART7_IRQHandler                         0x080003a7   Thumb Code     0  startup_stm32h745xx.o(.text)
    UART8_IRQHandler                         0x080003a7   Thumb Code     0  startup_stm32h745xx.o(.text)
    USART1_IRQHandler                        0x080003a7   Thumb Code     0  startup_stm32h745xx.o(.text)
    USART6_IRQHandler                        0x080003a7   Thumb Code     0  startup_stm32h745xx.o(.text)
    WAKEUP_PIN_IRQHandler                    0x080003a7   Thumb Code     0  startup_stm32h745xx.o(.text)
    WWDG_IRQHandler                          0x080003a7   Thumb Code     0  startup_stm32h745xx.o(.text)
    WWDG_RST_IRQHandler                      0x080003a7   Thumb Code     0  startup_stm32h745xx.o(.text)
    __user_initial_stackheap                 0x080003a9   Thumb Code     0  startup_stm32h745xx.o(.text)
    __2sprintf                               0x080003cd   Thumb Code    34  noretval__2sprintf.o(.text)
    __printf                                 0x080003f5   Thumb Code   104  __printf.o(.text)
    __aeabi_memcpy                           0x0800045d   Thumb Code     0  rt_memcpy_v6.o(.text)
    __rt_memcpy                              0x0800045d   Thumb Code   138  rt_memcpy_v6.o(.text)
    _memcpy_lastbytes                        0x080004c3   Thumb Code     0  rt_memcpy_v6.o(.text)
    __aeabi_memcpy4                          0x080004e7   Thumb Code     0  rt_memcpy_w.o(.text)
    __aeabi_memcpy8                          0x080004e7   Thumb Code     0  rt_memcpy_w.o(.text)
    __rt_memcpy_w                            0x080004e7   Thumb Code   100  rt_memcpy_w.o(.text)
    _memcpy_lastbytes_aligned                0x0800052f   Thumb Code     0  rt_memcpy_w.o(.text)
    __aeabi_memclr                           0x0800054b   Thumb Code     0  rt_memclr.o(.text)
    __rt_memclr                              0x0800054b   Thumb Code     0  rt_memclr.o(.text)
    _memset                                  0x0800054f   Thumb Code    64  rt_memclr.o(.text)
    __aeabi_memclr4                          0x0800058f   Thumb Code     0  rt_memclr_w.o(.text)
    __aeabi_memclr8                          0x0800058f   Thumb Code     0  rt_memclr_w.o(.text)
    __rt_memclr_w                            0x0800058f   Thumb Code     0  rt_memclr_w.o(.text)
    _memset_w                                0x08000593   Thumb Code    74  rt_memclr_w.o(.text)
    __use_two_region_memory                  0x080005dd   Thumb Code     2  heapauxi.o(.text)
    __rt_heap_escrow$2region                 0x080005df   Thumb Code     2  heapauxi.o(.text)
    __rt_heap_expand$2region                 0x080005e1   Thumb Code     2  heapauxi.o(.text)
    __read_errno                             0x080005e3   Thumb Code    10  _rserrno.o(.text)
    __set_errno                              0x080005ed   Thumb Code    12  _rserrno.o(.text)
    _printf_fp_dec_real                      0x080007a9   Thumb Code   620  _printf_fp_dec.o(.text)
    _printf_char_common                      0x08000a1f   Thumb Code    32  _printf_char_common.o(.text)
    _sputc                                   0x08000a45   Thumb Code    10  _sputc.o(.text)
    __rt_locale                              0x08000a51   Thumb Code     8  rt_locale_intlibspace.o(.text)
    __aeabi_errno_addr                       0x08000a59   Thumb Code     8  rt_errno_addr_intlibspace.o(.text)
    __errno$intlibspace                      0x08000a59   Thumb Code     0  rt_errno_addr_intlibspace.o(.text)
    __rt_errno_addr$intlibspace              0x08000a59   Thumb Code     0  rt_errno_addr_intlibspace.o(.text)
    _ll_udiv10                               0x08000a61   Thumb Code   138  lludiv10.o(.text)
    _printf_fp_infnan                        0x08000aed   Thumb Code   112  _printf_fp_infnan.o(.text)
    _btod_etento                             0x08000b6d   Thumb Code   224  bigflt0.o(.text)
    __user_libspace                          0x08000c51   Thumb Code     8  libspace.o(.text)
    __user_perproc_libspace                  0x08000c51   Thumb Code     0  libspace.o(.text)
    __user_perthread_libspace                0x08000c51   Thumb Code     0  libspace.o(.text)
    __user_setup_stackheap                   0x08000c59   Thumb Code    74  sys_stackheap_outer.o(.text)
    exit                                     0x08000ca3   Thumb Code    18  exit.o(.text)
    strcmp                                   0x08000cb9   Thumb Code   124  strcmpv7m_pel.o(.text)
    _sys_exit                                0x08000d35   Thumb Code     8  sys_exit.o(.text)
    __I$use$semihosting                      0x08000d41   Thumb Code     0  use_no_semi.o(.text)
    __use_no_semihosting_swi                 0x08000d41   Thumb Code     2  use_no_semi.o(.text)
    __semihosting_library_function           0x08000d43   Thumb Code     0  indicate_semi.o(.text)
    DMA1_Stream0_IRQHandler                  0x08000d49   Thumb Code    56  mb_rtu_slave.o(.text.DMA1_Stream0_IRQHandler)
    DMA1_Stream1_IRQHandler                  0x08000d81   Thumb Code    26  mb_rtu_slave.o(.text.DMA1_Stream1_IRQHandler)
    DMA1_Stream3_IRQHandler                  0x08000da1   Thumb Code    26  debug.o(.text.DMA1_Stream3_IRQHandler)
    Debug_Conf                               0x08000dc1   Thumb Code   236  debug.o(.text.Debug_Conf)
    Debug_PrepareFrame                       0x08000eb1   Thumb Code  1152  debug.o(.text.Debug_PrepareFrame)
    Gripper_SetResetValuesVariables          0x08001331   Thumb Code    50  gripper.o(.text.Gripper_SetResetValuesVariables)
    Gripper_SetStartValuesVariables          0x08001369   Thumb Code    50  gripper.o(.text.Gripper_SetStartValuesVariables)
    IO_Conf                                  0x080013a1   Thumb Code    52  inputsoutputs.o(.text.IO_Conf)
    IO_InputsAct                             0x080013d9   Thumb Code    58  inputsoutputs.o(.text.IO_InputsAct)
    IO_OutputsAct                            0x08001419   Thumb Code    68  inputsoutputs.o(.text.IO_OutputsAct)
    IO_ParkBrakeInRead                       0x08001461   Thumb Code    18  inputsoutputs.o(.text.IO_ParkBrakeInRead)
    IO_ParkBrakeLock                         0x08001479   Thumb Code    26  inputsoutputs.o(.text.IO_ParkBrakeLock)
    IO_ParkBrakeUnlock                       0x08001499   Thumb Code    24  inputsoutputs.o(.text.IO_ParkBrakeUnlock)
    Joints_CalcFrictionCompensate            0x080014b1   Thumb Code   222  joints.o(.text.Joints_CalcFrictionCompensate)
    Joints_CalcInitRegsTorque                0x08001591   Thumb Code   212  joints.o(.text.Joints_CalcInitRegsTorque)
    Joints_CalcPIDs                          0x08001669   Thumb Code   408  joints.o(.text.Joints_CalcPIDs)
    Joints_SetDefaultFriction                0x08001801   Thumb Code   810  joints.o(.text.Joints_SetDefaultFriction)
    Joints_SetDefaultPidParam                0x08001b31   Thumb Code   264  joints.o(.text.Joints_SetDefaultPidParam)
    Joints_SetDefaultVariables               0x08001c39   Thumb Code   144  joints.o(.text.Joints_SetDefaultVariables)
    Joints_SetFrictionFromCan                0x08001cc9   Thumb Code    90  joints.o(.text.Joints_SetFrictionFromCan)
    Joints_SetResetValuesVariables           0x08001d29   Thumb Code   138  joints.o(.text.Joints_SetResetValuesVariables)
    Joints_SetStartValuesVariables           0x08001db9   Thumb Code   804  joints.o(.text.Joints_SetStartValuesVariables)
    Joints_StartIrValuesVariables            0x080020e1   Thumb Code   110  joints.o(.text.Joints_StartIrValuesVariables)
    Joints_StopIrValuesVariables             0x08002151   Thumb Code    64  joints.o(.text.Joints_StopIrValuesVariables)
    MBS_Act                                  0x08002191   Thumb Code  2136  mb_rtu_slave.o(.text.MBS_Act)
    MBS_Conf                                 0x080029e9   Thumb Code   286  mb_rtu_slave.o(.text.MBS_Conf)
    SystemInit                               0x08002b09   Thumb Code   244  system_stm32h7xx_dualcore_boot_cm4_cm7.o(.text.SystemInit)
    TIM5_IRQHandler                          0x08002c01   Thumb Code  1926  mb_rtu_slave.o(.text.TIM5_IRQHandler)
    USART2_IRQHandler                        0x08003389   Thumb Code    66  mb_rtu_slave.o(.text.USART2_IRQHandler)
    USART3_IRQHandler                        0x080033d1   Thumb Code    96  debug.o(.text.USART3_IRQHandler)
    main                                     0x08003431   Thumb Code    14  main.o(.text.main)
    _btod_d2e                                0x0800343f   Thumb Code    62  btod.o(CL$$btod_d2e)
    _d2e_denorm_low                          0x0800347d   Thumb Code    70  btod.o(CL$$btod_d2e_denorm_low)
    _d2e_norm_op1                            0x080034c3   Thumb Code    96  btod.o(CL$$btod_d2e_norm_op1)
    __btod_div_common                        0x08003525   Thumb Code   696  btod.o(CL$$btod_div_common)
    _e2e                                     0x0800385d   Thumb Code   220  btod.o(CL$$btod_e2e)
    _btod_ediv                               0x08003939   Thumb Code    42  btod.o(CL$$btod_ediv)
    _btod_emul                               0x08003963   Thumb Code    42  btod.o(CL$$btod_emul)
    __btod_mult_common                       0x0800398d   Thumb Code   580  btod.o(CL$$btod_mult_common)
    Long Thumb to Thumb Veneer to Control_JtcReqChangeTool 0x08003bd1   Thumb Code    10  anon$$obj.o(Veneer$$Code)
    Long Thumb to Thumb Veneer to Control_SetDefualtArmModel 0x08003bdb   Thumb Code    10  anon$$obj.o(Veneer$$Code)
    Long Thumb to Thumb Veneer to RNEA_Conf  0x08003be5   Thumb Code    10  anon$$obj.o(Veneer$$Code)
    Long Thumb to Thumb Veneer to Control_ClearInternallErrorsInJtc 0x08003bef   Thumb Code    10  anon$$obj.o(Veneer$$Code)
    Long Thumb to Thumb Veneer to Control_ClearExternallErrorsViaCan 0x08003bf9   Thumb Code    10  anon$$obj.o(Veneer$$Code)
    Long Thumb to Thumb Veneer to Control_ResetDevicesViaCan 0x08003c03   Thumb Code    10  anon$$obj.o(Veneer$$Code)
    Long Thumb to Thumb Veneer to Control_SystemConf 0x08003c0d   Thumb Code    10  anon$$obj.o(Veneer$$Code)
    Long Thumb to Thumb Veneer to Control_JtcJogKinCalc 0x08003c17   Thumb Code    10  anon$$obj.o(Veneer$$Code)
    Long Thumb to Thumb Veneer to TG_TrajGen 0x08003c21   Thumb Code    10  anon$$obj.o(Veneer$$Code)
    __ARM_fpclassify                         0x08003c2b   Thumb Code    48  fpclassify.o(i.__ARM_fpclassify)
    __hardfp_acos                            0x08003c61   Thumb Code   422  acos.o(i.__hardfp_acos)
    __hardfp_atan                            0x08003e61   Thumb Code   402  atan.o(i.__hardfp_atan)
    __hardfp_atan2                           0x08004039   Thumb Code   392  atan2.o(i.__hardfp_atan2)
    __hardfp_cos                             0x08004201   Thumb Code   158  cos.o(i.__hardfp_cos)
    __hardfp_cpow                            0x080042b1   Thumb Code   128  cpow.o(i.__hardfp_cpow)
    __hardfp_csqrt                           0x08004331   Thumb Code   682  csqrt.o(i.__hardfp_csqrt)
    __hardfp_exp                             0x080045f1   Thumb Code   486  exp.o(i.__hardfp_exp)
    __hardfp_hypot                           0x08004849   Thumb Code   630  hypot.o(i.__hardfp_hypot)
    __hardfp_log                             0x08004ae1   Thumb Code   480  log.o(i.__hardfp_log)
    __hardfp_pow                             0x08004d09   Thumb Code  2108  pow.o(i.__hardfp_pow)
    __hardfp_sin                             0x080055d1   Thumb Code   158  sin.o(i.__hardfp_sin)
    __hardfp_sqrt                            0x08005681   Thumb Code   102  sqrt.o(i.__hardfp_sqrt)
    __ieee754_rem_pio2                       0x080056e9   Thumb Code   646  rred.o(i.__ieee754_rem_pio2)
    __kernel_cos                             0x080059f1   Thumb Code   182  cos_i.o(i.__kernel_cos)
    __kernel_poly                            0x08005ab5   Thumb Code   112  poly.o(i.__kernel_poly)
    __kernel_sin                             0x08005b29   Thumb Code   144  sin_i.o(i.__kernel_sin)
    __mathlib_dbl_divzero                    0x08005bc9   Thumb Code    14  dunder.o(i.__mathlib_dbl_divzero)
    __mathlib_dbl_infnan                     0x08005be1   Thumb Code     6  dunder.o(i.__mathlib_dbl_infnan)
    __mathlib_dbl_infnan2                    0x08005be7   Thumb Code     6  dunder.o(i.__mathlib_dbl_infnan2)
    __mathlib_dbl_invalid                    0x08005bf1   Thumb Code    10  dunder.o(i.__mathlib_dbl_invalid)
    __mathlib_dbl_overflow                   0x08005c09   Thumb Code    10  dunder.o(i.__mathlib_dbl_overflow)
    __mathlib_dbl_underflow                  0x08005c21   Thumb Code    10  dunder.o(i.__mathlib_dbl_underflow)
    atan                                     0x08005c39   Thumb Code    16  atan.o(i.atan)
    atan2                                    0x08005c49   Thumb Code    20  atan2.o(i.atan2)
    cos                                      0x08005c5d   Thumb Code    16  cos.o(i.cos)
    exp                                      0x08005c6d   Thumb Code    16  exp.o(i.exp)
    fabs                                     0x08005c7d   Thumb Code    24  fabs.o(i.fabs)
    hypot                                    0x08005c95   Thumb Code    20  hypot.o(i.hypot)
    log                                      0x08005ca9   Thumb Code    16  log.o(i.log)
    sin                                      0x08005cb9   Thumb Code    16  sin.o(i.sin)
    sqrt                                     0x08005cc9   Thumb Code   106  sqrt.o(i.sqrt)
    _get_lc_numeric                          0x08005d35   Thumb Code    44  lc_numeric_c.o(locale$$code)
    __fpl_dcheck_NaN1                        0x08005d61   Thumb Code    10  dcheck1.o(x$fpl$dcheck1)
    _fp_init                                 0x08005d71   Thumb Code    26  fpinit.o(x$fpl$fpinit)
    __fplib_config_fpu_vfp                   0x08005d89   Thumb Code     0  fpinit.o(x$fpl$fpinit)
    __fplib_config_pureend_doubles           0x08005d89   Thumb Code     0  fpinit.o(x$fpl$fpinit)
    _printf_fp_dec                           0x08005d8b   Thumb Code     4  printf1.o(x$fpl$printf1)
    __fpl_return_NaN                         0x08005d8f   Thumb Code   100  retnan.o(x$fpl$retnan)
    __ARM_scalbn                             0x08005df3   Thumb Code    92  scalbn.o(x$fpl$scalbn)
    __fpl_cmpreturn                          0x08005e4f   Thumb Code    48  trapv.o(x$fpl$trapveneer)
    __I$use$fp                               0x08005e7e   Number         0  usenofp.o(x$fpl$usenofp)
    __mathlib_zero                           0x080060b0   Data           8  qnan.o(.constdata)
    Region$$Table$$Base                      0x08006244   Number         0  anon$$obj.o(Region$$Table)
    Region$$Table$$Limit                     0x080062a4   Number         0  anon$$obj.o(Region$$Table)
    accmax                                   0x20000000   Data           8  trajgen.o(.data.accmax)
    pC                                       0x20000008   Data           4  control.o(.data.pC)
    __libspace_start                         0x20000010   Data          96  libspace.o(.bss)
    Control                                  0x20000070   Data       13968  control.o(.bss.Control)
    __temporary_stack_top$libspace           0x20000070   Data           0  libspace.o(.bss)
    MI                                       0x20003700   Data         432  rnea.o(.bss.MI)
    MIvec                                    0x200038b0   Data         288  rnea.o(.bss.MIvec)
    Mx                                       0x200039d0   Data         896  rnea.o(.bss.Mx)
    Mxc                                      0x20003d50   Data         896  rnea.o(.bss.Mxc)
    Mxtemp                                   0x200040d0   Data         896  rnea.o(.bss.Mxtemp)
    R                                        0x20004450   Data         504  rnea.o(.bss.R)
    Rc                                       0x20004648   Data         504  rnea.o(.bss.Rc)
    Rct                                      0x20004840   Data         504  rnea.o(.bss.Rct)
    Rt                                       0x20004a38   Data         504  rnea.o(.bss.Rt)
    Rx                                       0x20004c30   Data         504  rnea.o(.bss.Rx)
    Rxc                                      0x20004e28   Data         504  rnea.o(.bss.Rxc)
    Rxct                                     0x20005020   Data         504  rnea.o(.bss.Rxct)
    Rxt                                      0x20005218   Data         504  rnea.o(.bss.Rxt)
    a2                                       0x20005410   Data           8  rnea.o(.bss.a2)
    a3                                       0x20005418   Data           8  rnea.o(.bss.a3)
    d1                                       0x20005420   Data           8  rnea.o(.bss.d1)
    d4                                       0x20005428   Data           8  rnea.o(.bss.d4)
    d5                                       0x20005430   Data           8  rnea.o(.bss.d5)
    d6                                       0x20005438   Data           8  rnea.o(.bss.d6)
    dir                                      0x20005440   Data          48  rnea.o(.bss.dir)
    g                                        0x20005470   Data         168  rnea.o(.bss.g)
    g0                                       0x20005518   Data          24  rnea.o(.bss.g0)
    m                                        0x20005530   Data          48  rnea.o(.bss.m)
    mxDim                                    0x20005560   Data         336  rnea.o(.bss.mxDim)
    mxcDim                                   0x200056b0   Data         288  rnea.o(.bss.mxcDim)
    offset                                   0x200057d0   Data          48  rnea.o(.bss.offset)
    r                                        0x20005800   Data         144  rnea.o(.bss.r)
    rc                                       0x20005890   Data         144  rnea.o(.bss.rc)
    rcinv                                    0x20005920   Data         144  rnea.o(.bss.rcinv)
    Traj                                     0x24000000   Data       485720  control.o(.ARM.__at_0x24000000)
    Debug                                    0x30000000   Data       40128  control.o(.ARM.__at_0x30000000)
    Mbs                                      0x38000000   Data        5024  control.o(.ARM.__at_0x38000000)



==============================================================================

Memory Map of the image

  Image Entry point : 0x08000299

  Load Region LR_IROM1 (Base: 0x08000000, Size: 0x000932e4, Max: 0x00100000, ABSOLUTE, COMPRESSED[0x00012984])

    Execution Region RW_IRAM4 (Exec base: 0x00000000, Load base: 0x08007300, Size: 0x0000b65c, Max: 0x00010000, ABSOLUTE)

    Exec Addr    Load Addr    Size         Type   Attr      Idx    E Section Name        Object

    0x00000000   0x08007300   0x0000049c   Code   RO            2    .text.Can_Conf      can.o
    0x0000049c   0x0800779c   0x00000004   PAD
    0x000004a0   0x080077a0   0x000002ce   Code   RO            4    .text.Can_SendDataToJoints  can.o
    0x0000076e   0x08007a6e   0x00000002   PAD
    0x00000770   0x08007a70   0x000000de   Code   RO           12    .text.Can_SendFrameChangeFsm  can.o
    0x0000084e   0x08007b4e   0x00000002   PAD
    0x00000850   0x08007b50   0x000000fa   Code   RO           14    .text.Can_SendFrameChangeMode  can.o
    0x0000094a   0x08007c4a   0x00000006   PAD
    0x00000950   0x08007c50   0x00000128   Code   RO           10    .text.Can_SendFrameMove  can.o
    0x00000a78   0x08007d78   0x00000076   Code   RO           16    .text.Can_SendFrameReadFriction  can.o
    0x00000aee   0x08007dee   0x00000002   PAD
    0x00000af0   0x08007df0   0x000000b2   Code   RO           18    .text.Can_SendFrameResetAllDevices  can.o
    0x00000ba2   0x08007ea2   0x00000006   PAD
    0x00000ba8   0x08007ea8   0x0000007a   Code   RO           32    .text.Can_SendFrameResetGripper  can.o
    0x00000c22   0x08007f22   0x00000006   PAD
    0x00000c28   0x08007f28   0x000000b2   Code   RO           20    .text.Can_SendFrameResetJoint0  can.o
    0x00000cda   0x08007fda   0x00000006   PAD
    0x00000ce0   0x08007fe0   0x000000b6   Code   RO           22    .text.Can_SendFrameResetJoint1  can.o
    0x00000d96   0x08008096   0x00000002   PAD
    0x00000d98   0x08008098   0x000000b6   Code   RO           24    .text.Can_SendFrameResetJoint2  can.o
    0x00000e4e   0x0800814e   0x00000002   PAD
    0x00000e50   0x08008150   0x000000b6   Code   RO           26    .text.Can_SendFrameResetJoint3  can.o
    0x00000f06   0x08008206   0x00000002   PAD
    0x00000f08   0x08008208   0x000000b6   Code   RO           28    .text.Can_SendFrameResetJoint4  can.o
    0x00000fbe   0x080082be   0x00000002   PAD
    0x00000fc0   0x080082c0   0x000000b6   Code   RO           30    .text.Can_SendFrameResetJoint5  can.o
    0x00001076   0x08008376   0x00000002   PAD
    0x00001078   0x08008378   0x0000020c   Code   RO           56    .text.Control_CheckErrorFlags  control.o
    0x00001284   0x08008584   0x00000004   PAD
    0x00001288   0x08008588   0x00000090   Code   RO           58    .text.Control_ClearExternallErrorsViaCan  control.o
    0x00001318   0x08008618   0x000000a6   Code   RO           54    .text.Control_ClearInternallErrorsInJtc  control.o
    0x000013be   0x080086be   0x00000002   PAD
    0x000013c0   0x080086c0   0x00000058   Code   RO           50    .text.Control_JtcJogKinCalc  control.o
    0x00001418   0x08008718   0x00000024   Code   RO           52    .text.Control_JtcReqChangeTool  control.o
    0x0000143c   0x0800873c   0x00000004   PAD
    0x00001440   0x08008740   0x00000060   Code   RO           60    .text.Control_ResetDevicesViaCan  control.o
    0x000014a0   0x080087a0   0x00000c18   Code   RO           42    .text.Control_SetDefualtArmModel  control.o
    0x000020b8   0x080093b8   0x000006d0   Code   RO           44    .text.Control_SystemConf  control.o
    0x00002788   0x08009a88   0x00000064   Code   RO           48    .text.Control_TrajClear  control.o
    0x000027ec   0x08009aec   0x00000004   PAD
    0x000027f0   0x08009af0   0x00000896   Code   RO            6    .text.FDCAN1_IT0_IRQHandler  can.o
    0x00003086   0x0800a386   0x00000002   PAD
    0x00003088   0x0800a388   0x00000070   Code   RO            8    .text.FDCAN1_IT1_IRQHandler  can.o
    0x000030f8   0x0800a3f8   0x00000080   Code   RO          130    .text.HRX           rnea.o
    0x00003178   0x0800a478   0x00000080   Code   RO          132    .text.HRY           rnea.o
    0x000031f8   0x0800a4f8   0x00000080   Code   RO          134    .text.HRZ           rnea.o
    0x00003278   0x0800a578   0x00000058   Code   RO          128    .text.HT            rnea.o
    0x000032d0   0x0800a5d0   0x00000288   Code   RO          146    .text.InvMat4       rnea.o
    0x00003558   0x0800a858   0x00000108   Code   RO          156    .text.Kin_Conf      rnea.o
    0x00003660   0x0800a960   0x00000aa2   Code   RO          160    .text.Kin_FKCalc    rnea.o
    0x00004102   0x0800b402   0x00000006   PAD
    0x00004108   0x0800b408   0x00000130   Code   RO          158    .text.Kin_FindNearestSolution  rnea.o
    0x00004238   0x0800b538   0x00000260   Code   RO          162    .text.Kin_IKCalcFromQuat  rnea.o
    0x00004498   0x0800b798   0x00000148   Code   RO          166    .text.Kin_IKCalcFromRotMat  rnea.o
    0x000045e0   0x0800b8e0   0x00001070   Code   RO          164    .text.Kin_IKRaw     rnea.o
    0x00005650   0x0800c950   0x0000006a   Code   RO          168    .text.Kin_RobPosAct  rnea.o
    0x000056ba   0x0800c9ba   0x00000006   PAD
    0x000056c0   0x0800c9c0   0x00000046   Code   RO          142    .text.Mat3ToMat4    rnea.o
    0x00005706   0x0800ca06   0x00000002   PAD
    0x00005708   0x0800ca08   0x00000080   Code   RO          136    .text.Mat3xMat3     rnea.o
    0x00005788   0x0800ca88   0x00000040   Code   RO          126    .text.Mat4Ones      rnea.o
    0x000057c8   0x0800cac8   0x0000003e   Code   RO          140    .text.Mat4ToMat3    rnea.o
    0x00005806   0x0800cb06   0x00000002   PAD
    0x00005808   0x0800cb08   0x00000080   Code   RO          138    .text.Mat4xMat4     rnea.o
    0x00005888   0x0800cb88   0x000015ec   Code   RO          150    .text.RNEA_CalcTorques  rnea.o
    0x00006e74   0x0800e174   0x00000004   PAD
    0x00006e78   0x0800e178   0x00000b22   Code   RO          148    .text.RNEA_Conf     rnea.o
    0x0000799a   0x0800ec9a   0x00000006   PAD
    0x000079a0   0x0800eca0   0x00000012   Code   RO           64    .text.SysTick_Handler  control.o
    0x000079b2   0x0800ecb2   0x00000006   PAD
    0x000079b8   0x0800ecb8   0x00000040   Code   RO          242    .text.TG_ClearTgenVariables  trajgen.o
    0x000079f8   0x0800ecf8   0x00000008   Code   RO          244    .text.TG_Conf       trajgen.o
    0x00007a00   0x0800ed00   0x00000260   Code   RO          240    .text.TG_SetDefaultVariables  trajgen.o
    0x00007c60   0x0800ef60   0x00001ea0   Code   RO          246    .text.TG_TrajGen    trajgen.o
    0x00009b00   0x08010e00   0x000019c8   Code   RO           62    .text.TIM7_IRQHandler  control.o
    0x0000b4c8   0x080127c8   0x00000020   Code   RO          120    .text.Vec4Zeros     rnea.o
    0x0000b4e8   0x080127e8   0x00000006   Code   RO          144    .text.Vec6SetValues  rnea.o
    0x0000b4ee   0x080127ee   0x00000002   PAD
    0x0000b4f0   0x080127f0   0x0000000a   Code   RO          122    .text.Vec6Zeros     rnea.o
    0x0000b4fa   0x080127fa   0x0000000a   Ven    RO          726    Veneer$$Code        anon$$obj.o
    0x0000b504   0x08012804   0x0000000a   Ven    RO          727    Veneer$$Code        anon$$obj.o
    0x0000b50e   0x0801280e   0x0000000a   Ven    RO          728    Veneer$$Code        anon$$obj.o
    0x0000b518   0x08012818   0x0000000a   Ven    RO          729    Veneer$$Code        anon$$obj.o
    0x0000b522   0x08012822   0x0000000a   Ven    RO          730    Veneer$$Code        anon$$obj.o
    0x0000b52c   0x0801282c   0x0000000a   Ven    RO          731    Veneer$$Code        anon$$obj.o
    0x0000b536   0x08012836   0x0000000a   Ven    RO          732    Veneer$$Code        anon$$obj.o
    0x0000b540   0x08012840   0x0000000a   Ven    RO          733    Veneer$$Code        anon$$obj.o
    0x0000b54a   0x0801284a   0x0000000a   Ven    RO          734    Veneer$$Code        anon$$obj.o
    0x0000b554   0x08012854   0x0000000a   Ven    RO          735    Veneer$$Code        anon$$obj.o
    0x0000b55e   0x0801285e   0x0000000a   Ven    RO          736    Veneer$$Code        anon$$obj.o
    0x0000b568   0x08012868   0x0000000a   Ven    RO          737    Veneer$$Code        anon$$obj.o
    0x0000b572   0x08012872   0x0000000a   Ven    RO          738    Veneer$$Code        anon$$obj.o
    0x0000b57c   0x0801287c   0x0000000a   Ven    RO          739    Veneer$$Code        anon$$obj.o
    0x0000b586   0x08012886   0x0000000a   Ven    RO          740    Veneer$$Code        anon$$obj.o
    0x0000b590   0x08012890   0x0000000a   Ven    RO          741    Veneer$$Code        anon$$obj.o
    0x0000b59a   0x0801289a   0x0000000a   Ven    RO          742    Veneer$$Code        anon$$obj.o
    0x0000b5a4   0x080128a4   0x0000000a   Ven    RO          743    Veneer$$Code        anon$$obj.o
    0x0000b5ae   0x080128ae   0x0000000a   Ven    RO          744    Veneer$$Code        anon$$obj.o
    0x0000b5b8   0x080128b8   0x0000000a   Ven    RO          745    Veneer$$Code        anon$$obj.o
    0x0000b5c2   0x080128c2   0x0000000a   Ven    RO          746    Veneer$$Code        anon$$obj.o
    0x0000b5cc   0x080128cc   0x0000000a   Ven    RO          747    Veneer$$Code        anon$$obj.o
    0x0000b5d6   0x080128d6   0x0000000a   Ven    RO          748    Veneer$$Code        anon$$obj.o
    0x0000b5e0   0x080128e0   0x0000000a   Ven    RO          749    Veneer$$Code        anon$$obj.o
    0x0000b5ea   0x080128ea   0x0000000a   Ven    RO          750    Veneer$$Code        anon$$obj.o
    0x0000b5f4   0x080128f4   0x0000000a   Ven    RO          751    Veneer$$Code        anon$$obj.o
    0x0000b5fe   0x080128fe   0x0000000a   Ven    RO          752    Veneer$$Code        anon$$obj.o
    0x0000b608   0x08012908   0x0000000a   Ven    RO          753    Veneer$$Code        anon$$obj.o
    0x0000b612   0x08012912   0x0000000a   Ven    RO          754    Veneer$$Code        anon$$obj.o
    0x0000b61c   0x0801291c   0x0000000a   Ven    RO          755    Veneer$$Code        anon$$obj.o
    0x0000b626   0x08012926   0x0000000a   Ven    RO          756    Veneer$$Code        anon$$obj.o
    0x0000b630   0x08012930   0x0000000a   Ven    RO          757    Veneer$$Code        anon$$obj.o
    0x0000b63a   0x0801293a   0x0000000a   Ven    RO          758    Veneer$$Code        anon$$obj.o
    0x0000b644   0x08012944   0x0000000a   Ven    RO          759    Veneer$$Code        anon$$obj.o
    0x0000b64e   0x0801294e   0x0000000a   Ven    RO          760    Veneer$$Code        anon$$obj.o
    0x0000b658   0x08012958   0x00000003   Data   RO          250    .rodata.str1.1      trajgen.o


    Execution Region ER_IROM1 (Exec base: 0x08000000, Load base: 0x08000000, Size: 0x000062c0, Max: 0x00100000, ABSOLUTE)

    Exec Addr    Load Addr    Size         Type   Attr      Idx    E Section Name        Object

    0x08000000   0x08000000   0x00000298   Data   RO          297    RESET               startup_stm32h745xx.o
    0x08000298   0x08000298   0x00000008   Code   RO          359  * !!!main             c_w.l(__main.o)
    0x080002a0   0x080002a0   0x00000034   Code   RO          711    !!!scatter          c_w.l(__scatter.o)
    0x080002d4   0x080002d4   0x0000003a   Code   RO          709    !!dczerorl          c_w.l(__dczerorl.o)
    0x0800030e   0x0800030e   0x00000002   PAD
    0x08000310   0x08000310   0x0000001a   Code   RO          713    !!handler_copy      c_w.l(__scatter_copy.o)
    0x0800032a   0x0800032a   0x00000002   PAD
    0x0800032c   0x0800032c   0x0000001c   Code   RO          715    !!handler_zi        c_w.l(__scatter_zi.o)
    0x08000348   0x08000348   0x00000000   Code   RO          348    .ARM.Collect$$_printf_percent$$00000000  c_w.l(_printf_percent.o)
    0x08000348   0x08000348   0x00000006   Code   RO          347    .ARM.Collect$$_printf_percent$$00000003  c_w.l(_printf_f.o)
    0x0800034e   0x0800034e   0x00000004   Code   RO          420    .ARM.Collect$$_printf_percent$$00000017  c_w.l(_printf_percent_end.o)
    0x08000352   0x08000352   0x00000002   Code   RO          568    .ARM.Collect$$libinit$$00000000  c_w.l(libinit.o)
    0x08000354   0x08000354   0x00000004   Code   RO          569    .ARM.Collect$$libinit$$00000001  c_w.l(libinit2.o)
    0x08000358   0x08000358   0x00000000   Code   RO          572    .ARM.Collect$$libinit$$00000004  c_w.l(libinit2.o)
    0x08000358   0x08000358   0x00000000   Code   RO          574    .ARM.Collect$$libinit$$00000006  c_w.l(libinit2.o)
    0x08000358   0x08000358   0x00000000   Code   RO          577    .ARM.Collect$$libinit$$0000000C  c_w.l(libinit2.o)
    0x08000358   0x08000358   0x00000000   Code   RO          579    .ARM.Collect$$libinit$$0000000E  c_w.l(libinit2.o)
    0x08000358   0x08000358   0x00000000   Code   RO          581    .ARM.Collect$$libinit$$00000010  c_w.l(libinit2.o)
    0x08000358   0x08000358   0x00000006   Code   RO          582    .ARM.Collect$$libinit$$00000011  c_w.l(libinit2.o)
    0x0800035e   0x0800035e   0x00000000   Code   RO          584    .ARM.Collect$$libinit$$00000013  c_w.l(libinit2.o)
    0x0800035e   0x0800035e   0x00000000   Code   RO          586    .ARM.Collect$$libinit$$00000015  c_w.l(libinit2.o)
    0x0800035e   0x0800035e   0x00000000   Code   RO          588    .ARM.Collect$$libinit$$00000017  c_w.l(libinit2.o)
    0x0800035e   0x0800035e   0x0000000a   Code   RO          589    .ARM.Collect$$libinit$$00000018  c_w.l(libinit2.o)
    0x08000368   0x08000368   0x00000000   Code   RO          590    .ARM.Collect$$libinit$$00000019  c_w.l(libinit2.o)
    0x08000368   0x08000368   0x00000000   Code   RO          592    .ARM.Collect$$libinit$$0000001B  c_w.l(libinit2.o)
    0x08000368   0x08000368   0x00000000   Code   RO          594    .ARM.Collect$$libinit$$0000001D  c_w.l(libinit2.o)
    0x08000368   0x08000368   0x00000000   Code   RO          596    .ARM.Collect$$libinit$$0000001F  c_w.l(libinit2.o)
    0x08000368   0x08000368   0x00000000   Code   RO          598    .ARM.Collect$$libinit$$00000021  c_w.l(libinit2.o)
    0x08000368   0x08000368   0x00000000   Code   RO          600    .ARM.Collect$$libinit$$00000023  c_w.l(libinit2.o)
    0x08000368   0x08000368   0x00000000   Code   RO          602    .ARM.Collect$$libinit$$00000025  c_w.l(libinit2.o)
    0x08000368   0x08000368   0x00000000   Code   RO          604    .ARM.Collect$$libinit$$00000027  c_w.l(libinit2.o)
    0x08000368   0x08000368   0x00000000   Code   RO          608    .ARM.Collect$$libinit$$0000002E  c_w.l(libinit2.o)
    0x08000368   0x08000368   0x00000000   Code   RO          610    .ARM.Collect$$libinit$$00000030  c_w.l(libinit2.o)
    0x08000368   0x08000368   0x00000000   Code   RO          612    .ARM.Collect$$libinit$$00000032  c_w.l(libinit2.o)
    0x08000368   0x08000368   0x00000000   Code   RO          614    .ARM.Collect$$libinit$$00000034  c_w.l(libinit2.o)
    0x08000368   0x08000368   0x00000002   Code   RO          615    .ARM.Collect$$libinit$$00000035  c_w.l(libinit2.o)
    0x0800036a   0x0800036a   0x00000002   Code   RO          655    .ARM.Collect$$libshutdown$$00000000  c_w.l(libshutdown.o)
    0x0800036c   0x0800036c   0x00000000   Code   RO          666    .ARM.Collect$$libshutdown$$00000002  c_w.l(libshutdown2.o)
    0x0800036c   0x0800036c   0x00000000   Code   RO          668    .ARM.Collect$$libshutdown$$00000004  c_w.l(libshutdown2.o)
    0x0800036c   0x0800036c   0x00000000   Code   RO          671    .ARM.Collect$$libshutdown$$00000007  c_w.l(libshutdown2.o)
    0x0800036c   0x0800036c   0x00000000   Code   RO          674    .ARM.Collect$$libshutdown$$0000000A  c_w.l(libshutdown2.o)
    0x0800036c   0x0800036c   0x00000000   Code   RO          676    .ARM.Collect$$libshutdown$$0000000C  c_w.l(libshutdown2.o)
    0x0800036c   0x0800036c   0x00000000   Code   RO          679    .ARM.Collect$$libshutdown$$0000000F  c_w.l(libshutdown2.o)
    0x0800036c   0x0800036c   0x00000002   Code   RO          680    .ARM.Collect$$libshutdown$$00000010  c_w.l(libshutdown2.o)
    0x0800036e   0x0800036e   0x00000000   Code   RO          409    .ARM.Collect$$rtentry$$00000000  c_w.l(__rtentry.o)
    0x0800036e   0x0800036e   0x00000000   Code   RO          488    .ARM.Collect$$rtentry$$00000002  c_w.l(__rtentry2.o)
    0x0800036e   0x0800036e   0x00000006   Code   RO          500    .ARM.Collect$$rtentry$$00000004  c_w.l(__rtentry4.o)
    0x08000374   0x08000374   0x00000000   Code   RO          490    .ARM.Collect$$rtentry$$00000009  c_w.l(__rtentry2.o)
    0x08000374   0x08000374   0x00000004   Code   RO          491    .ARM.Collect$$rtentry$$0000000A  c_w.l(__rtentry2.o)
    0x08000378   0x08000378   0x00000000   Code   RO          493    .ARM.Collect$$rtentry$$0000000C  c_w.l(__rtentry2.o)
    0x08000378   0x08000378   0x00000008   Code   RO          494    .ARM.Collect$$rtentry$$0000000D  c_w.l(__rtentry2.o)
    0x08000380   0x08000380   0x00000002   Code   RO          618    .ARM.Collect$$rtexit$$00000000  c_w.l(rtexit.o)
    0x08000382   0x08000382   0x00000000   Code   RO          629    .ARM.Collect$$rtexit$$00000002  c_w.l(rtexit2.o)
    0x08000382   0x08000382   0x00000004   Code   RO          630    .ARM.Collect$$rtexit$$00000003  c_w.l(rtexit2.o)
    0x08000386   0x08000386   0x00000006   Code   RO          631    .ARM.Collect$$rtexit$$00000004  c_w.l(rtexit2.o)
    0x0800038c   0x0800038c   0x00000040   Code   RO          298    .text               startup_stm32h745xx.o
    0x080003cc   0x080003cc   0x00000028   Code   RO          323    .text               c_w.l(noretval__2sprintf.o)
    0x080003f4   0x080003f4   0x00000068   Code   RO          325    .text               c_w.l(__printf.o)
    0x0800045c   0x0800045c   0x0000008a   Code   RO          349    .text               c_w.l(rt_memcpy_v6.o)
    0x080004e6   0x080004e6   0x00000064   Code   RO          351    .text               c_w.l(rt_memcpy_w.o)
    0x0800054a   0x0800054a   0x00000044   Code   RO          353    .text               c_w.l(rt_memclr.o)
    0x0800058e   0x0800058e   0x0000004e   Code   RO          355    .text               c_w.l(rt_memclr_w.o)
    0x080005dc   0x080005dc   0x00000006   Code   RO          357    .text               c_w.l(heapauxi.o)
    0x080005e2   0x080005e2   0x00000016   Code   RO          410    .text               c_w.l(_rserrno.o)
    0x080005f8   0x080005f8   0x0000041c   Code   RO          412    .text               c_w.l(_printf_fp_dec.o)
    0x08000a14   0x08000a14   0x00000030   Code   RO          416    .text               c_w.l(_printf_char_common.o)
    0x08000a44   0x08000a44   0x0000000a   Code   RO          418    .text               c_w.l(_sputc.o)
    0x08000a4e   0x08000a4e   0x00000002   PAD
    0x08000a50   0x08000a50   0x00000008   Code   RO          505    .text               c_w.l(rt_locale_intlibspace.o)
    0x08000a58   0x08000a58   0x00000008   Code   RO          510    .text               c_w.l(rt_errno_addr_intlibspace.o)
    0x08000a60   0x08000a60   0x0000008a   Code   RO          512    .text               c_w.l(lludiv10.o)
    0x08000aea   0x08000aea   0x00000002   PAD
    0x08000aec   0x08000aec   0x00000080   Code   RO          514    .text               c_w.l(_printf_fp_infnan.o)
    0x08000b6c   0x08000b6c   0x000000e4   Code   RO          518    .text               c_w.l(bigflt0.o)
    0x08000c50   0x08000c50   0x00000008   Code   RO          552    .text               c_w.l(libspace.o)
    0x08000c58   0x08000c58   0x0000004a   Code   RO          555    .text               c_w.l(sys_stackheap_outer.o)
    0x08000ca2   0x08000ca2   0x00000012   Code   RO          559    .text               c_w.l(exit.o)
    0x08000cb4   0x08000cb4   0x00000004   PAD
    0x08000cb8   0x08000cb8   0x0000007c   Code   RO          561    .text               c_w.l(strcmpv7m_pel.o)
    0x08000d34   0x08000d34   0x0000000c   Code   RO          641    .text               c_w.l(sys_exit.o)
    0x08000d40   0x08000d40   0x00000002   Code   RO          656    .text               c_w.l(use_no_semi.o)
    0x08000d42   0x08000d42   0x00000000   Code   RO          658    .text               c_w.l(indicate_semi.o)
    0x08000d42   0x08000d42   0x00000006   PAD
    0x08000d48   0x08000d48   0x00000038   Code   RO          226    .text.DMA1_Stream0_IRQHandler  mb_rtu_slave.o
    0x08000d80   0x08000d80   0x0000001a   Code   RO          228    .text.DMA1_Stream1_IRQHandler  mb_rtu_slave.o
    0x08000d9a   0x08000d9a   0x00000006   PAD
    0x08000da0   0x08000da0   0x0000001a   Code   RO          285    .text.DMA1_Stream3_IRQHandler  debug.o
    0x08000dba   0x08000dba   0x00000006   PAD
    0x08000dc0   0x08000dc0   0x000000ec   Code   RO          279    .text.Debug_Conf    debug.o
    0x08000eac   0x08000eac   0x00000004   PAD
    0x08000eb0   0x08000eb0   0x00000480   Code   RO          281    .text.Debug_PrepareFrame  debug.o
    0x08001330   0x08001330   0x00000032   Code   RO          211    .text.Gripper_SetResetValuesVariables  gripper.o
    0x08001362   0x08001362   0x00000006   PAD
    0x08001368   0x08001368   0x00000032   Code   RO          209    .text.Gripper_SetStartValuesVariables  gripper.o
    0x0800139a   0x0800139a   0x00000006   PAD
    0x080013a0   0x080013a0   0x00000034   Code   RO          259    .text.IO_Conf       inputsoutputs.o
    0x080013d4   0x080013d4   0x00000004   PAD
    0x080013d8   0x080013d8   0x0000003a   Code   RO          263    .text.IO_InputsAct  inputsoutputs.o
    0x08001412   0x08001412   0x00000006   PAD
    0x08001418   0x08001418   0x00000044   Code   RO          261    .text.IO_OutputsAct  inputsoutputs.o
    0x0800145c   0x0800145c   0x00000004   PAD
    0x08001460   0x08001460   0x00000012   Code   RO          269    .text.IO_ParkBrakeInRead  inputsoutputs.o
    0x08001472   0x08001472   0x00000006   PAD
    0x08001478   0x08001478   0x0000001a   Code   RO          267    .text.IO_ParkBrakeLock  inputsoutputs.o
    0x08001492   0x08001492   0x00000006   PAD
    0x08001498   0x08001498   0x00000018   Code   RO          265    .text.IO_ParkBrakeUnlock  inputsoutputs.o
    0x080014b0   0x080014b0   0x000000de   Code   RO          104    .text.Joints_CalcFrictionCompensate  joints.o
    0x0800158e   0x0800158e   0x00000002   PAD
    0x08001590   0x08001590   0x000000d4   Code   RO          108    .text.Joints_CalcInitRegsTorque  joints.o
    0x08001664   0x08001664   0x00000004   PAD
    0x08001668   0x08001668   0x00000198   Code   RO          106    .text.Joints_CalcPIDs  joints.o
    0x08001800   0x08001800   0x0000032a   Code   RO           88    .text.Joints_SetDefaultFriction  joints.o
    0x08001b2a   0x08001b2a   0x00000006   PAD
    0x08001b30   0x08001b30   0x00000108   Code   RO           92    .text.Joints_SetDefaultPidParam  joints.o
    0x08001c38   0x08001c38   0x00000090   Code   RO          102    .text.Joints_SetDefaultVariables  joints.o
    0x08001cc8   0x08001cc8   0x0000005a   Code   RO           90    .text.Joints_SetFrictionFromCan  joints.o
    0x08001d22   0x08001d22   0x00000006   PAD
    0x08001d28   0x08001d28   0x0000008a   Code   RO           96    .text.Joints_SetResetValuesVariables  joints.o
    0x08001db2   0x08001db2   0x00000006   PAD
    0x08001db8   0x08001db8   0x00000324   Code   RO           94    .text.Joints_SetStartValuesVariables  joints.o
    0x080020dc   0x080020dc   0x00000004   PAD
    0x080020e0   0x080020e0   0x0000006e   Code   RO           98    .text.Joints_StartIrValuesVariables  joints.o
    0x0800214e   0x0800214e   0x00000002   PAD
    0x08002150   0x08002150   0x00000040   Code   RO          100    .text.Joints_StopIrValuesVariables  joints.o
    0x08002190   0x08002190   0x00000858   Code   RO          222    .text.MBS_Act       mb_rtu_slave.o
    0x080029e8   0x080029e8   0x0000011e   Code   RO          220    .text.MBS_Conf      mb_rtu_slave.o
    0x08002b06   0x08002b06   0x00000002   PAD
    0x08002b08   0x08002b08   0x000000f4   Code   RO          305    .text.SystemInit    system_stm32h7xx_dualcore_boot_cm4_cm7.o
    0x08002bfc   0x08002bfc   0x00000004   PAD
    0x08002c00   0x08002c00   0x00000786   Code   RO          230    .text.TIM5_IRQHandler  mb_rtu_slave.o
    0x08003386   0x08003386   0x00000002   PAD
    0x08003388   0x08003388   0x00000042   Code   RO          224    .text.USART2_IRQHandler  mb_rtu_slave.o
    0x080033ca   0x080033ca   0x00000006   PAD
    0x080033d0   0x080033d0   0x00000060   Code   RO          283    .text.USART3_IRQHandler  debug.o
    0x08003430   0x08003430   0x0000000e   Code   RO           79    .text.main          main.o
    0x0800343e   0x0800343e   0x0000003e   Code   RO          521    CL$$btod_d2e        c_w.l(btod.o)
    0x0800347c   0x0800347c   0x00000046   Code   RO          523    CL$$btod_d2e_denorm_low  c_w.l(btod.o)
    0x080034c2   0x080034c2   0x00000060   Code   RO          522    CL$$btod_d2e_norm_op1  c_w.l(btod.o)
    0x08003522   0x08003522   0x00000002   PAD
    0x08003524   0x08003524   0x00000338   Code   RO          531    CL$$btod_div_common  c_w.l(btod.o)
    0x0800385c   0x0800385c   0x000000dc   Code   RO          528    CL$$btod_e2e        c_w.l(btod.o)
    0x08003938   0x08003938   0x0000002a   Code   RO          525    CL$$btod_ediv       c_w.l(btod.o)
    0x08003962   0x08003962   0x0000002a   Code   RO          524    CL$$btod_emul       c_w.l(btod.o)
    0x0800398c   0x0800398c   0x00000244   Code   RO          530    CL$$btod_mult_common  c_w.l(btod.o)
    0x08003bd0   0x08003bd0   0x0000000a   Ven    RO          717    Veneer$$Code        anon$$obj.o
    0x08003bda   0x08003bda   0x0000000a   Ven    RO          718    Veneer$$Code        anon$$obj.o
    0x08003be4   0x08003be4   0x0000000a   Ven    RO          719    Veneer$$Code        anon$$obj.o
    0x08003bee   0x08003bee   0x0000000a   Ven    RO          720    Veneer$$Code        anon$$obj.o
    0x08003bf8   0x08003bf8   0x0000000a   Ven    RO          721    Veneer$$Code        anon$$obj.o
    0x08003c02   0x08003c02   0x0000000a   Ven    RO          722    Veneer$$Code        anon$$obj.o
    0x08003c0c   0x08003c0c   0x0000000a   Ven    RO          723    Veneer$$Code        anon$$obj.o
    0x08003c16   0x08003c16   0x0000000a   Ven    RO          724    Veneer$$Code        anon$$obj.o
    0x08003c20   0x08003c20   0x0000000a   Ven    RO          725    Veneer$$Code        anon$$obj.o
    0x08003c2a   0x08003c2a   0x00000030   Code   RO          461    i.__ARM_fpclassify  m_wv.l(fpclassify.o)
    0x08003c5a   0x08003c5a   0x00000006   PAD
    0x08003c60   0x08003c60   0x00000200   Code   RO          363    i.__hardfp_acos     m_wv.l(acos.o)
    0x08003e60   0x08003e60   0x000001d4   Code   RO          424    i.__hardfp_atan     m_wv.l(atan.o)
    0x08004034   0x08004034   0x00000004   PAD
    0x08004038   0x08004038   0x000001c8   Code   RO          370    i.__hardfp_atan2    m_wv.l(atan2.o)
    0x08004200   0x08004200   0x000000b0   Code   RO          376    i.__hardfp_cos      m_wv.l(cos.o)
    0x080042b0   0x080042b0   0x00000080   Code   RO          401    i.__hardfp_cpow     m_wv.l(cpow.o)
    0x08004330   0x08004330   0x000002c0   Code   RO          405    i.__hardfp_csqrt    m_wv.l(csqrt.o)
    0x080045f0   0x080045f0   0x00000258   Code   RO          448    i.__hardfp_exp      m_wv.l(exp.o)
    0x08004848   0x08004848   0x00000294   Code   RO          463    i.__hardfp_hypot    m_wv.l(hypot.o)
    0x08004adc   0x08004adc   0x00000004   PAD
    0x08004ae0   0x08004ae0   0x00000224   Code   RO          469    i.__hardfp_log      m_wv.l(log.o)
    0x08004d04   0x08004d04   0x00000004   PAD
    0x08004d08   0x08004d08   0x000008c4   Code   RO          382    i.__hardfp_pow      m_wv.l(pow.o)
    0x080055cc   0x080055cc   0x00000004   PAD
    0x080055d0   0x080055d0   0x000000b0   Code   RO          389    i.__hardfp_sin      m_wv.l(sin.o)
    0x08005680   0x08005680   0x00000066   Code   RO          395    i.__hardfp_sqrt     m_wv.l(sqrt.o)
    0x080056e6   0x080056e6   0x00000002   PAD
    0x080056e8   0x080056e8   0x00000308   Code   RO          479    i.__ieee754_rem_pio2  m_wv.l(rred.o)
    0x080059f0   0x080059f0   0x000000c4   Code   RO          431    i.__kernel_cos      m_wv.l(cos_i.o)
    0x08005ab4   0x08005ab4   0x00000070   Code   RO          476    i.__kernel_poly     m_wv.l(poly.o)
    0x08005b24   0x08005b24   0x00000004   PAD
    0x08005b28   0x08005b28   0x000000a0   Code   RO          484    i.__kernel_sin      m_wv.l(sin_i.o)
    0x08005bc8   0x08005bc8   0x00000018   Code   RO          434    i.__mathlib_dbl_divzero  m_wv.l(dunder.o)
    0x08005be0   0x08005be0   0x00000006   Code   RO          435    i.__mathlib_dbl_infnan  m_wv.l(dunder.o)
    0x08005be6   0x08005be6   0x00000006   Code   RO          436    i.__mathlib_dbl_infnan2  m_wv.l(dunder.o)
    0x08005bec   0x08005bec   0x00000004   PAD
    0x08005bf0   0x08005bf0   0x00000018   Code   RO          437    i.__mathlib_dbl_invalid  m_wv.l(dunder.o)
    0x08005c08   0x08005c08   0x00000018   Code   RO          438    i.__mathlib_dbl_overflow  m_wv.l(dunder.o)
    0x08005c20   0x08005c20   0x00000018   Code   RO          440    i.__mathlib_dbl_underflow  m_wv.l(dunder.o)
    0x08005c38   0x08005c38   0x00000010   Code   RO          426    i.atan              m_wv.l(atan.o)
    0x08005c48   0x08005c48   0x00000014   Code   RO          372    i.atan2             m_wv.l(atan2.o)
    0x08005c5c   0x08005c5c   0x00000010   Code   RO          378    i.cos               m_wv.l(cos.o)
    0x08005c6c   0x08005c6c   0x00000010   Code   RO          450    i.exp               m_wv.l(exp.o)
    0x08005c7c   0x08005c7c   0x00000018   Code   RO          457    i.fabs              m_wv.l(fabs.o)
    0x08005c94   0x08005c94   0x00000014   Code   RO          465    i.hypot             m_wv.l(hypot.o)
    0x08005ca8   0x08005ca8   0x00000010   Code   RO          471    i.log               m_wv.l(log.o)
    0x08005cb8   0x08005cb8   0x00000010   Code   RO          391    i.sin               m_wv.l(sin.o)
    0x08005cc8   0x08005cc8   0x0000006a   Code   RO          397    i.sqrt              m_wv.l(sqrt.o)
    0x08005d32   0x08005d32   0x00000002   PAD
    0x08005d34   0x08005d34   0x0000002c   Code   RO          546    locale$$code        c_w.l(lc_numeric_c.o)
    0x08005d60   0x08005d60   0x00000010   Code   RO          548    x$fpl$dcheck1       fz_wv.l(dcheck1.o)
    0x08005d70   0x08005d70   0x0000001a   Code   RO          624    x$fpl$fpinit        fz_wv.l(fpinit.o)
    0x08005d8a   0x08005d8a   0x00000004   Code   RO          361    x$fpl$printf1       fz_wv.l(printf1.o)
    0x08005d8e   0x08005d8e   0x00000064   Code   RO          616    x$fpl$retnan        fz_wv.l(retnan.o)
    0x08005df2   0x08005df2   0x0000005c   Code   RO          421    x$fpl$scalbn        fz_wv.l(scalbn.o)
    0x08005e4e   0x08005e4e   0x00000030   Code   RO          626    x$fpl$trapveneer    fz_wv.l(trapv.o)
    0x08005e7e   0x08005e7e   0x00000000   Code   RO          423    x$fpl$usenofp       fz_wv.l(usenofp.o)
    0x08005e7e   0x08005e7e   0x00000002   PAD
    0x08005e80   0x08005e80   0x00000050   Data   RO          366    .constdata          m_wv.l(acos.o)
    0x08005ed0   0x08005ed0   0x00000088   Data   RO          385    .constdata          m_wv.l(pow.o)
    0x08005f58   0x08005f58   0x00000098   Data   RO          427    .constdata          m_wv.l(atan.o)
    0x08005ff0   0x08005ff0   0x00000030   Data   RO          432    .constdata          m_wv.l(cos_i.o)
    0x08006020   0x08006020   0x00000058   Data   RO          451    .constdata          m_wv.l(exp.o)
    0x08006078   0x08006078   0x00000038   Data   RO          472    .constdata          m_wv.l(log.o)
    0x080060b0   0x080060b0   0x00000008   Data   RO          478    .constdata          m_wv.l(qnan.o)
    0x080060b8   0x080060b8   0x000000cc   Data   RO          481    .constdata          m_wv.l(rred.o)
    0x08006184   0x08006184   0x00000004   PAD
    0x08006188   0x08006188   0x00000028   Data   RO          485    .constdata          m_wv.l(sin_i.o)
    0x080061b0   0x080061b0   0x00000094   Data   RO          519    .constdata          c_w.l(bigflt0.o)
    0x08006244   0x08006244   0x00000060   Data   RO          708    Region$$Table       anon$$obj.o
    0x080062a4   0x080062a4   0x0000001c   Data   RO          545    locale$$data        c_w.l(lc_numeric_c.o)


    Execution Region RW_IRAM1 (Exec base: 0x20000000, Load base: 0x080062c0, Size: 0x000158b0, Max: 0x00020000, ABSOLUTE)

    Exec Addr    Load Addr    Size         Type   Attr      Idx    E Section Name        Object

    0x20000000   0x080062c0   0x00000008   Data   RW          248    .data.accmax        trajgen.o
    0x20000008   0x080062c8   0x00000004   Data   RW           67    .data.pC            control.o
    0x2000000c   0x080062cc   0x00000004   PAD
    0x20000010        -       0x00000060   Zero   RW          553    .bss                c_w.l(libspace.o)
    0x20000070        -       0x00003690   Zero   RW           66    .bss.Control        control.o
    0x20003700        -       0x000001b0   Zero   RW          180    .bss.MI             rnea.o
    0x200038b0        -       0x00000120   Zero   RW          178    .bss.MIvec          rnea.o
    0x200039d0        -       0x00000380   Zero   RW          171    .bss.Mx             rnea.o
    0x20003d50        -       0x00000380   Zero   RW          172    .bss.Mxc            rnea.o
    0x200040d0        -       0x00000380   Zero   RW          181    .bss.Mxtemp         rnea.o
    0x20004450        -       0x000001f8   Zero   RW          173    .bss.R              rnea.o
    0x20004648        -       0x000001f8   Zero   RW          174    .bss.Rc             rnea.o
    0x20004840        -       0x000001f8   Zero   RW          190    .bss.Rct            rnea.o
    0x20004a38        -       0x000001f8   Zero   RW          189    .bss.Rt             rnea.o
    0x20004c30        -       0x000001f8   Zero   RW          187    .bss.Rx             rnea.o
    0x20004e28        -       0x000001f8   Zero   RW          182    .bss.Rxc            rnea.o
    0x20005020        -       0x000001f8   Zero   RW          186    .bss.Rxct           rnea.o
    0x20005218        -       0x000001f8   Zero   RW          188    .bss.Rxt            rnea.o
    0x20005410        -       0x00000008   Zero   RW          193    .bss.a2             rnea.o
    0x20005418        -       0x00000008   Zero   RW          194    .bss.a3             rnea.o
    0x20005420        -       0x00000008   Zero   RW          192    .bss.d1             rnea.o
    0x20005428        -       0x00000008   Zero   RW          195    .bss.d4             rnea.o
    0x20005430        -       0x00000008   Zero   RW          196    .bss.d5             rnea.o
    0x20005438        -       0x00000008   Zero   RW          197    .bss.d6             rnea.o
    0x20005440        -       0x00000030   Zero   RW          199    .bss.dir            rnea.o
    0x20005470        -       0x000000a8   Zero   RW          191    .bss.g              rnea.o
    0x20005518        -       0x00000018   Zero   RW          175    .bss.g0             rnea.o
    0x20005530        -       0x00000030   Zero   RW          179    .bss.m              rnea.o
    0x20005560        -       0x00000150   Zero   RW          176    .bss.mxDim          rnea.o
    0x200056b0        -       0x00000120   Zero   RW          177    .bss.mxcDim         rnea.o
    0x200057d0        -       0x00000030   Zero   RW          198    .bss.offset         rnea.o
    0x20005800        -       0x00000090   Zero   RW          183    .bss.r              rnea.o
    0x20005890        -       0x00000090   Zero   RW          184    .bss.rc             rnea.o
    0x20005920        -       0x00000090   Zero   RW          185    .bss.rcinv          rnea.o
    0x200059b0        -       0x00000f00   Zero   RW          296    HEAP                startup_stm32h745xx.o
    0x200068b0        -       0x0000f000   Zero   RW          295    STACK               startup_stm32h745xx.o


    Execution Region RW_IRAM2 (Exec base: 0x24000000, Load base: 0x080062d0, Size: 0x00076958, Max: 0x00080000, ABSOLUTE, COMPRESSED[0x00000ef4])

    Exec Addr    Load Addr    Size         Type   Attr      Idx    E Section Name        Object

    0x24000000   COMPRESSED   0x00076958   Data   RW           68    .ARM.__at_0x24000000  control.o


    Execution Region RW_IRAM3 (Exec base: 0x30000000, Load base: 0x080071c4, Size: 0x00009cc0, Max: 0x00048000, ABSOLUTE, COMPRESSED[0x0000013c])

    Exec Addr    Load Addr    Size         Type   Attr      Idx    E Section Name        Object

    0x30000000   COMPRESSED   0x00009cc0   Data   RW           69    .ARM.__at_0x30000000  control.o


    Execution Region RW_IRAM5 (Exec base: 0x38000000, Load base: 0x0801295c, Size: 0x000013a0, Max: 0x00010000, ABSOLUTE, COMPRESSED[0x00000028])

    Exec Addr    Load Addr    Size         Type   Attr      Idx    E Section Name        Object

    0x38000000   COMPRESSED   0x000013a0   Data   RW           70    .ARM.__at_0x38000000  control.o


==============================================================================

Image component sizes


      Code (inc. data)   RO Data    RW Data    ZI Data      Debug   Object Name

      6482         24          0          0          0      20061   can.o
     12612        394          0     530876      13968      40876   control.o
      1510         16          0          0          0       9264   debug.o
       100          0          0          0          0       1142   gripper.o
       246          0          0          0          0       1952   inputsoutputs.o
      3266          8          0          0          0       5525   joints.o
        14          0          0          0          0        388   main.o
      4496         48          0          0          0      22999   mb_rtu_slave.o
     18622        272          0          0       8880      47738   rnea.o
        64         26        664          0      65280        936   startup_stm32h745xx.o
       244          0          0          0          0       6466   system_stm32h7xx_dualcore_boot_cm4_cm7.o
      8520        104          3          8          0      22619   trajgen.o

    ----------------------------------------------------------------------
     56808        892        764     530884      88132     179966   Object Totals
       440          0         96          0          0          0   (incl. Generated)
       192          0          1          0          4          0   (incl. Padding)

    ----------------------------------------------------------------------

      Code (inc. data)   RO Data    RW Data    ZI Data      Debug   Library Member Name

        58          0          0          0          0          0   __dczerorl.o
         8          0          0          0          0         68   __main.o
       104          0          0          0          0         84   __printf.o
         0          0          0          0          0          0   __rtentry.o
        12          0          0          0          0          0   __rtentry2.o
         6          0          0          0          0          0   __rtentry4.o
        52          8          0          0          0          0   __scatter.o
        26          0          0          0          0          0   __scatter_copy.o
        28          0          0          0          0          0   __scatter_zi.o
        48          6          0          0          0         96   _printf_char_common.o
         6          0          0          0          0          0   _printf_f.o
      1052          0          0          0          0        148   _printf_fp_dec.o
       128         16          0          0          0         84   _printf_fp_infnan.o
         0          0          0          0          0          0   _printf_percent.o
         4          0          0          0          0          0   _printf_percent_end.o
        22          0          0          0          0        100   _rserrno.o
        10          0          0          0          0         68   _sputc.o
       228          4        148          0          0         96   bigflt0.o
      1936        128          0          0          0        668   btod.o
        18          0          0          0          0         80   exit.o
         6          0          0          0          0        152   heapauxi.o
         0          0          0          0          0          0   indicate_semi.o
        44         10         28          0          0         76   lc_numeric_c.o
         2          0          0          0          0          0   libinit.o
        22          0          0          0          0          0   libinit2.o
         2          0          0          0          0          0   libshutdown.o
         2          0          0          0          0          0   libshutdown2.o
         8          4          0          0         96         68   libspace.o
       138          0          0          0          0         80   lludiv10.o
        40          6          0          0          0         84   noretval__2sprintf.o
         8          4          0          0          0         68   rt_errno_addr_intlibspace.o
         8          4          0          0          0         68   rt_locale_intlibspace.o
        68          0          0          0          0         68   rt_memclr.o
        78          0          0          0          0         80   rt_memclr_w.o
       138          0          0          0          0         68   rt_memcpy_v6.o
       100          0          0          0          0         80   rt_memcpy_w.o
         2          0          0          0          0          0   rtexit.o
        10          0          0          0          0          0   rtexit2.o
       124          0          0          0          0         88   strcmpv7m_pel.o
        12          4          0          0          0         68   sys_exit.o
        74          0          0          0          0         80   sys_stackheap_outer.o
         2          0          0          0          0         68   use_no_semi.o
        16          4          0          0          0        116   dcheck1.o
        26          0          0          0          0        116   fpinit.o
         4          0          0          0          0        116   printf1.o
       100          0          0          0          0        116   retnan.o
        92          0          0          0          0        116   scalbn.o
        48          0          0          0          0        116   trapv.o
         0          0          0          0          0          0   usenofp.o
       512         90         80          0          0        256   acos.o
       484         66        152          0          0        348   atan.o
       476         64          0          0          0        304   atan2.o
       192         18          0          0          0        280   cos.o
       196         14         48          0          0        176   cos_i.o
       128          0          0          0          0        164   cpow.o
       704         22          0          0          0        176   csqrt.o
       108         52          0          0          0        696   dunder.o
       616        114         88          0          0        384   exp.o
        24          0          0          0          0        124   fabs.o
        48          0          0          0          0        124   fpclassify.o
       680         30          0          0          0        304   hypot.o
       564         68         56          0          0        436   log.o
       112          0          0          0          0        116   poly.o
      2244        252        136          0          0        320   pow.o
         0          0          8          0          0          0   qnan.o
       776        130        204          0          0        172   rred.o
       192         18          0          0          0        284   sin.o
       160         16         40          0          0        196   sin_i.o
       208          0          0          0          0        280   sqrt.o

    ----------------------------------------------------------------------
     13400       1168        992          0         96       8524   Library Totals
        56         16          4          0          0          0   (incl. Padding)

    ----------------------------------------------------------------------

      Code (inc. data)   RO Data    RW Data    ZI Data      Debug   Library Name

      4634        194        176          0         96       2688   c_w.l
       286          4          0          0          0        696   fz_wv.l
      8424        954        812          0          0       5140   m_wv.l

    ----------------------------------------------------------------------
     13400       1168        992          0         96       8524   Library Totals

    ----------------------------------------------------------------------

==============================================================================


      Code (inc. data)   RO Data    RW Data    ZI Data      Debug   

     70208       2060       1756     530884      88228     183302   Grand Totals
     70208       2060       1756       4196      88228     183302   ELF Image Totals (compressed)
     70208       2060       1756       4196          0          0   ROM Totals

==============================================================================

    Total RO  Size (Code + RO Data)                71964 (  70.28kB)
    Total RW  Size (RW Data + ZI Data)            619112 ( 604.60kB)
    Total ROM Size (Code + RO Data + RW Data)      76160 (  74.38kB)

==============================================================================

